23:15:44 **** Build of configuration Debug for project app_sdmmc_meas ****
make -r -j7 all 
Building target: app_sdmmc_meas.axf
Invoking: MCU Linker
arm-none-eabi-gcc -nostdlib -L"/Users/danielfaronbi/Google Drive/UNO/Fall 2019 Semmester/Embedded Microcontrollers/LPC Workspace/lpc_chip_40xx/Debug" -L"/Users/danielfaronbi/Google Drive/UNO/Fall 2019 Semmester/Embedded Microcontrollers/LPC Workspace/lpc_board_ea_devkit_4088/Debug" -Xlinker -Map="app_sdmmc_meas.map" -Xlinker --gc-sections -mcpu=cortex-m4 -mfpu=fpv4-sp-d16 -mfloat-abi=softfp -mthumb -T "app_sdmmc_meas_Debug.ld" -o "app_sdmmc_meas.axf"  ./example/src/app_sdmmc_meas.o ./example/src/cr_startup_lpc40xx.o ./example/src/sysinit.o   -llpc_board_ea_devkit_4088 -llpc_chip_40xx
Finished building target: app_sdmmc_meas.axf
 
make --no-print-directory post-build
Performing post-build steps
arm-none-eabi-size "app_sdmmc_meas.axf"; # arm-none-eabi-objcopy -v -O binary "app_sdmmc_meas.axf" "app_sdmmc_meas.bin" ; # checksum -p LPC4088 -d "app_sdmmc_meas.bin";
   text	   data	    bss	    dec	    hex	filename
  26416	    140	   1376	  27932	   6d1c	app_sdmmc_meas.axf
 

23:15:44 Build Finished. 0 errors, 0 warnings. (took 142ms)

