23:15:44 **** Build of configuration Debug for project freertos_blinky ****
make -r -j7 all 
Building target: freertos_blinky.axf
Invoking: MCU Linker
arm-none-eabi-gcc -nostdlib -L"/Users/danielfaronbi/Google Drive/UNO/Fall 2019 Semmester/Embedded Microcontrollers/LPC Workspace/lpc_chip_40xx/Debug" -L"/Users/danielfaronbi/Google Drive/UNO/Fall 2019 Semmester/Embedded Microcontrollers/LPC Workspace/lpc_board_ea_devkit_4088/Debug" -Xlinker -Map="freertos_blinky.map" -Xlinker --gc-sections -mcpu=cortex-m4 -mfpu=fpv4-sp-d16 -mfloat-abi=softfp -mthumb -T "freertos_blinky_Debug.ld" -o "freertos_blinky.axf"  ./freertos/src/FreeRTOSCommonHooks.o ./freertos/src/heap_3.o ./freertos/src/list.o ./freertos/src/port.o ./freertos/src/queue.o ./freertos/src/tasks.o  ./example/src/cr_startup_lpc40xx.o ./example/src/freertos_blinky.o ./example/src/sysinit.o   -llpc_board_ea_devkit_4088 -llpc_chip_40xx
Finished building target: freertos_blinky.axf
 
make --no-print-directory post-build
Performing post-build steps
arm-none-eabi-size "freertos_blinky.axf"; # arm-none-eabi-objcopy -v -O binary "freertos_blinky.axf" "freertos_blinky.bin" ; # checksum -p LPC4088 -d "freertos_blinky.bin";
   text	   data	    bss	    dec	    hex	filename
  19884	      8	    820	  20712	   50e8	freertos_blinky.axf
 

23:15:44 Build Finished. 0 errors, 0 warnings. (took 233ms)

