23:15:46 **** Build of configuration Debug for project lpcusblib_MassStorageHost ****
make -r -j7 all 
Building target: lpcusblib_MassStorageHost.axf
Invoking: MCU Linker
arm-none-eabi-gcc -nostdlib -L"/Users/danielfaronbi/Google Drive/UNO/Fall 2019 Semmester/Embedded Microcontrollers/LPC Workspace/lpc_chip_40xx/Debug" -L"/Users/danielfaronbi/Google Drive/UNO/Fall 2019 Semmester/Embedded Microcontrollers/LPC Workspace/lpc_board_ea_devkit_4088/Debug" -Xlinker -Map="lpcusblib_MassStorageHost.map" -Xlinker --gc-sections -mcpu=cortex-m4 -mfpu=fpv4-sp-d16 -mfloat-abi=softfp -mthumb -T "lpcusblib_MassStorageHost_Debug.ld" -o "lpcusblib_MassStorageHost.axf"  ./lpcusblib/Drivers/USB/Core/HCD/OHCI/OHCI.o  ./lpcusblib/Drivers/USB/Core/HCD/HCD.o  ./lpcusblib/Drivers/USB/Core/HAL/LPC17XX/HAL_LPC17xx.o  ./lpcusblib/Drivers/USB/Core/ConfigDescriptor.o ./lpcusblib/Drivers/USB/Core/Host.o ./lpcusblib/Drivers/USB/Core/HostStandardReq.o ./lpcusblib/Drivers/USB/Core/Pipe.o ./lpcusblib/Drivers/USB/Core/PipeStream.o ./lpcusblib/Drivers/USB/Core/USBController.o ./lpcusblib/Drivers/USB/Core/USBMemory.o ./lpcusblib/Drivers/USB/Core/USBTask.o  ./lpcusblib/Drivers/USB/Class/Host/MassStorageClassHost.o  ./lpcusblib/Drivers/USB/Class/Common/HIDParser.o  ./fatfs/src/ff.o ./fatfs/src/fs_usb.o ./fatfs/src/rtc.o  ./example/src/MassStorageHost.o ./example/src/cr_startup_lpc40xx.o ./example/src/sysinit.o   -llpc_board_ea_devkit_4088 -llpc_chip_40xx
Finished building target: lpcusblib_MassStorageHost.axf
 
make --no-print-directory post-build
Performing post-build steps
arm-none-eabi-size "lpcusblib_MassStorageHost.axf"; # arm-none-eabi-objcopy -v -O binary "lpcusblib_MassStorageHost.axf" "lpcusblib_MassStorageHost.bin" ; # checksum -p LPC4088 -d "lpcusblib_MassStorageHost.bin";
   text	   data	    bss	    dec	    hex	filename
  44040	     24	  15364	  59428	   e824	lpcusblib_MassStorageHost.axf
 

23:15:46 Build Finished. 0 errors, 0 warnings. (took 248ms)

