23:15:45 **** Build of configuration Debug for project SPI-Lab ****
make -r -j7 all 
Building target: SPI-Lab.axf
Invoking: MCU Linker
arm-none-eabi-gcc -nostdlib -L"/Users/danielfaronbi/Google Drive/UNO/Fall 2019 Semmester/Embedded Microcontrollers/LPC Workspace/lpc_chip_40xx/Debug" -Xlinker -Map="SPI-Lab.map" -Xlinker --gc-sections -Xlinker -print-memory-usage -mcpu=cortex-m4 -mfpu=fpv4-sp-d16 -mfloat-abi=softfp -mthumb -T "SPI-Lab_Debug.ld" -o "SPI-Lab.axf"  ./src/SPI-Lab.o ./src/adc.o ./src/cr_startup_lpc407x_8x.o ./src/crp.o ./src/gpio.o ./src/lcd.o ./src/ssp.o ./src/sysTick.o ./src/sysinit.o   -llpc_chip_40xx
Memory region         Used Size  Region Size  %age Used
       MFlash512:        8324 B       512 KB      1.59%
        RamLoc64:          48 B        64 KB      0.07%
     RamPeriph32:          0 GB        32 KB      0.00%
Finished building target: SPI-Lab.axf
 
make --no-print-directory post-build
Performing post-build steps
arm-none-eabi-size "SPI-Lab.axf"; # arm-none-eabi-objcopy -v -O binary "SPI-Lab.axf" "SPI-Lab.bin" ; # checksum -p LPC4088 -d "SPI-Lab.bin";
   text	   data	    bss	    dec	    hex	filename
   8324	      0	     48	   8372	   20b4	SPI-Lab.axf
 

23:15:45 Build Finished. 0 errors, 0 warnings. (took 189ms)

