23:15:45 **** Build of configuration Debug for project Test ****
make -r -j7 all 
Building target: Test.axf
Invoking: MCU Linker
arm-none-eabi-gcc -nostdlib -L"/Users/danielfaronbi/Google Drive/UNO/Fall 2019 Semmester/Embedded Microcontrollers/LPC Workspace/lpc_chip_40xx/Debug" -Xlinker -Map="Test.map" -Xlinker --gc-sections -Xlinker -print-memory-usage -mcpu=cortex-m4 -mfpu=fpv4-sp-d16 -mfloat-abi=softfp -mthumb -T "Test_Debug.ld" -o "Test.axf"  ./src/Test.o ./src/cr_startup_lpc407x_8x.o ./src/crp.o ./src/sysinit.o   -llpc_chip_40xx
Memory region         Used Size  Region Size  %age Used
       MFlash512:        2652 B       512 KB      0.51%
        RamLoc64:           8 B        64 KB      0.01%
     RamPeriph32:          0 GB        32 KB      0.00%
Finished building target: Test.axf
 
make --no-print-directory post-build
Performing post-build steps
arm-none-eabi-size "Test.axf"; # arm-none-eabi-objcopy -v -O binary "Test.axf" "Test.bin" ; # checksum -p LPC4088 -d "Test.bin";
   text	   data	    bss	    dec	    hex	filename
   2652	      0	      8	   2660	    a64	Test.axf
 

23:15:45 Build Finished. 0 errors, 0 warnings. (took 134ms)

