Archive member included to satisfy reference by file (symbol)

/Users/danielfaronbi/Google Drive/UNO/Fall 2019 Semmester/Embedded Microcontrollers/LPC Workspace/lpc_board_ea_devkit_4088/Debug/liblpc_board_ea_devkit_4088.a(board.o)
                              ./example/src/app_sdmmc_meas.o (Board_UARTGetChar)
/Users/danielfaronbi/Google Drive/UNO/Fall 2019 Semmester/Embedded Microcontrollers/LPC Workspace/lpc_board_ea_devkit_4088/Debug/liblpc_board_ea_devkit_4088.a(board_sysinit.o)
                              ./example/src/sysinit.o (Board_SystemInit)
/Users/danielfaronbi/Google Drive/UNO/Fall 2019 Semmester/Embedded Microcontrollers/LPC Workspace/lpc_board_ea_devkit_4088/Debug/liblpc_board_ea_devkit_4088.a(uda1380.o)
                              /Users/danielfaronbi/Google Drive/UNO/Fall 2019 Semmester/Embedded Microcontrollers/LPC Workspace/lpc_board_ea_devkit_4088/Debug/liblpc_board_ea_devkit_4088.a(board.o) (UDA1380_Init)
/Users/danielfaronbi/Google Drive/UNO/Fall 2019 Semmester/Embedded Microcontrollers/LPC Workspace/lpc_chip_40xx/Debug/liblpc_chip_40xx.a(chip_17xx_40xx.o)
                              ./example/src/app_sdmmc_meas.o (SystemCoreClock)
/Users/danielfaronbi/Google Drive/UNO/Fall 2019 Semmester/Embedded Microcontrollers/LPC Workspace/lpc_chip_40xx/Debug/liblpc_chip_40xx.a(clock_17xx_40xx.o)
                              /Users/danielfaronbi/Google Drive/UNO/Fall 2019 Semmester/Embedded Microcontrollers/LPC Workspace/lpc_chip_40xx/Debug/liblpc_chip_40xx.a(chip_17xx_40xx.o) (Chip_Clock_SetupPLL)
/Users/danielfaronbi/Google Drive/UNO/Fall 2019 Semmester/Embedded Microcontrollers/LPC Workspace/lpc_chip_40xx/Debug/liblpc_chip_40xx.a(emc_17xx_40xx.o)
                              /Users/danielfaronbi/Google Drive/UNO/Fall 2019 Semmester/Embedded Microcontrollers/LPC Workspace/lpc_board_ea_devkit_4088/Debug/liblpc_board_ea_devkit_4088.a(board_sysinit.o) (Chip_EMC_Dynamic_Init)
/Users/danielfaronbi/Google Drive/UNO/Fall 2019 Semmester/Embedded Microcontrollers/LPC Workspace/lpc_chip_40xx/Debug/liblpc_chip_40xx.a(fpu_init.o)
                              ./example/src/sysinit.o (fpuInit)
/Users/danielfaronbi/Google Drive/UNO/Fall 2019 Semmester/Embedded Microcontrollers/LPC Workspace/lpc_chip_40xx/Debug/liblpc_chip_40xx.a(gpdma_17xx_40xx.o)
                              ./example/src/app_sdmmc_meas.o (Chip_GPDMA_Interrupt)
/Users/danielfaronbi/Google Drive/UNO/Fall 2019 Semmester/Embedded Microcontrollers/LPC Workspace/lpc_chip_40xx/Debug/liblpc_chip_40xx.a(i2c_17xx_40xx.o)
                              /Users/danielfaronbi/Google Drive/UNO/Fall 2019 Semmester/Embedded Microcontrollers/LPC Workspace/lpc_board_ea_devkit_4088/Debug/liblpc_board_ea_devkit_4088.a(uda1380.o) (Chip_I2C_EventHandlerPolling)
/Users/danielfaronbi/Google Drive/UNO/Fall 2019 Semmester/Embedded Microcontrollers/LPC Workspace/lpc_chip_40xx/Debug/liblpc_chip_40xx.a(i2s_17xx_40xx.o)
                              /Users/danielfaronbi/Google Drive/UNO/Fall 2019 Semmester/Embedded Microcontrollers/LPC Workspace/lpc_board_ea_devkit_4088/Debug/liblpc_board_ea_devkit_4088.a(board.o) (Chip_I2S_Init)
/Users/danielfaronbi/Google Drive/UNO/Fall 2019 Semmester/Embedded Microcontrollers/LPC Workspace/lpc_chip_40xx/Debug/liblpc_chip_40xx.a(iocon_17xx_40xx.o)
                              /Users/danielfaronbi/Google Drive/UNO/Fall 2019 Semmester/Embedded Microcontrollers/LPC Workspace/lpc_board_ea_devkit_4088/Debug/liblpc_board_ea_devkit_4088.a(board_sysinit.o) (Chip_IOCON_SetPinMuxing)
/Users/danielfaronbi/Google Drive/UNO/Fall 2019 Semmester/Embedded Microcontrollers/LPC Workspace/lpc_chip_40xx/Debug/liblpc_chip_40xx.a(sdc_17xx_40xx.o)
                              ./example/src/app_sdmmc_meas.o (Chip_SDC_Init)
/Users/danielfaronbi/Google Drive/UNO/Fall 2019 Semmester/Embedded Microcontrollers/LPC Workspace/lpc_chip_40xx/Debug/liblpc_chip_40xx.a(sdmmc_17xx_40xx.o)
                              ./example/src/app_sdmmc_meas.o (Chip_SDMMC_IRQHandler)
/Users/danielfaronbi/Google Drive/UNO/Fall 2019 Semmester/Embedded Microcontrollers/LPC Workspace/lpc_chip_40xx/Debug/liblpc_chip_40xx.a(ssp_17xx_40xx.o)
                              /Users/danielfaronbi/Google Drive/UNO/Fall 2019 Semmester/Embedded Microcontrollers/LPC Workspace/lpc_board_ea_devkit_4088/Debug/liblpc_board_ea_devkit_4088.a(board.o) (Chip_SSP_WriteFrames_Blocking)
/Users/danielfaronbi/Google Drive/UNO/Fall 2019 Semmester/Embedded Microcontrollers/LPC Workspace/lpc_chip_40xx/Debug/liblpc_chip_40xx.a(sysctl_17xx_40xx.o)
                              /Users/danielfaronbi/Google Drive/UNO/Fall 2019 Semmester/Embedded Microcontrollers/LPC Workspace/lpc_board_ea_devkit_4088/Debug/liblpc_board_ea_devkit_4088.a(board_sysinit.o) (Chip_SYSCTL_PeriphReset)
/Users/danielfaronbi/Google Drive/UNO/Fall 2019 Semmester/Embedded Microcontrollers/LPC Workspace/lpc_chip_40xx/Debug/liblpc_chip_40xx.a(sysinit_17xx_40xx.o)
[...]
Memory Configuration

Name             Origin             Length             Attributes
MFlash512        0x0000000000000000 0x0000000000080000 xr
RamLoc64         0x0000000010000000 0x0000000000010000 xrw
RamPeriph32      0x0000000020000000 0x0000000000008000 xrw
*default*        0x0000000000000000 0xffffffffffffffff

Linker script and memory map

LOAD ./example/src/app_sdmmc_meas.o
LOAD ./example/src/cr_startup_lpc40xx.o
LOAD ./example/src/sysinit.o
LOAD /Users/danielfaronbi/Google Drive/UNO/Fall 2019 Semmester/Embedded Microcontrollers/LPC Workspace/lpc_board_ea_devkit_4088/Debug/liblpc_board_ea_devkit_4088.a
LOAD /Users/danielfaronbi/Google Drive/UNO/Fall 2019 Semmester/Embedded Microcontrollers/LPC Workspace/lpc_chip_40xx/Debug/liblpc_chip_40xx.a
START GROUP
LOAD /Applications/MCUXpressoIDE_11.1.0_3209/ide/plugins/com.nxp.mcuxpresso.tools.macosx_11.1.0.201909161352/tools/bin/../lib/gcc/arm-none-eabi/8.3.1/../../../../arm-none-eabi/lib/thumb/v7e-m+fp/softfp/libcr_nohost.a
LOAD /Applications/MCUXpressoIDE_11.1.0_3209/ide/plugins/com.nxp.mcuxpresso.tools.macosx_11.1.0.201909161352/tools/bin/../lib/gcc/arm-none-eabi/8.3.1/../../../../arm-none-eabi/lib/thumb/v7e-m+fp/softfp/libcr_c.a
LOAD /Applications/MCUXpressoIDE_11.1.0_3209/ide/plugins/com.nxp.mcuxpresso.tools.macosx_11.1.0.201909161352/tools/bin/../lib/gcc/arm-none-eabi/8.3.1/thumb/v7e-m+fp/softfp/libcr_eabihelpers.a
LOAD /Applications/MCUXpressoIDE_11.1.0_3209/ide/plugins/com.nxp.mcuxpresso.tools.macosx_11.1.0.201909161352/tools/bin/../lib/gcc/arm-none-eabi/8.3.1/thumb/v7e-m+fp/softfp/libgcc.a
END GROUP
                0x0000000000000000                __base_MFlash512 = 0x0
                0x0000000000000000                __base_Flash = 0x0
                0x0000000000080000                __top_MFlash512 = 0x80000
                0x0000000000080000                __top_Flash = 0x80000
                0x0000000010000000                __base_RamLoc64 = 0x10000000
                0x0000000010000000                __base_RAM = 0x10000000
                0x0000000010010000                __top_RamLoc64 = 0x10010000
                0x0000000010010000                __top_RAM = 0x10010000
                0x0000000020000000                __base_RamPeriph32 = 0x20000000
                0x0000000020000000                __base_RAM2 = 0x20000000
                0x0000000020008000                __top_RamPeriph32 = 0x20008000
                0x0000000020008000                __top_RAM2 = 0x20008000

.text           0x0000000000000000     0x6730
 FILL mask 0xff
                0x0000000000000000                __vectors_start__ = ABSOLUTE (.)
 *(.isr_vector)
 .isr_vector    0x0000000000000000       0xe4 ./example/src/cr_startup_lpc40xx.o
                0x0000000000000000                g_pfnVectors
                0x00000000000000e4                . = ALIGN (0x4)
                0x00000000000000e4                __section_table_start = .
                0x00000000000000e4                __data_section_table = .
                0x00000000000000e4        0x4 LONG 0x6730 LOADADDR (.data)
                0x00000000000000e8        0x4 LONG 0x10000000 ADDR (.data)
                0x00000000000000ec        0x4 LONG 0x8c SIZEOF (.data)
                0x00000000000000f0        0x4 LONG 0x6730 LOADADDR (.data_RAM2)
                0x00000000000000f4        0x4 LONG 0x20000000 ADDR (.data_RAM2)
                0x00000000000000f8        0x4 LONG 0x0 SIZEOF (.data_RAM2)
                0x00000000000000fc                __data_section_table_end = .
                0x00000000000000fc                __bss_section_table = .
                0x00000000000000fc        0x4 LONG 0x1000008c ADDR (.bss)
                0x0000000000000100        0x4 LONG 0x560 SIZEOF (.bss)
                0x0000000000000104        0x4 LONG 0x20000000 ADDR (.bss_RAM2)
                0x0000000000000108        0x4 LONG 0x0 SIZEOF (.bss_RAM2)
                0x000000000000010c                __bss_section_table_end = .
                0x000000000000010c                __section_table_end = .
 *(.after_vectors*)
 .after_vectors
                0x000000000000010c      0x168 ./example/src/cr_startup_lpc40xx.o
                0x000000000000010c                data_init
                0x0000000000000150                bss_init
                0x0000000000000188                ResetISR
                0x0000000000000220                NMI_Handler
                0x0000000000000228                HardFault_Handler
                0x0000000000000230                MemManage_Handler
                0x0000000000000238                BusFault_Handler
                0x0000000000000240                UsageFault_Handler
                0x0000000000000248                SVC_Handler
                0x0000000000000250                DebugMon_Handler
                0x0000000000000258                PendSV_Handler
                0x0000000000000268                TIMER3_IRQHandler
                0x0000000000000268                UART0_IRQHandler
                0x0000000000000268                IntDefaultHandler
                0x0000000000000268                PLL0_IRQHandler
                0x0000000000000268                CAN_IRQHandler
                0x0000000000000268                PLL1_IRQHandler
                0x0000000000000268                SSP0_IRQHandler
                0x0000000000000268                I2S_IRQHandler
                0x0000000000000268                I2C2_IRQHandler
                0x0000000000000268                RTC_IRQHandler
                0x0000000000000268                TIMER0_IRQHandler
                0x0000000000000268                SPI_IRQHandler
                0x0000000000000268                LCD_IRQHandler
                0x0000000000000268                EINT1_IRQHandler
                0x0000000000000268                TIMER1_IRQHandler
                0x0000000000000268                UART2_IRQHandler
                0x0000000000000268                UART4_IRQHandler
                0x0000000000000268                ADC_IRQHandler
                0x0000000000000268                SSP1_IRQHandler
                0x0000000000000268                USB_IRQHandler
                0x0000000000000268                BOD_IRQHandler
                0x0000000000000268                WDT_IRQHandler
                0x0000000000000268                QEI_IRQHandler
                0x0000000000000268                EINT0_IRQHandler
                0x0000000000000268                ETH_IRQHandler
                0x0000000000000268                PWM0_IRQHandler
                0x0000000000000268                SSP2_IRQHandler
                0x0000000000000268                EEPROM_IRQHandler
                0x0000000000000268                UART3_IRQHandler
                0x0000000000000268                GPIO_IRQHandler
                0x0000000000000268                MCPWM_IRQHandler
                0x0000000000000268                TIMER2_IRQHandler
                0x0000000000000268                RIT_IRQHandler
                0x0000000000000268                I2C0_IRQHandler
                0x0000000000000268                USBActivity_IRQHandler
                0x0000000000000268                PWM1_IRQHandler
                0x0000000000000268                I2C1_IRQHandler
                0x0000000000000268                EINT2_IRQHandler
                0x0000000000000268                UART1_IRQHandler
                0x0000000000000268                EINT3_IRQHandler
                0x0000000000000268                CANActivity_IRQHandler
 *(.text*)
 .text.NVIC_EnableIRQ
                0x0000000000000274       0x34 ./example/src/app_sdmmc_meas.o
 .text.NVIC_DisableIRQ
                0x00000000000002a8       0x34 ./example/src/app_sdmmc_meas.o
 .text.NVIC_ClearPendingIRQ
                0x00000000000002dc       0x34 ./example/src/app_sdmmc_meas.o
 .text.NVIC_SetPriority
                0x0000000000000310       0x54 ./example/src/app_sdmmc_meas.o
 .text.SysTick_Config
                0x0000000000000364       0x44 ./example/src/app_sdmmc_meas.o
 .text.waitMs   0x00000000000003a8       0x30 ./example/src/app_sdmmc_meas.o
 .text.setupEvWakeup
                0x00000000000003d8       0x3c ./example/src/app_sdmmc_meas.o
 .text.waitEvIRQDriven
                0x0000000000000414       0x30 ./example/src/app_sdmmc_meas.o
 .text.initAppTimer
                0x0000000000000444       0x24 ./example/src/app_sdmmc_meas.o
 .text.initAppSDMMC
                0x0000000000000468       0x4c ./example/src/app_sdmmc_meas.o
 .text.Prepare_Buffer
                0x00000000000004b4       0x50 ./example/src/app_sdmmc_meas.o
 .text.print_meas_data
                0x0000000000000504      0x194 ./example/src/app_sdmmc_meas.o
 .text.SysTick_Handler
                0x0000000000000698       0x1c ./example/src/app_sdmmc_meas.o
                0x0000000000000698                SysTick_Handler
 .text.DMA_IRQHandler
                0x00000000000006b4       0x3c ./example/src/app_sdmmc_meas.o
                0x00000000000006b4                DMA_IRQHandler
 .text.SDIO_IRQHandler
                0x00000000000006f0       0x40 ./example/src/app_sdmmc_meas.o
                0x00000000000006f0                SDIO_IRQHandler
 .text.main     0x0000000000000730      0x258 ./example/src/app_sdmmc_meas.o
                0x0000000000000730                main
 .text.SystemInit
                0x0000000000000988       0x28 ./example/src/sysinit.o
                0x0000000000000988                SystemInit
 .text.Chip_IOCON_Init
                0x00000000000009b0       0x18 /Users/danielfaronbi/Google Drive/UNO/Fall 2019 Semmester/Embedded Microcontrollers/LPC Workspace/lpc_board_ea_devkit_4088/Debug/liblpc_board_ea_devkit_4088.a(board.o)
 .text.Chip_IOCON_PinMuxSet
                0x00000000000009c8       0x30 /Users/danielfaronbi/Google Drive/UNO/Fall 2019 Semmester/Embedded Microcontrollers/LPC Workspace/lpc_board_ea_devkit_4088/Debug/liblpc_board_ea_devkit_4088.a(board.o)
 .text.Chip_GPIO_Init
                0x00000000000009f8       0x18 /Users/danielfaronbi/Google Drive/UNO/Fall 2019 Semmester/Embedded Microcontrollers/LPC Workspace/lpc_board_ea_devkit_4088/Debug/liblpc_board_ea_devkit_4088.a(board.o)
 .text.Chip_GPIO_SetPinState
                0x0000000000000a10       0x6c /Users/danielfaronbi/Google Drive/UNO/Fall 2019 Semmester/Embedded Microcontrollers/LPC Workspace/lpc_board_ea_devkit_4088/Debug/liblpc_board_ea_devkit_4088.a(board.o)
 .text.Chip_GPIO_WritePortBit
                0x0000000000000a7c       0x2c /Users/danielfaronbi/Google Drive/UNO/Fall 2019 Semmester/Embedded Microcontrollers/LPC Workspace/lpc_board_ea_devkit_4088/Debug/liblpc_board_ea_devkit_4088.a(board.o)
 .text.Chip_GPIO_SetPinDIROutput
                0x0000000000000aa8       0x3c /Users/danielfaronbi/Google Drive/UNO/Fall 2019 Semmester/Embedded Microcontrollers/LPC Workspace/lpc_board_ea_devkit_4088/Debug/liblpc_board_ea_devkit_4088.a(board.o)
 .text.Chip_GPIO_SetPinDIRInput
                0x0000000000000ae4       0x3c /Users/danielfaronbi/Google Drive/UNO/Fall 2019 Semmester/Embedded Microcontrollers/LPC Workspace/lpc_board_ea_devkit_4088/Debug/liblpc_board_ea_devkit_4088.a(board.o)
 .text.Chip_GPIO_SetPinDIR
                0x0000000000000b20       0x44 /Users/danielfaronbi/Google Drive/UNO/Fall 2019 Semmester/Embedded Microcontrollers/LPC Workspace/lpc_board_ea_devkit_4088/Debug/liblpc_board_ea_devkit_4088.a(board.o)
 .text.Chip_GPIO_WriteDirBit
                0x0000000000000b64       0x30 /Users/danielfaronbi/Google Drive/UNO/Fall 2019 Semmester/Embedded Microcontrollers/LPC Workspace/lpc_board_ea_devkit_4088/Debug/liblpc_board_ea_devkit_4088.a(board.o)
 .text.Chip_UART_SendByte
                0x0000000000000b94       0x20 /Users/danielfaronbi/Google Drive/UNO/Fall 2019 Semmester/Embedded Microcontrollers/LPC Workspace/lpc_board_ea_devkit_4088/Debug/liblpc_board_ea_devkit_4088.a(board.o)
 .text.Chip_UART_ReadByte
                0x0000000000000bb4       0x1c /Users/danielfaronbi/Google Drive/UNO/Fall 2019 Semmester/Embedded Microcontrollers/LPC Workspace/lpc_board_ea_devkit_4088/Debug/liblpc_board_ea_devkit_4088.a(board.o)
 .text.Chip_UART_ConfigData
                0x0000000000000bd0       0x1c /Users/danielfaronbi/Google Drive/UNO/Fall 2019 Semmester/Embedded Microcontrollers/LPC Workspace/lpc_board_ea_devkit_4088/Debug/liblpc_board_ea_devkit_4088.a(board.o)
 .text.Chip_UART_ReadLineStatus
                0x0000000000000bec       0x18 /Users/danielfaronbi/Google Drive/UNO/Fall 2019 Semmester/Embedded Microcontrollers/LPC Workspace/lpc_board_ea_devkit_4088/Debug/liblpc_board_ea_devkit_4088.a(board.o)
 .text.__sys_write
                0x0000000000000c04       0x38 /Users/danielfaronbi/Google Drive/UNO/Fall 2019 Semmester/Embedded Microcontrollers/LPC Workspace/lpc_board_ea_devkit_4088/Debug/liblpc_board_ea_devkit_4088.a(board.o)
                0x0000000000000c04                __sys_write
 .text.Board_LED_Init
                0x0000000000000c3c       0x4c /Users/danielfaronbi/Google Drive/UNO/Fall 2019 Semmester/Embedded Microcontrollers/LPC Workspace/lpc_board_ea_devkit_4088/Debug/liblpc_board_ea_devkit_4088.a(board.o)
 .text.Board_UART_Init
                0x0000000000000c88       0x60 /Users/danielfaronbi/Google Drive/UNO/Fall 2019 Semmester/Embedded Microcontrollers/LPC Workspace/lpc_board_ea_devkit_4088/Debug/liblpc_board_ea_devkit_4088.a(board.o)
                0x0000000000000c88                Board_UART_Init
 .text.Board_Debug_Init
                0x0000000000000ce8       0x30 /Users/danielfaronbi/Google Drive/UNO/Fall 2019 Semmester/Embedded Microcontrollers/LPC Workspace/lpc_board_ea_devkit_4088/Debug/liblpc_board_ea_devkit_4088.a(board.o)
                0x0000000000000ce8                Board_Debug_Init
 .text.Board_UARTPutChar
                0x0000000000000d18       0x34 /Users/danielfaronbi/Google Drive/UNO/Fall 2019 Semmester/Embedded Microcontrollers/LPC Workspace/lpc_board_ea_devkit_4088/Debug/liblpc_board_ea_devkit_4088.a(board.o)
                0x0000000000000d18                Board_UARTPutChar
 .text.Board_UARTGetChar
                0x0000000000000d4c       0x2c /Users/danielfaronbi/Google Drive/UNO/Fall 2019 Semmester/Embedded Microcontrollers/LPC Workspace/lpc_board_ea_devkit_4088/Debug/liblpc_board_ea_devkit_4088.a(board.o)
                0x0000000000000d4c                Board_UARTGetChar
 .text.Board_Init
                0x0000000000000d78       0x24 /Users/danielfaronbi/Google Drive/UNO/Fall 2019 Semmester/Embedded Microcontrollers/LPC Workspace/lpc_board_ea_devkit_4088/Debug/liblpc_board_ea_devkit_4088.a(board.o)
                0x0000000000000d78                Board_Init
 .text.Board_SDC_Init
                0x0000000000000d9c       0x60 /Users/danielfaronbi/Google Drive/UNO/Fall 2019 Semmester/Embedded Microcontrollers/LPC Workspace/lpc_board_ea_devkit_4088/Debug/liblpc_board_ea_devkit_4088.a(board.o)
                0x0000000000000d9c                Board_SDC_Init
 .text.Chip_SYSCTL_EnableBoost
                0x0000000000000dfc       0x1c /Users/danielfaronbi/Google Drive/UNO/Fall 2019 Semmester/Embedded Microcontrollers/LPC Workspace/lpc_board_ea_devkit_4088/Debug/liblpc_board_ea_devkit_4088.a(board_sysinit.o)
 .text.Chip_Clock_SetEMCClockDiv
                0x0000000000000e18       0x24 /Users/danielfaronbi/Google Drive/UNO/Fall 2019 Semmester/Embedded Microcontrollers/LPC Workspace/lpc_board_ea_devkit_4088/Debug/liblpc_board_ea_devkit_4088.a(board_sysinit.o)
 .text.Chip_IOCON_PinMuxSet
                0x0000000000000e3c       0x30 /Users/danielfaronbi/Google Drive/UNO/Fall 2019 Semmester/Embedded Microcontrollers/LPC Workspace/lpc_board_ea_devkit_4088/Debug/liblpc_board_ea_devkit_4088.a(board_sysinit.o)
 .text.Board_SetupMuxing
                0x0000000000000e6c       0x84 /Users/danielfaronbi/Google Drive/UNO/Fall 2019 Semmester/Embedded Microcontrollers/LPC Workspace/lpc_board_ea_devkit_4088/Debug/liblpc_board_ea_devkit_4088.a(board_sysinit.o)
                0x0000000000000e6c                Board_SetupMuxing
 .text.Board_SetupClocking
                0x0000000000000ef0       0x1c /Users/danielfaronbi/Google Drive/UNO/Fall 2019 Semmester/Embedded Microcontrollers/LPC Workspace/lpc_board_ea_devkit_4088/Debug/liblpc_board_ea_devkit_4088.a(board_sysinit.o)
                0x0000000000000ef0                Board_SetupClocking
 .text.Board_SetupExtMemory
                0x0000000000000f0c       0x5c /Users/danielfaronbi/Google Drive/UNO/Fall 2019 Semmester/Embedded Microcontrollers/LPC Workspace/lpc_board_ea_devkit_4088/Debug/liblpc_board_ea_devkit_4088.a(board_sysinit.o)
                0x0000000000000f0c                Board_SetupExtMemory
 .text.Board_SystemInit
                0x0000000000000f68       0x14 /Users/danielfaronbi/Google Drive/UNO/Fall 2019 Semmester/Embedded Microcontrollers/LPC Workspace/lpc_board_ea_devkit_4088/Debug/liblpc_board_ea_devkit_4088.a(board_sysinit.o)
                0x0000000000000f68                Board_SystemInit
 .text.SystemCoreClockUpdate
                0x0000000000000f7c       0x18 /Users/danielfaronbi/Google Drive/UNO/Fall 2019 Semmester/Embedded Microcontrollers/LPC Workspace/lpc_chip_40xx/Debug/liblpc_chip_40xx.a(chip_17xx_40xx.o)
                0x0000000000000f7c                SystemCoreClockUpdate
 .text.Chip_Clock_IsMainPLLEnabled
                0x0000000000000f94       0x28 /Users/danielfaronbi/Google Drive/UNO/Fall 2019 Semmester/Embedded Microcontrollers/LPC Workspace/lpc_chip_40xx/Debug/liblpc_chip_40xx.a(clock_17xx_40xx.o)
 .text.Chip_Clock_FeedPLL
                0x0000000000000fbc       0x38 /Users/danielfaronbi/Google Drive/UNO/Fall 2019 Semmester/Embedded Microcontrollers/LPC Workspace/lpc_chip_40xx/Debug/liblpc_chip_40xx.a(clock_17xx_40xx.o)
 .text.Chip_Clock_GetMainPLLSource
                0x0000000000000ff4       0x20 /Users/danielfaronbi/Google Drive/UNO/Fall 2019 Semmester/Embedded Microcontrollers/LPC Workspace/lpc_chip_40xx/Debug/liblpc_chip_40xx.a(clock_17xx_40xx.o)
 .text.Chip_Clock_GetPCLKDiv
                0x0000000000001014       0x1c /Users/danielfaronbi/Google Drive/UNO/Fall 2019 Semmester/Embedded Microcontrollers/LPC Workspace/lpc_chip_40xx/Debug/liblpc_chip_40xx.a(clock_17xx_40xx.o)
 .text.Chip_Clock_GetMainOscRate
                0x0000000000001030       0x18 /Users/danielfaronbi/Google Drive/UNO/Fall 2019 Semmester/Embedded Microcontrollers/LPC Workspace/lpc_chip_40xx/Debug/liblpc_chip_40xx.a(clock_17xx_40xx.o)
 .text.Chip_Clock_GetIntOscRate
                0x0000000000001048       0x14 /Users/danielfaronbi/Google Drive/UNO/Fall 2019 Semmester/Embedded Microcontrollers/LPC Workspace/lpc_chip_40xx/Debug/liblpc_chip_40xx.a(clock_17xx_40xx.o)
 .text.Chip_Clock_GetMainPLLInClockRate
                0x000000000000105c       0x10 /Users/danielfaronbi/Google Drive/UNO/Fall 2019 Semmester/Embedded Microcontrollers/LPC Workspace/lpc_chip_40xx/Debug/liblpc_chip_40xx.a(clock_17xx_40xx.o)
 .text.Chip_Clock_EnablePLL
                0x000000000000106c       0x44 /Users/danielfaronbi/Google Drive/UNO/Fall 2019 Semmester/Embedded Microcontrollers/LPC Workspace/lpc_chip_40xx/Debug/liblpc_chip_40xx.a(clock_17xx_40xx.o)
                0x000000000000106c                Chip_Clock_EnablePLL
 .text.Chip_Clock_DisablePLL
                0x00000000000010b0       0x48 /Users/danielfaronbi/Google Drive/UNO/Fall 2019 Semmester/Embedded Microcontrollers/LPC Workspace/lpc_chip_40xx/Debug/liblpc_chip_40xx.a(clock_17xx_40xx.o)
                0x00000000000010b0                Chip_Clock_DisablePLL
 .text.Chip_Clock_SetupPLL
                0x00000000000010f8       0x4c /Users/danielfaronbi/Google Drive/UNO/Fall 2019 Semmester/Embedded Microcontrollers/LPC Workspace/lpc_chip_40xx/Debug/liblpc_chip_40xx.a(clock_17xx_40xx.o)
                0x00000000000010f8                Chip_Clock_SetupPLL
 .text.Chip_Clock_EnablePeriphClock
                0x0000000000001144       0x54 /Users/danielfaronbi/Google Drive/UNO/Fall 2019 Semmester/Embedded Microcontrollers/LPC Workspace/lpc_chip_40xx/Debug/liblpc_chip_40xx.a(clock_17xx_40xx.o)
                0x0000000000001144                Chip_Clock_EnablePeriphClock
 .text.Chip_Clock_SetCPUClockSource
                0x0000000000001198       0x44 /Users/danielfaronbi/Google Drive/UNO/Fall 2019 Semmester/Embedded Microcontrollers/LPC Workspace/lpc_chip_40xx/Debug/liblpc_chip_40xx.a(clock_17xx_40xx.o)
                0x0000000000001198                Chip_Clock_SetCPUClockSource
 .text.Chip_Clock_GetCPUClockSource
                0x00000000000011dc       0x30 /Users/danielfaronbi/Google Drive/UNO/Fall 2019 Semmester/Embedded Microcontrollers/LPC Workspace/lpc_chip_40xx/Debug/liblpc_chip_40xx.a(clock_17xx_40xx.o)
                0x00000000000011dc                Chip_Clock_GetCPUClockSource
 .text.Chip_Clock_SetCPUClockDiv
                0x000000000000120c       0x30 /Users/danielfaronbi/Google Drive/UNO/Fall 2019 Semmester/Embedded Microcontrollers/LPC Workspace/lpc_chip_40xx/Debug/liblpc_chip_40xx.a(clock_17xx_40xx.o)
                0x000000000000120c                Chip_Clock_SetCPUClockDiv
 .text.Chip_Clock_GetCPUClockDiv
                0x000000000000123c       0x1c /Users/danielfaronbi/Google Drive/UNO/Fall 2019 Semmester/Embedded Microcontrollers/LPC Workspace/lpc_chip_40xx/Debug/liblpc_chip_40xx.a(clock_17xx_40xx.o)
                0x000000000000123c                Chip_Clock_GetCPUClockDiv
 .text.Chip_Clock_GetSYSCLKRate
                0x0000000000001258       0x2c /Users/danielfaronbi/Google Drive/UNO/Fall 2019 Semmester/Embedded Microcontrollers/LPC Workspace/lpc_chip_40xx/Debug/liblpc_chip_40xx.a(clock_17xx_40xx.o)
                0x0000000000001258                Chip_Clock_GetSYSCLKRate
 .text.Chip_Clock_GetMainPLLOutClockRate
                0x0000000000001284       0x40 /Users/danielfaronbi/Google Drive/UNO/Fall 2019 Semmester/Embedded Microcontrollers/LPC Workspace/lpc_chip_40xx/Debug/liblpc_chip_40xx.a(clock_17xx_40xx.o)
                0x0000000000001284                Chip_Clock_GetMainPLLOutClockRate
 .text.Chip_Clock_GetMainClockRate
                0x00000000000012c4       0x28 /Users/danielfaronbi/Google Drive/UNO/Fall 2019 Semmester/Embedded Microcontrollers/LPC Workspace/lpc_chip_40xx/Debug/liblpc_chip_40xx.a(clock_17xx_40xx.o)
                0x00000000000012c4                Chip_Clock_GetMainClockRate
 .text.Chip_Clock_GetSystemClockRate
                0x00000000000012ec       0x18 /Users/danielfaronbi/Google Drive/UNO/Fall 2019 Semmester/Embedded Microcontrollers/LPC Workspace/lpc_chip_40xx/Debug/liblpc_chip_40xx.a(clock_17xx_40xx.o)
                0x00000000000012ec                Chip_Clock_GetSystemClockRate
 .text.Chip_Clock_SetSPIFIClockSource
                0x0000000000001304       0x34 /Users/danielfaronbi/Google Drive/UNO/Fall 2019 Semmester/Embedded Microcontrollers/LPC Workspace/lpc_chip_40xx/Debug/liblpc_chip_40xx.a(clock_17xx_40xx.o)
                0x0000000000001304                Chip_Clock_SetSPIFIClockSource
 .text.Chip_Clock_SetSPIFIClockDiv
                0x0000000000001338       0x30 /Users/danielfaronbi/Google Drive/UNO/Fall 2019 Semmester/Embedded Microcontrollers/LPC Workspace/lpc_chip_40xx/Debug/liblpc_chip_40xx.a(clock_17xx_40xx.o)
                0x0000000000001338                Chip_Clock_SetSPIFIClockDiv
 .text.Chip_Clock_GetPeripheralClockRate
                0x0000000000001368       0x30 /Users/danielfaronbi/Google Drive/UNO/Fall 2019 Semmester/Embedded Microcontrollers/LPC Workspace/lpc_chip_40xx/Debug/liblpc_chip_40xx.a(clock_17xx_40xx.o)
                0x0000000000001368                Chip_Clock_GetPeripheralClockRate
 .text.Chip_Clock_GetEMCClockDiv
                0x0000000000001398       0x1c /Users/danielfaronbi/Google Drive/UNO/Fall 2019 Semmester/Embedded Microcontrollers/LPC Workspace/lpc_chip_40xx/Debug/liblpc_chip_40xx.a(emc_17xx_40xx.o)
 .text.Chip_Clock_GetEMCClockRate
                0x00000000000013b4       0x18 /Users/danielfaronbi/Google Drive/UNO/Fall 2019 Semmester/Embedded Microcontrollers/LPC Workspace/lpc_chip_40xx/Debug/liblpc_chip_40xx.a(emc_17xx_40xx.o)
 .text.convertTimmingParam
                0x00000000000013cc       0x6c /Users/danielfaronbi/Google Drive/UNO/Fall 2019 Semmester/Embedded Microcontrollers/LPC Workspace/lpc_chip_40xx/Debug/liblpc_chip_40xx.a(emc_17xx_40xx.o)
 .text.getColsLen
                0x0000000000001438       0x50 /Users/danielfaronbi/Google Drive/UNO/Fall 2019 Semmester/Embedded Microcontrollers/LPC Workspace/lpc_chip_40xx/Debug/liblpc_chip_40xx.a(emc_17xx_40xx.o)
 .text.initDynMem
                0x0000000000001488      0x294 /Users/danielfaronbi/Google Drive/UNO/Fall 2019 Semmester/Embedded Microcontrollers/LPC Workspace/lpc_chip_40xx/Debug/liblpc_chip_40xx.a(emc_17xx_40xx.o)
                0x0000000000001488                initDynMem
 .text.initStaticMem
                0x000000000000171c       0xb0 /Users/danielfaronbi/Google Drive/UNO/Fall 2019 Semmester/Embedded Microcontrollers/LPC Workspace/lpc_chip_40xx/Debug/liblpc_chip_40xx.a(emc_17xx_40xx.o)
                0x000000000000171c                initStaticMem
 .text.Chip_EMC_Dynamic_Init
                0x00000000000017cc       0x24 /Users/danielfaronbi/Google Drive/UNO/Fall 2019 Semmester/Embedded Microcontrollers/LPC Workspace/lpc_chip_40xx/Debug/liblpc_chip_40xx.a(emc_17xx_40xx.o)
                0x00000000000017cc                Chip_EMC_Dynamic_Init
 .text.Chip_EMC_Static_Init
                0x00000000000017f0       0x24 /Users/danielfaronbi/Google Drive/UNO/Fall 2019 Semmester/Embedded Microcontrollers/LPC Workspace/lpc_chip_40xx/Debug/liblpc_chip_40xx.a(emc_17xx_40xx.o)
                0x00000000000017f0                Chip_EMC_Static_Init
 .text.Chip_EMC_Init
                0x0000000000001814       0x50 /Users/danielfaronbi/Google Drive/UNO/Fall 2019 Semmester/Embedded Microcontrollers/LPC Workspace/lpc_chip_40xx/Debug/liblpc_chip_40xx.a(emc_17xx_40xx.o)
                0x0000000000001814                Chip_EMC_Init
 .text.fpuInit  0x0000000000001864       0x74 /Users/danielfaronbi/Google Drive/UNO/Fall 2019 Semmester/Embedded Microcontrollers/LPC Workspace/lpc_chip_40xx/Debug/liblpc_chip_40xx.a(fpu_init.o)
                0x0000000000001864                fpuInit
 .text.configDMAMux
                0x00000000000018d8       0x5c /Users/danielfaronbi/Google Drive/UNO/Fall 2019 Semmester/Embedded Microcontrollers/LPC Workspace/lpc_chip_40xx/Debug/liblpc_chip_40xx.a(gpdma_17xx_40xx.o)
 .text.makeCtrlWord
                0x0000000000001934      0x128 /Users/danielfaronbi/Google Drive/UNO/Fall 2019 Semmester/Embedded Microcontrollers/LPC Workspace/lpc_chip_40xx/Debug/liblpc_chip_40xx.a(gpdma_17xx_40xx.o)
                0x0000000000001934                makeCtrlWord
 .text.setupChannel
                0x0000000000001a5c       0xc0 /Users/danielfaronbi/Google Drive/UNO/Fall 2019 Semmester/Embedded Microcontrollers/LPC Workspace/lpc_chip_40xx/Debug/liblpc_chip_40xx.a(gpdma_17xx_40xx.o)
                0x0000000000001a5c                setupChannel
 .text.Chip_GPDMA_Init
                0x0000000000001b1c       0x64 /Users/danielfaronbi/Google Drive/UNO/Fall 2019 Semmester/Embedded Microcontrollers/LPC Workspace/lpc_chip_40xx/Debug/liblpc_chip_40xx.a(gpdma_17xx_40xx.o)
                0x0000000000001b1c                Chip_GPDMA_Init
 .text.Chip_GPDMA_Stop
                0x0000000000001b80       0x68 /Users/danielfaronbi/Google Drive/UNO/Fall 2019 Semmester/Embedded Microcontrollers/LPC Workspace/lpc_chip_40xx/Debug/liblpc_chip_40xx.a(gpdma_17xx_40xx.o)
                0x0000000000001b80                Chip_GPDMA_Stop
 .text.Chip_GPDMA_Interrupt
                0x0000000000001be8       0x6c /Users/danielfaronbi/Google Drive/UNO/Fall 2019 Semmester/Embedded Microcontrollers/LPC Workspace/lpc_chip_40xx/Debug/liblpc_chip_40xx.a(gpdma_17xx_40xx.o)
                0x0000000000001be8                Chip_GPDMA_Interrupt
 .text.Chip_GPDMA_InitChannelCfg
                0x0000000000001c54       0xe4 /Users/danielfaronbi/Google Drive/UNO/Fall 2019 Semmester/Embedded Microcontrollers/LPC Workspace/lpc_chip_40xx/Debug/liblpc_chip_40xx.a(gpdma_17xx_40xx.o)
                0x0000000000001c54                Chip_GPDMA_InitChannelCfg
 .text.Chip_GPDMA_IntGetStatus
                0x0000000000001d38       0xc0 /Users/danielfaronbi/Google Drive/UNO/Fall 2019 Semmester/Embedded Microcontrollers/LPC Workspace/lpc_chip_40xx/Debug/liblpc_chip_40xx.a(gpdma_17xx_40xx.o)
                0x0000000000001d38                Chip_GPDMA_IntGetStatus
 .text.Chip_GPDMA_ClearIntPending
                0x0000000000001df8       0x40 /Users/danielfaronbi/Google Drive/UNO/Fall 2019 Semmester/Embedded Microcontrollers/LPC Workspace/lpc_chip_40xx/Debug/liblpc_chip_40xx.a(gpdma_17xx_40xx.o)
                0x0000000000001df8                Chip_GPDMA_ClearIntPending
 .text.Chip_GPDMA_ChannelCmd
                0x0000000000001e38       0x48 /Users/danielfaronbi/Google Drive/UNO/Fall 2019 Semmester/Embedded Microcontrollers/LPC Workspace/lpc_chip_40xx/Debug/liblpc_chip_40xx.a(gpdma_17xx_40xx.o)
                0x0000000000001e38                Chip_GPDMA_ChannelCmd
 .text.Chip_GPDMA_Transfer
                0x0000000000001e80       0xf4 /Users/danielfaronbi/Google Drive/UNO/Fall 2019 Semmester/Embedded Microcontrollers/LPC Workspace/lpc_chip_40xx/Debug/liblpc_chip_40xx.a(gpdma_17xx_40xx.o)
                0x0000000000001e80                Chip_GPDMA_Transfer
 .text.Chip_GPDMA_GetFreeChannel
                0x0000000000001f74       0x58 /Users/danielfaronbi/Google Drive/UNO/Fall 2019 Semmester/Embedded Microcontrollers/LPC Workspace/lpc_chip_40xx/Debug/liblpc_chip_40xx.a(gpdma_17xx_40xx.o)
                0x0000000000001f74                Chip_GPDMA_GetFreeChannel
 .text.Chip_IOCON_PinMuxSet
                0x0000000000001fcc       0x30 /Users/danielfaronbi/Google Drive/UNO/Fall 2019 Semmester/Embedded Microcontrollers/LPC Workspace/lpc_chip_40xx/Debug/liblpc_chip_40xx.a(iocon_17xx_40xx.o)
 .text.Chip_IOCON_SetPinMuxing
                0x0000000000001ffc       0x64 /Users/danielfaronbi/Google Drive/UNO/Fall 2019 Semmester/Embedded Microcontrollers/LPC Workspace/lpc_chip_40xx/Debug/liblpc_chip_40xx.a(iocon_17xx_40xx.o)
                0x0000000000001ffc                Chip_IOCON_SetPinMuxing
 .text.writeDelay
                0x0000000000002060       0x2c /Users/danielfaronbi/Google Drive/UNO/Fall 2019 Semmester/Embedded Microcontrollers/LPC Workspace/lpc_chip_40xx/Debug/liblpc_chip_40xx.a(sdc_17xx_40xx.o)
 .text.Chip_SDC_PowerControl
                0x000000000000208c       0x28 /Users/danielfaronbi/Google Drive/UNO/Fall 2019 Semmester/Embedded Microcontrollers/LPC Workspace/lpc_chip_40xx/Debug/liblpc_chip_40xx.a(sdc_17xx_40xx.o)
                0x000000000000208c                Chip_SDC_PowerControl
 .text.Chip_SDC_SetClockDiv
                0x00000000000020b4       0x2c /Users/danielfaronbi/Google Drive/UNO/Fall 2019 Semmester/Embedded Microcontrollers/LPC Workspace/lpc_chip_40xx/Debug/liblpc_chip_40xx.a(sdc_17xx_40xx.o)
                0x00000000000020b4                Chip_SDC_SetClockDiv
 .text.Chip_SDC_ClockControl
                0x00000000000020e0       0x4c /Users/danielfaronbi/Google Drive/UNO/Fall 2019 Semmester/Embedded Microcontrollers/LPC Workspace/lpc_chip_40xx/Debug/liblpc_chip_40xx.a(sdc_17xx_40xx.o)
                0x00000000000020e0                Chip_SDC_ClockControl
 .text.SDC_Init
                0x000000000000212c       0x54 /Users/danielfaronbi/Google Drive/UNO/Fall 2019 Semmester/Embedded Microcontrollers/LPC Workspace/lpc_chip_40xx/Debug/liblpc_chip_40xx.a(sdc_17xx_40xx.o)
 .text.Chip_SDC_Init
                0x0000000000002180       0x70 /Users/danielfaronbi/Google Drive/UNO/Fall 2019 Semmester/Embedded Microcontrollers/LPC Workspace/lpc_chip_40xx/Debug/liblpc_chip_40xx.a(sdc_17xx_40xx.o)
                0x0000000000002180                Chip_SDC_Init
 .text.Chip_SDC_SetCommand
                0x00000000000021f0       0x30 /Users/danielfaronbi/Google Drive/UNO/Fall 2019 Semmester/Embedded Microcontrollers/LPC Workspace/lpc_chip_40xx/Debug/liblpc_chip_40xx.a(sdc_17xx_40xx.o)
                0x00000000000021f0                Chip_SDC_SetCommand
 .text.Chip_SDC_ResetCommand
                0x0000000000002220       0x2c /Users/danielfaronbi/Google Drive/UNO/Fall 2019 Semmester/Embedded Microcontrollers/LPC Workspace/lpc_chip_40xx/Debug/liblpc_chip_40xx.a(sdc_17xx_40xx.o)
                0x0000000000002220                Chip_SDC_ResetCommand
 .text.Chip_SDC_GetResp
                0x000000000000224c       0x50 /Users/danielfaronbi/Google Drive/UNO/Fall 2019 Semmester/Embedded Microcontrollers/LPC Workspace/lpc_chip_40xx/Debug/liblpc_chip_40xx.a(sdc_17xx_40xx.o)
                0x000000000000224c                Chip_SDC_GetResp
 .text.Chip_SDC_SetDataTransfer
                0x000000000000229c       0x6c /Users/danielfaronbi/Google Drive/UNO/Fall 2019 Semmester/Embedded Microcontrollers/LPC Workspace/lpc_chip_40xx/Debug/liblpc_chip_40xx.a(sdc_17xx_40xx.o)
                0x000000000000229c                Chip_SDC_SetDataTransfer
 .text.Chip_SDC_WriteFIFO
                0x0000000000002308       0x60 /Users/danielfaronbi/Google Drive/UNO/Fall 2019 Semmester/Embedded Microcontrollers/LPC Workspace/lpc_chip_40xx/Debug/liblpc_chip_40xx.a(sdc_17xx_40xx.o)
                0x0000000000002308                Chip_SDC_WriteFIFO
 .text.Chip_SDC_ReadFIFO
                0x0000000000002368       0x60 /Users/danielfaronbi/Google Drive/UNO/Fall 2019 Semmester/Embedded Microcontrollers/LPC Workspace/lpc_chip_40xx/Debug/liblpc_chip_40xx.a(sdc_17xx_40xx.o)
                0x0000000000002368                Chip_SDC_ReadFIFO
 .text.Chip_SDC_SetClock
                0x00000000000023c8       0x48 /Users/danielfaronbi/Google Drive/UNO/Fall 2019 Semmester/Embedded Microcontrollers/LPC Workspace/lpc_chip_40xx/Debug/liblpc_chip_40xx.a(sdc_17xx_40xx.o)
                0x00000000000023c8                Chip_SDC_SetClock
 .text.Chip_SDC_GetStatus
                0x0000000000002410       0x18 /Users/danielfaronbi/Google Drive/UNO/Fall 2019 Semmester/Embedded Microcontrollers/LPC Workspace/lpc_chip_40xx/Debug/liblpc_chip_40xx.a(sdmmc_17xx_40xx.o)
 .text.Chip_SDC_ClearStatus
                0x0000000000002428       0x1c /Users/danielfaronbi/Google Drive/UNO/Fall 2019 Semmester/Embedded Microcontrollers/LPC Workspace/lpc_chip_40xx/Debug/liblpc_chip_40xx.a(sdmmc_17xx_40xx.o)
 .text.Chip_SDC_SetIntMask
                0x0000000000002444       0x1c /Users/danielfaronbi/Google Drive/UNO/Fall 2019 Semmester/Embedded Microcontrollers/LPC Workspace/lpc_chip_40xx/Debug/liblpc_chip_40xx.a(sdmmc_17xx_40xx.o)
 .text.sendCmd  0x0000000000002460       0xb0 /Users/danielfaronbi/Google Drive/UNO/Fall 2019 Semmester/Embedded Microcontrollers/LPC Workspace/lpc_chip_40xx/Debug/liblpc_chip_40xx.a(sdmmc_17xx_40xx.o)
 .text.executeCmd
                0x0000000000002510       0x88 /Users/danielfaronbi/Google Drive/UNO/Fall 2019 Semmester/Embedded Microcontrollers/LPC Workspace/lpc_chip_40xx/Debug/liblpc_chip_40xx.a(sdmmc_17xx_40xx.o)
 .text.checkR1Response
                0x0000000000002598       0x54 /Users/danielfaronbi/Google Drive/UNO/Fall 2019 Semmester/Embedded Microcontrollers/LPC Workspace/lpc_chip_40xx/Debug/liblpc_chip_40xx.a(sdmmc_17xx_40xx.o)
 .text.sendAppCmd
                0x00000000000025ec       0x7c /Users/danielfaronbi/Google Drive/UNO/Fall 2019 Semmester/Embedded Microcontrollers/LPC Workspace/lpc_chip_40xx/Debug/liblpc_chip_40xx.a(sdmmc_17xx_40xx.o)
 .text.cardReset
                0x0000000000002668       0x20 /Users/danielfaronbi/Google Drive/UNO/Fall 2019 Semmester/Embedded Microcontrollers/LPC Workspace/lpc_chip_40xx/Debug/liblpc_chip_40xx.a(sdmmc_17xx_40xx.o)
 .text.sendIfCond
                0x0000000000002688       0x60 /Users/danielfaronbi/Google Drive/UNO/Fall 2019 Semmester/Embedded Microcontrollers/LPC Workspace/lpc_chip_40xx/Debug/liblpc_chip_40xx.a(sdmmc_17xx_40xx.o)
 .text.sendOpCond
                0x00000000000026e8       0x70 /Users/danielfaronbi/Google Drive/UNO/Fall 2019 Semmester/Embedded Microcontrollers/LPC Workspace/lpc_chip_40xx/Debug/liblpc_chip_40xx.a(sdmmc_17xx_40xx.o)
 .text.sendAppOpCond
                0x0000000000002758       0xcc /Users/danielfaronbi/Google Drive/UNO/Fall 2019 Semmester/Embedded Microcontrollers/LPC Workspace/lpc_chip_40xx/Debug/liblpc_chip_40xx.a(sdmmc_17xx_40xx.o)
 .text.getCID   0x0000000000002824       0x64 /Users/danielfaronbi/Google Drive/UNO/Fall 2019 Semmester/Embedded Microcontrollers/LPC Workspace/lpc_chip_40xx/Debug/liblpc_chip_40xx.a(sdmmc_17xx_40xx.o)
 .text.setAddr  0x0000000000002888       0x60 /Users/danielfaronbi/Google Drive/UNO/Fall 2019 Semmester/Embedded Microcontrollers/LPC Workspace/lpc_chip_40xx/Debug/liblpc_chip_40xx.a(sdmmc_17xx_40xx.o)
 .text.getAddr  0x00000000000028e8       0xfc /Users/danielfaronbi/Google Drive/UNO/Fall 2019 Semmester/Embedded Microcontrollers/LPC Workspace/lpc_chip_40xx/Debug/liblpc_chip_40xx.a(sdmmc_17xx_40xx.o)
 .text.getCSD   0x00000000000029e4       0x6c /Users/danielfaronbi/Google Drive/UNO/Fall 2019 Semmester/Embedded Microcontrollers/LPC Workspace/lpc_chip_40xx/Debug/liblpc_chip_40xx.a(sdmmc_17xx_40xx.o)
 .text.selectCard
                0x0000000000002a50       0x60 /Users/danielfaronbi/Google Drive/UNO/Fall 2019 Semmester/Embedded Microcontrollers/LPC Workspace/lpc_chip_40xx/Debug/liblpc_chip_40xx.a(sdmmc_17xx_40xx.o)
 .text.getStatus
                0x0000000000002ab0       0x6c /Users/danielfaronbi/Google Drive/UNO/Fall 2019 Semmester/Embedded Microcontrollers/LPC Workspace/lpc_chip_40xx/Debug/liblpc_chip_40xx.a(sdmmc_17xx_40xx.o)
 .text.getBits  0x0000000000002b1c       0x88 /Users/danielfaronbi/Google Drive/UNO/Fall 2019 Semmester/Embedded Microcontrollers/LPC Workspace/lpc_chip_40xx/Debug/liblpc_chip_40xx.a(sdmmc_17xx_40xx.o)
 .text.processCSD
                0x0000000000002ba4       0xec /Users/danielfaronbi/Google Drive/UNO/Fall 2019 Semmester/Embedded Microcontrollers/LPC Workspace/lpc_chip_40xx/Debug/liblpc_chip_40xx.a(sdmmc_17xx_40xx.o)
 .text.setBusWidth
                0x0000000000002c90       0x84 /Users/danielfaronbi/Google Drive/UNO/Fall 2019 Semmester/Embedded Microcontrollers/LPC Workspace/lpc_chip_40xx/Debug/liblpc_chip_40xx.a(sdmmc_17xx_40xx.o)
 .text.setTranState
                0x0000000000002d14       0x90 /Users/danielfaronbi/Google Drive/UNO/Fall 2019 Semmester/Embedded Microcontrollers/LPC Workspace/lpc_chip_40xx/Debug/liblpc_chip_40xx.a(sdmmc_17xx_40xx.o)
 .text.setblock_length
                0x0000000000002da4       0x68 /Users/danielfaronbi/Google Drive/UNO/Fall 2019 Semmester/Embedded Microcontrollers/LPC Workspace/lpc_chip_40xx/Debug/liblpc_chip_40xx.a(sdmmc_17xx_40xx.o)
 .text.setCardParams
                0x0000000000002e0c       0x74 /Users/danielfaronbi/Google Drive/UNO/Fall 2019 Semmester/Embedded Microcontrollers/LPC Workspace/lpc_chip_40xx/Debug/liblpc_chip_40xx.a(sdmmc_17xx_40xx.o)
 .text.readBlocks
                0x0000000000002e80       0x90 /Users/danielfaronbi/Google Drive/UNO/Fall 2019 Semmester/Embedded Microcontrollers/LPC Workspace/lpc_chip_40xx/Debug/liblpc_chip_40xx.a(sdmmc_17xx_40xx.o)
 .text.writeBlocks
                0x0000000000002f10       0x90 /Users/danielfaronbi/Google Drive/UNO/Fall 2019 Semmester/Embedded Microcontrollers/LPC Workspace/lpc_chip_40xx/Debug/liblpc_chip_40xx.a(sdmmc_17xx_40xx.o)
 .text.stopTranmission
                0x0000000000002fa0       0xe4 /Users/danielfaronbi/Google Drive/UNO/Fall 2019 Semmester/Embedded Microcontrollers/LPC Workspace/lpc_chip_40xx/Debug/liblpc_chip_40xx.a(sdmmc_17xx_40xx.o)
 .text.Chip_SDMMC_FIFOIRQHandler
                0x0000000000003084       0xc8 /Users/danielfaronbi/Google Drive/UNO/Fall 2019 Semmester/Embedded Microcontrollers/LPC Workspace/lpc_chip_40xx/Debug/liblpc_chip_40xx.a(sdmmc_17xx_40xx.o)
 .text.Chip_SDMMC_IRQHandler
                0x000000000000314c       0x98 /Users/danielfaronbi/Google Drive/UNO/Fall 2019 Semmester/Embedded Microcontrollers/LPC Workspace/lpc_chip_40xx/Debug/liblpc_chip_40xx.a(sdmmc_17xx_40xx.o)
                0x000000000000314c                Chip_SDMMC_IRQHandler
 .text.Chip_SDMMC_GetCardState
                0x00000000000031e4       0x30 /Users/danielfaronbi/Google Drive/UNO/Fall 2019 Semmester/Embedded Microcontrollers/LPC Workspace/lpc_chip_40xx/Debug/liblpc_chip_40xx.a(sdmmc_17xx_40xx.o)
                0x00000000000031e4                Chip_SDMMC_GetCardState
 .text.Chip_SDMMC_Acquire
                0x0000000000003214      0x1dc /Users/danielfaronbi/Google Drive/UNO/Fall 2019 Semmester/Embedded Microcontrollers/LPC Workspace/lpc_chip_40xx/Debug/liblpc_chip_40xx.a(sdmmc_17xx_40xx.o)
                0x0000000000003214                Chip_SDMMC_Acquire
 .text.Chip_SDMMC_ReadBlocks
                0x00000000000033f0      0x1b0 /Users/danielfaronbi/Google Drive/UNO/Fall 2019 Semmester/Embedded Microcontrollers/LPC Workspace/lpc_chip_40xx/Debug/liblpc_chip_40xx.a(sdmmc_17xx_40xx.o)
                0x00000000000033f0                Chip_SDMMC_ReadBlocks
 .text.Chip_SDMMC_WriteBlocks
                0x00000000000035a0      0x1c0 /Users/danielfaronbi/Google Drive/UNO/Fall 2019 Semmester/Embedded Microcontrollers/LPC Workspace/lpc_chip_40xx/Debug/liblpc_chip_40xx.a(sdmmc_17xx_40xx.o)
                0x00000000000035a0                Chip_SDMMC_WriteBlocks
 .text.Chip_SYSCTL_PeriphReset
                0x0000000000003760       0x68 /Users/danielfaronbi/Google Drive/UNO/Fall 2019 Semmester/Embedded Microcontrollers/LPC Workspace/lpc_chip_40xx/Debug/liblpc_chip_40xx.a(sysctl_17xx_40xx.o)
                0x0000000000003760                Chip_SYSCTL_PeriphReset
 .text.Chip_Clock_IsMainPLLEnabled
                0x00000000000037c8       0x28 /Users/danielfaronbi/Google Drive/UNO/Fall 2019 Semmester/Embedded Microcontrollers/LPC Workspace/lpc_chip_40xx/Debug/liblpc_chip_40xx.a(sysinit_17xx_40xx.o)
 .text.Chip_Clock_IsMainPLLLocked
                0x00000000000037f0       0x28 /Users/danielfaronbi/Google Drive/UNO/Fall 2019 Semmester/Embedded Microcontrollers/LPC Workspace/lpc_chip_40xx/Debug/liblpc_chip_40xx.a(sysinit_17xx_40xx.o)
 .text.Chip_Clock_EnableCrystal
                0x0000000000003818       0x24 /Users/danielfaronbi/Google Drive/UNO/Fall 2019 Semmester/Embedded Microcontrollers/LPC Workspace/lpc_chip_40xx/Debug/liblpc_chip_40xx.a(sysinit_17xx_40xx.o)
 .text.Chip_Clock_IsCrystalEnabled
                0x000000000000383c       0x28 /Users/danielfaronbi/Google Drive/UNO/Fall 2019 Semmester/Embedded Microcontrollers/LPC Workspace/lpc_chip_40xx/Debug/liblpc_chip_40xx.a(sysinit_17xx_40xx.o)
 .text.Chip_Clock_SetMainPLLSource
                0x0000000000003864       0x24 /Users/danielfaronbi/Google Drive/UNO/Fall 2019 Semmester/Embedded Microcontrollers/LPC Workspace/lpc_chip_40xx/Debug/liblpc_chip_40xx.a(sysinit_17xx_40xx.o)
 .text.Chip_Clock_SetPCLKDiv
                0x0000000000003888       0x20 /Users/danielfaronbi/Google Drive/UNO/Fall 2019 Semmester/Embedded Microcontrollers/LPC Workspace/lpc_chip_40xx/Debug/liblpc_chip_40xx.a(sysinit_17xx_40xx.o)
 .text.Chip_SetupXtalClocking
                0x00000000000038a8       0x84 /Users/danielfaronbi/Google Drive/UNO/Fall 2019 Semmester/Embedded Microcontrollers/LPC Workspace/lpc_chip_40xx/Debug/liblpc_chip_40xx.a(sysinit_17xx_40xx.o)
                0x00000000000038a8                Chip_SetupXtalClocking
 .text.Chip_UART_SetupFIFOS
                0x000000000000392c       0x1c /Users/danielfaronbi/Google Drive/UNO/Fall 2019 Semmester/Embedded Microcontrollers/LPC Workspace/lpc_chip_40xx/Debug/liblpc_chip_40xx.a(uart_17xx_40xx.o)
 .text.Chip_UART_ConfigData
                0x0000000000003948       0x1c /Users/danielfaronbi/Google Drive/UNO/Fall 2019 Semmester/Embedded Microcontrollers/LPC Workspace/lpc_chip_40xx/Debug/liblpc_chip_40xx.a(uart_17xx_40xx.o)
 .text.Chip_UART_EnableDivisorAccess
                0x0000000000003964       0x20 /Users/danielfaronbi/Google Drive/UNO/Fall 2019 Semmester/Embedded Microcontrollers/LPC Workspace/lpc_chip_40xx/Debug/liblpc_chip_40xx.a(uart_17xx_40xx.o)
 .text.Chip_UART_DisableDivisorAccess
                0x0000000000003984       0x20 /Users/danielfaronbi/Google Drive/UNO/Fall 2019 Semmester/Embedded Microcontrollers/LPC Workspace/lpc_chip_40xx/Debug/liblpc_chip_40xx.a(uart_17xx_40xx.o)
 .text.Chip_UART_SetDivisorLatches
                0x00000000000039a4       0x28 /Users/danielfaronbi/Google Drive/UNO/Fall 2019 Semmester/Embedded Microcontrollers/LPC Workspace/lpc_chip_40xx/Debug/liblpc_chip_40xx.a(uart_17xx_40xx.o)
 .text.Chip_UART_GetClockIndex
                0x00000000000039cc       0x64 /Users/danielfaronbi/Google Drive/UNO/Fall 2019 Semmester/Embedded Microcontrollers/LPC Workspace/lpc_chip_40xx/Debug/liblpc_chip_40xx.a(uart_17xx_40xx.o)
 .text.Chip_UART_Init
                0x0000000000003a30       0x78 /Users/danielfaronbi/Google Drive/UNO/Fall 2019 Semmester/Embedded Microcontrollers/LPC Workspace/lpc_chip_40xx/Debug/liblpc_chip_40xx.a(uart_17xx_40xx.o)
                0x0000000000003a30                Chip_UART_Init
 .text.Chip_UART_TXEnable
                0x0000000000003aa8       0x30 /Users/danielfaronbi/Google Drive/UNO/Fall 2019 Semmester/Embedded Microcontrollers/LPC Workspace/lpc_chip_40xx/Debug/liblpc_chip_40xx.a(uart_17xx_40xx.o)
                0x0000000000003aa8                Chip_UART_TXEnable
 .text.Chip_UART_TXDisable
                0x0000000000003ad8       0x30 /Users/danielfaronbi/Google Drive/UNO/Fall 2019 Semmester/Embedded Microcontrollers/LPC Workspace/lpc_chip_40xx/Debug/liblpc_chip_40xx.a(uart_17xx_40xx.o)
                0x0000000000003ad8                Chip_UART_TXDisable
 .text.Chip_UART_SetBaud
                0x0000000000003b08       0x58 /Users/danielfaronbi/Google Drive/UNO/Fall 2019 Semmester/Embedded Microcontrollers/LPC Workspace/lpc_chip_40xx/Debug/liblpc_chip_40xx.a(uart_17xx_40xx.o)
                0x0000000000003b08                Chip_UART_SetBaud
 .text.__main   0x0000000000003b60        0xe /Applications/MCUXpressoIDE_11.1.0_3209/ide/plugins/com.nxp.mcuxpresso.tools.macosx_11.1.0.201909161352/tools/bin/../lib/gcc/arm-none-eabi/8.3.1/../../../../arm-none-eabi/lib/thumb/v7e-m+fp/softfp/libcr_nohost.a(_cr__main.o)
                0x0000000000003b60                __main
 .text.memset   0x0000000000003b6e        0x4 /Applications/MCUXpressoIDE_11.1.0_3209/ide/plugins/com.nxp.mcuxpresso.tools.macosx_11.1.0.201909161352/tools/bin/../lib/gcc/arm-none-eabi/8.3.1/../../../../arm-none-eabi/lib/thumb/v7e-m+fp/softfp/libcr_c.a(memset.o)
                0x0000000000003b6e                memset
 .text.fp_round
                0x0000000000003b72       0x4e /Applications/MCUXpressoIDE_11.1.0_3209/ide/plugins/com.nxp.mcuxpresso.tools.macosx_11.1.0.201909161352/tools/bin/../lib/gcc/arm-none-eabi/8.3.1/../../../../arm-none-eabi/lib/thumb/v7e-m+fp/softfp/libcr_c.a(fpprintf.o)
 .text.pr_dec.constprop.1
                0x0000000000003bc0       0x26 /Applications/MCUXpressoIDE_11.1.0_3209/ide/plugins/com.nxp.mcuxpresso.tools.macosx_11.1.0.201909161352/tools/bin/../lib/gcc/arm-none-eabi/8.3.1/../../../../arm-none-eabi/lib/thumb/v7e-m+fp/softfp/libcr_c.a(fpprintf.o)
 *fill*         0x0000000000003be6        0x2 ff
 .text.sprintf  0x0000000000003be8       0x6c /Applications/MCUXpressoIDE_11.1.0_3209/ide/plugins/com.nxp.mcuxpresso.tools.macosx_11.1.0.201909161352/tools/bin/../lib/gcc/arm-none-eabi/8.3.1/../../../../arm-none-eabi/lib/thumb/v7e-m+fp/softfp/libcr_c.a(fpprintf.o)
                0x0000000000003be8                sprintf
 *fill*         0x0000000000003c54        0x4 ff
 .text.fp_display
                0x0000000000003c58      0x954 /Applications/MCUXpressoIDE_11.1.0_3209/ide/plugins/com.nxp.mcuxpresso.tools.macosx_11.1.0.201909161352/tools/bin/../lib/gcc/arm-none-eabi/8.3.1/../../../../arm-none-eabi/lib/thumb/v7e-m+fp/softfp/libcr_c.a(fpprintf.o)
 .text.vsnprintf
                0x00000000000045ac       0x68 /Applications/MCUXpressoIDE_11.1.0_3209/ide/plugins/com.nxp.mcuxpresso.tools.macosx_11.1.0.201909161352/tools/bin/../lib/gcc/arm-none-eabi/8.3.1/../../../../arm-none-eabi/lib/thumb/v7e-m+fp/softfp/libcr_c.a(fpprintf.o)
                0x00000000000045ac                vsnprintf
 .text.printf   0x0000000000004614       0x54 /Applications/MCUXpressoIDE_11.1.0_3209/ide/plugins/com.nxp.mcuxpresso.tools.macosx_11.1.0.201909161352/tools/bin/../lib/gcc/arm-none-eabi/8.3.1/../../../../arm-none-eabi/lib/thumb/v7e-m+fp/softfp/libcr_c.a(fpprintf.o)
                0x0000000000004614                printf
 .text._initio  0x0000000000004668       0x78 /Applications/MCUXpressoIDE_11.1.0_3209/ide/plugins/com.nxp.mcuxpresso.tools.macosx_11.1.0.201909161352/tools/bin/../lib/gcc/arm-none-eabi/8.3.1/../../../../arm-none-eabi/lib/thumb/v7e-m+fp/softfp/libcr_c.a(initio.o)
                0x0000000000004668                _initio
 .text.__vfprintf
                0x00000000000046e0      0xbe0 /Applications/MCUXpressoIDE_11.1.0_3209/ide/plugins/com.nxp.mcuxpresso.tools.macosx_11.1.0.201909161352/tools/bin/../lib/gcc/arm-none-eabi/8.3.1/../../../../arm-none-eabi/lib/thumb/v7e-m+fp/softfp/libcr_c.a(printf.o)
                0x00000000000046e0                __vfprintf
 .text.setvbuf  0x00000000000052c0       0x40 /Applications/MCUXpressoIDE_11.1.0_3209/ide/plugins/com.nxp.mcuxpresso.tools.macosx_11.1.0.201909161352/tools/bin/../lib/gcc/arm-none-eabi/8.3.1/../../../../arm-none-eabi/lib/thumb/v7e-m+fp/softfp/libcr_c.a(setvbuf.o)
                0x00000000000052c0                setvbuf
 .text.strlen   0x0000000000005300       0x4c /Applications/MCUXpressoIDE_11.1.0_3209/ide/plugins/com.nxp.mcuxpresso.tools.macosx_11.1.0.201909161352/tools/bin/../lib/gcc/arm-none-eabi/8.3.1/../../../../arm-none-eabi/lib/thumb/v7e-m+fp/softfp/libcr_c.a(strlen.o)
                0x0000000000005300                strlen
 .text._deferredlazyseek
                0x000000000000534c       0x40 /Applications/MCUXpressoIDE_11.1.0_3209/ide/plugins/com.nxp.mcuxpresso.tools.macosx_11.1.0.201909161352/tools/bin/../lib/gcc/arm-none-eabi/8.3.1/../../../../arm-none-eabi/lib/thumb/v7e-m+fp/softfp/libcr_c.a(_deferredlazyseek.o)
                0x000000000000534c                _deferredlazyseek
 .text.__flsbuf
                0x000000000000538c      0x140 /Applications/MCUXpressoIDE_11.1.0_3209/ide/plugins/com.nxp.mcuxpresso.tools.macosx_11.1.0.201909161352/tools/bin/../lib/gcc/arm-none-eabi/8.3.1/../../../../arm-none-eabi/lib/thumb/v7e-m+fp/softfp/libcr_c.a(_deferredlazyseek.o)
                0x000000000000538c                __flsbuf
 .text._fdopen  0x00000000000054cc       0x68 /Applications/MCUXpressoIDE_11.1.0_3209/ide/plugins/com.nxp.mcuxpresso.tools.macosx_11.1.0.201909161352/tools/bin/../lib/gcc/arm-none-eabi/8.3.1/../../../../arm-none-eabi/lib/thumb/v7e-m+fp/softfp/libcr_c.a(_fdopen.o)
                0x00000000000054cc                _fdopen
 .text._fflush  0x0000000000005534       0x52 /Applications/MCUXpressoIDE_11.1.0_3209/ide/plugins/com.nxp.mcuxpresso.tools.macosx_11.1.0.201909161352/tools/bin/../lib/gcc/arm-none-eabi/8.3.1/../../../../arm-none-eabi/lib/thumb/v7e-m+fp/softfp/libcr_c.a(_fflush.o)
                0x0000000000005534                _fflush
 .text._frexpl  0x0000000000005586       0x56 /Applications/MCUXpressoIDE_11.1.0_3209/ide/plugins/com.nxp.mcuxpresso.tools.macosx_11.1.0.201909161352/tools/bin/../lib/gcc/arm-none-eabi/8.3.1/../../../../arm-none-eabi/lib/thumb/v7e-m+fp/softfp/libcr_c.a(_frexpl.o)
                0x0000000000005586                _frexpl
 .text._ldexpl  0x00000000000055dc       0x48 /Applications/MCUXpressoIDE_11.1.0_3209/ide/plugins/com.nxp.mcuxpresso.tools.macosx_11.1.0.201909161352/tools/bin/../lib/gcc/arm-none-eabi/8.3.1/../../../../arm-none-eabi/lib/thumb/v7e-m+fp/softfp/libcr_c.a(_ldexpl.o)
                0x00000000000055dc                _ldexpl
 .text._Cwritebuf
                0x0000000000005624       0x6c /Applications/MCUXpressoIDE_11.1.0_3209/ide/plugins/com.nxp.mcuxpresso.tools.macosx_11.1.0.201909161352/tools/bin/../lib/gcc/arm-none-eabi/8.3.1/../../../../arm-none-eabi/lib/thumb/v7e-m+fp/softfp/libcr_c.a(_writebuf.o)
                0x0000000000005624                _Cwritebuf
 .text.malloc   0x0000000000005690       0xc8 /Applications/MCUXpressoIDE_11.1.0_3209/ide/plugins/com.nxp.mcuxpresso.tools.macosx_11.1.0.201909161352/tools/bin/../lib/gcc/arm-none-eabi/8.3.1/../../../../arm-none-eabi/lib/thumb/v7e-m+fp/softfp/libcr_c.a(alloc.o)
                0x0000000000005690                malloc
 .text.free     0x0000000000005758       0x30 /Applications/MCUXpressoIDE_11.1.0_3209/ide/plugins/com.nxp.mcuxpresso.tools.macosx_11.1.0.201909161352/tools/bin/../lib/gcc/arm-none-eabi/8.3.1/../../../../arm-none-eabi/lib/thumb/v7e-m+fp/softfp/libcr_c.a(alloc.o)
                0x0000000000005758                free
 .text._Csys_alloc
                0x0000000000005788       0x20 /Applications/MCUXpressoIDE_11.1.0_3209/ide/plugins/com.nxp.mcuxpresso.tools.macosx_11.1.0.201909161352/tools/bin/../lib/gcc/arm-none-eabi/8.3.1/../../../../arm-none-eabi/lib/thumb/v7e-m+fp/softfp/libcr_c.a(alloc.o)
                0x0000000000005788                _Csys_alloc
 .text.fclose   0x00000000000057a8       0x58 /Applications/MCUXpressoIDE_11.1.0_3209/ide/plugins/com.nxp.mcuxpresso.tools.macosx_11.1.0.201909161352/tools/bin/../lib/gcc/arm-none-eabi/8.3.1/../../../../arm-none-eabi/lib/thumb/v7e-m+fp/softfp/libcr_c.a(fclose.o)
                0x00000000000057a8                fclose
 .text.fflush   0x0000000000005800       0x44 /Applications/MCUXpressoIDE_11.1.0_3209/ide/plugins/com.nxp.mcuxpresso.tools.macosx_11.1.0.201909161352/tools/bin/../lib/gcc/arm-none-eabi/8.3.1/../../../../arm-none-eabi/lib/thumb/v7e-m+fp/softfp/libcr_c.a(fflush.o)
                0x0000000000005800                fflush
 .text.fseek    0x0000000000005844      0x100 /Applications/MCUXpressoIDE_11.1.0_3209/ide/plugins/com.nxp.mcuxpresso.tools.macosx_11.1.0.201909161352/tools/bin/../lib/gcc/arm-none-eabi/8.3.1/../../../../arm-none-eabi/lib/thumb/v7e-m+fp/softfp/libcr_c.a(fseek.o)
                0x0000000000005844                fseek
 .text.ftell    0x0000000000005944       0x48 /Applications/MCUXpressoIDE_11.1.0_3209/ide/plugins/com.nxp.mcuxpresso.tools.macosx_11.1.0.201909161352/tools/bin/../lib/gcc/arm-none-eabi/8.3.1/../../../../arm-none-eabi/lib/thumb/v7e-m+fp/softfp/libcr_c.a(ftell.o)
                0x0000000000005944                ftell
 .text.remove   0x000000000000598c       0x14 /Applications/MCUXpressoIDE_11.1.0_3209/ide/plugins/com.nxp.mcuxpresso.tools.macosx_11.1.0.201909161352/tools/bin/../lib/gcc/arm-none-eabi/8.3.1/../../../../arm-none-eabi/lib/thumb/v7e-m+fp/softfp/libcr_c.a(remove.o)
                0x000000000000598c                remove
 .text._sbrk    0x00000000000059a0       0x3c /Applications/MCUXpressoIDE_11.1.0_3209/ide/plugins/com.nxp.mcuxpresso.tools.macosx_11.1.0.201909161352/tools/bin/../lib/gcc/arm-none-eabi/8.3.1/../../../../arm-none-eabi/lib/thumb/v7e-m+fp/softfp/libcr_c.a(_cr_sbrk.o)
                0x00000000000059a0                _sbrk
 .text._do_fflush
                0x00000000000059dc       0x40 /Applications/MCUXpressoIDE_11.1.0_3209/ide/plugins/com.nxp.mcuxpresso.tools.macosx_11.1.0.201909161352/tools/bin/../lib/gcc/arm-none-eabi/8.3.1/../../../../arm-none-eabi/lib/thumb/v7e-m+fp/softfp/libcr_c.a(_do_fflush.o)
                0x00000000000059dc                _do_fflush
 .text.__check_heap_overflow
                0x0000000000005a1c       0x18 /Applications/MCUXpressoIDE_11.1.0_3209/ide/plugins/com.nxp.mcuxpresso.tools.macosx_11.1.0.201909161352/tools/bin/../lib/gcc/arm-none-eabi/8.3.1/../../../../arm-none-eabi/lib/thumb/v7e-m+fp/softfp/libcr_c.a(_cr_check_heap.o)
                0x0000000000005a1c                __check_heap_overflow
 .text.__aeabi_dmul
                0x0000000000005a34      0x114 /Applications/MCUXpressoIDE_11.1.0_3209/ide/plugins/com.nxp.mcuxpresso.tools.macosx_11.1.0.201909161352/tools/bin/../lib/gcc/arm-none-eabi/8.3.1/thumb/v7e-m+fp/softfp/libcr_eabihelpers.a(double.o)
                0x0000000000005a34                __aeabi_dmul
 .text.__aeabi_ddiv
                0x0000000000005b48      0x150 /Applications/MCUXpressoIDE_11.1.0_3209/ide/plugins/com.nxp.mcuxpresso.tools.macosx_11.1.0.201909161352/tools/bin/../lib/gcc/arm-none-eabi/8.3.1/thumb/v7e-m+fp/softfp/libcr_eabihelpers.a(double.o)
                0x0000000000005b48                __aeabi_ddiv
 .text.__aeabi_dsub
                0x0000000000005c98      0x1ac /Applications/MCUXpressoIDE_11.1.0_3209/ide/plugins/com.nxp.mcuxpresso.tools.macosx_11.1.0.201909161352/tools/bin/../lib/gcc/arm-none-eabi/8.3.1/thumb/v7e-m+fp/softfp/libcr_eabihelpers.a(double.o)
                0x0000000000005c98                __aeabi_dsub
 .text.__aeabi_dadd
                0x0000000000005e44      0x114 /Applications/MCUXpressoIDE_11.1.0_3209/ide/plugins/com.nxp.mcuxpresso.tools.macosx_11.1.0.201909161352/tools/bin/../lib/gcc/arm-none-eabi/8.3.1/thumb/v7e-m+fp/softfp/libcr_eabihelpers.a(double.o)
                0x0000000000005e44                __aeabi_dadd
 .text.__aeabi_d2iz
                0x0000000000005f58       0x40 /Applications/MCUXpressoIDE_11.1.0_3209/ide/plugins/com.nxp.mcuxpresso.tools.macosx_11.1.0.201909161352/tools/bin/../lib/gcc/arm-none-eabi/8.3.1/thumb/v7e-m+fp/softfp/libcr_eabihelpers.a(double.o)
                0x0000000000005f58                __aeabi_d2iz
 .text.__bhs_ui2d
                0x0000000000005f98       0x46 /Applications/MCUXpressoIDE_11.1.0_3209/ide/plugins/com.nxp.mcuxpresso.tools.macosx_11.1.0.201909161352/tools/bin/../lib/gcc/arm-none-eabi/8.3.1/thumb/v7e-m+fp/softfp/libcr_eabihelpers.a(double.o)
                0x0000000000005f98                __bhs_ui2d
 .text.__aeabi_i2d
                0x0000000000005fde       0x12 /Applications/MCUXpressoIDE_11.1.0_3209/ide/plugins/com.nxp.mcuxpresso.tools.macosx_11.1.0.201909161352/tools/bin/../lib/gcc/arm-none-eabi/8.3.1/thumb/v7e-m+fp/softfp/libcr_eabihelpers.a(double.o)
                0x0000000000005fde                __aeabi_i2d
 .text.__aeabi_dcmpeq
                0x0000000000005ff0       0x2e /Applications/MCUXpressoIDE_11.1.0_3209/ide/plugins/com.nxp.mcuxpresso.tools.macosx_11.1.0.201909161352/tools/bin/../lib/gcc/arm-none-eabi/8.3.1/thumb/v7e-m+fp/softfp/libcr_eabihelpers.a(double.o)
                0x0000000000005ff0                __aeabi_dcmpeq
 .text.__aeabi_dcmplt
                0x000000000000601e       0x56 /Applications/MCUXpressoIDE_11.1.0_3209/ide/plugins/com.nxp.mcuxpresso.tools.macosx_11.1.0.201909161352/tools/bin/../lib/gcc/arm-none-eabi/8.3.1/thumb/v7e-m+fp/softfp/libcr_eabihelpers.a(double.o)
                0x000000000000601e                __aeabi_dcmplt
 .text.__aeabi_dcmple
                0x0000000000006074       0x56 /Applications/MCUXpressoIDE_11.1.0_3209/ide/plugins/com.nxp.mcuxpresso.tools.macosx_11.1.0.201909161352/tools/bin/../lib/gcc/arm-none-eabi/8.3.1/thumb/v7e-m+fp/softfp/libcr_eabihelpers.a(double.o)
                0x0000000000006074                __aeabi_dcmple
 .text.__aeabi_dcmpge
                0x00000000000060ca       0x5c /Applications/MCUXpressoIDE_11.1.0_3209/ide/plugins/com.nxp.mcuxpresso.tools.macosx_11.1.0.201909161352/tools/bin/../lib/gcc/arm-none-eabi/8.3.1/thumb/v7e-m+fp/softfp/libcr_eabihelpers.a(double.o)
                0x00000000000060ca                __aeabi_dcmpge
 .text.__aeabi_memset_lowlevel
                0x0000000000006126       0x32 /Applications/MCUXpressoIDE_11.1.0_3209/ide/plugins/com.nxp.mcuxpresso.tools.macosx_11.1.0.201909161352/tools/bin/../lib/gcc/arm-none-eabi/8.3.1/thumb/v7e-m+fp/softfp/libcr_eabihelpers.a(memcpy.o)
                0x0000000000006126                __aeabi_lowlevel_memset
 .text.__sys_appexit
                0x0000000000006158        0x2 /Applications/MCUXpressoIDE_11.1.0_3209/ide/plugins/com.nxp.mcuxpresso.tools.macosx_11.1.0.201909161352/tools/bin/../lib/gcc/arm-none-eabi/8.3.1/../../../../arm-none-eabi/lib/thumb/v7e-m+fp/softfp/libcr_nohost.a(__sys_appexit.o)
                0x0000000000006158                __exit
                0x0000000000006158                __sys_appexit
 .text.__sys_close
                0x000000000000615a        0x6 /Applications/MCUXpressoIDE_11.1.0_3209/ide/plugins/com.nxp.mcuxpresso.tools.macosx_11.1.0.201909161352/tools/bin/../lib/gcc/arm-none-eabi/8.3.1/../../../../arm-none-eabi/lib/thumb/v7e-m+fp/softfp/libcr_nohost.a(__sys_close.o)
                0x000000000000615a                __sys_close
 .text.__sys_flen
                0x0000000000006160        0x6 /Applications/MCUXpressoIDE_11.1.0_3209/ide/plugins/com.nxp.mcuxpresso.tools.macosx_11.1.0.201909161352/tools/bin/../lib/gcc/arm-none-eabi/8.3.1/../../../../arm-none-eabi/lib/thumb/v7e-m+fp/softfp/libcr_nohost.a(__sys_flen.o)
                0x0000000000006160                __sys_flen
 .text.__sys_istty
                0x0000000000006166        0x6 /Applications/MCUXpressoIDE_11.1.0_3209/ide/plugins/com.nxp.mcuxpresso.tools.macosx_11.1.0.201909161352/tools/bin/../lib/gcc/arm-none-eabi/8.3.1/../../../../arm-none-eabi/lib/thumb/v7e-m+fp/softfp/libcr_nohost.a(__sys_istty.o)
                0x0000000000006166                __sys_istty
 .text.__sys_remove
                0x000000000000616c        0x6 /Applications/MCUXpressoIDE_11.1.0_3209/ide/plugins/com.nxp.mcuxpresso.tools.macosx_11.1.0.201909161352/tools/bin/../lib/gcc/arm-none-eabi/8.3.1/../../../../arm-none-eabi/lib/thumb/v7e-m+fp/softfp/libcr_nohost.a(__sys_remove.o)
                0x000000000000616c                __sys_remove
 .text.__sys_seek
                0x0000000000006172        0x6 /Applications/MCUXpressoIDE_11.1.0_3209/ide/plugins/com.nxp.mcuxpresso.tools.macosx_11.1.0.201909161352/tools/bin/../lib/gcc/arm-none-eabi/8.3.1/../../../../arm-none-eabi/lib/thumb/v7e-m+fp/softfp/libcr_nohost.a(__sys_seek.o)
                0x0000000000006172                __sys_seek
 .text.__sys_tmpnam
                0x0000000000006178        0x6 /Applications/MCUXpressoIDE_11.1.0_3209/ide/plugins/com.nxp.mcuxpresso.tools.macosx_11.1.0.201909161352/tools/bin/../lib/gcc/arm-none-eabi/8.3.1/../../../../arm-none-eabi/lib/thumb/v7e-m+fp/softfp/libcr_nohost.a(__sys_tmpnam.o)
                0x0000000000006178                __sys_tmpnam
 *(.rodata .rodata.* .constdata .constdata.*)
 *fill*         0x000000000000617e        0x2 ff
 .rodata        0x0000000000006180      0x3a3 ./example/src/app_sdmmc_meas.o
 *fill*         0x0000000000006523        0x1 ff
 .rodata.ledBits
                0x0000000000006524        0x2 /Users/danielfaronbi/Google Drive/UNO/Fall 2019 Semmester/Embedded Microcontrollers/LPC Workspace/lpc_board_ea_devkit_4088/Debug/liblpc_board_ea_devkit_4088.a(board.o)
 *fill*         0x0000000000006526        0x2 ff
 .rodata.OscRateIn
                0x0000000000006528        0x4 /Users/danielfaronbi/Google Drive/UNO/Fall 2019 Semmester/Embedded Microcontrollers/LPC Workspace/lpc_board_ea_devkit_4088/Debug/liblpc_board_ea_devkit_4088.a(board.o)
                0x0000000000006528                OscRateIn
 .rodata.pinmuxing
                0x000000000000652c       0x88 /Users/danielfaronbi/Google Drive/UNO/Fall 2019 Semmester/Embedded Microcontrollers/LPC Workspace/lpc_board_ea_devkit_4088/Debug/liblpc_board_ea_devkit_4088.a(board_sysinit.o)
 .rodata.IS42S32800D_config
                0x00000000000065b4       0x74 /Users/danielfaronbi/Google Drive/UNO/Fall 2019 Semmester/Embedded Microcontrollers/LPC Workspace/lpc_board_ea_devkit_4088/Debug/liblpc_board_ea_devkit_4088.a(board_sysinit.o)
 .rodata.SST39VF320_config
                0x0000000000006628       0x20 /Users/danielfaronbi/Google Drive/UNO/Fall 2019 Semmester/Embedded Microcontrollers/LPC Workspace/lpc_board_ea_devkit_4088/Debug/liblpc_board_ea_devkit_4088.a(board_sysinit.o)
 .rodata.K9F1G_config
                0x0000000000006648       0x20 /Users/danielfaronbi/Google Drive/UNO/Fall 2019 Semmester/Embedded Microcontrollers/LPC Workspace/lpc_board_ea_devkit_4088/Debug/liblpc_board_ea_devkit_4088.a(board_sysinit.o)
 .rodata.GPDMA_LUTPerBurst
                0x0000000000006668       0x20 /Users/danielfaronbi/Google Drive/UNO/Fall 2019 Semmester/Embedded Microcontrollers/LPC Workspace/lpc_chip_40xx/Debug/liblpc_chip_40xx.a(gpdma_17xx_40xx.o)
 .rodata.GPDMA_LUTPerWid
                0x0000000000006688       0x20 /Users/danielfaronbi/Google Drive/UNO/Fall 2019 Semmester/Embedded Microcontrollers/LPC Workspace/lpc_chip_40xx/Debug/liblpc_chip_40xx.a(gpdma_17xx_40xx.o)
 .rodata.fp_display.str1.1
                0x00000000000066a8       0x34 /Applications/MCUXpressoIDE_11.1.0_3209/ide/plugins/com.nxp.mcuxpresso.tools.macosx_11.1.0.201909161352/tools/bin/../lib/gcc/arm-none-eabi/8.3.1/../../../../arm-none-eabi/lib/thumb/v7e-m+fp/softfp/libcr_c.a(fpprintf.o)
                                         0x35 (size before relaxing)
 .rodata._initio.str1.1
                0x00000000000066dc        0x4 /Applications/MCUXpressoIDE_11.1.0_3209/ide/plugins/com.nxp.mcuxpresso.tools.macosx_11.1.0.201909161352/tools/bin/../lib/gcc/arm-none-eabi/8.3.1/../../../../arm-none-eabi/lib/thumb/v7e-m+fp/softfp/libcr_c.a(initio.o)
 .rodata.__vfprintf.str1.1
                0x00000000000066e0       0x31 /Applications/MCUXpressoIDE_11.1.0_3209/ide/plugins/com.nxp.mcuxpresso.tools.macosx_11.1.0.201909161352/tools/bin/../lib/gcc/arm-none-eabi/8.3.1/../../../../arm-none-eabi/lib/thumb/v7e-m+fp/softfp/libcr_c.a(printf.o)
                                         0x38 (size before relaxing)
 .rodata._Csys_alloc.str1.1
                0x0000000000006711       0x18 /Applications/MCUXpressoIDE_11.1.0_3209/ide/plugins/com.nxp.mcuxpresso.tools.macosx_11.1.0.201909161352/tools/bin/../lib/gcc/arm-none-eabi/8.3.1/../../../../arm-none-eabi/lib/thumb/v7e-m+fp/softfp/libcr_c.a(alloc.o)
 *fill*         0x0000000000006729        0x3 ff
 .rodata.__num_Ciob_streams
                0x000000000000672c        0x4 /Applications/MCUXpressoIDE_11.1.0_3209/ide/plugins/com.nxp.mcuxpresso.tools.macosx_11.1.0.201909161352/tools/bin/../lib/gcc/arm-none-eabi/8.3.1/../../../../arm-none-eabi/lib/thumb/v7e-m+fp/softfp/libcr_nohost.a(__ciob.o)
                0x000000000000672c                __num_Ciob_streams
                0x0000000000006730                . = ALIGN (0x4)

.glue_7         0x0000000000006730        0x0
 .glue_7        0x0000000000006730        0x0 linker stubs

.glue_7t        0x0000000000006730        0x0
 .glue_7t       0x0000000000006730        0x0 linker stubs

.vfp11_veneer   0x0000000000006730        0x0
 .vfp11_veneer  0x0000000000006730        0x0 linker stubs

.v4_bx          0x0000000000006730        0x0
 .v4_bx         0x0000000000006730        0x0 linker stubs

.iplt           0x0000000000006730        0x0
 .iplt          0x0000000000006730        0x0 ./example/src/app_sdmmc_meas.o

.rel.dyn        0x0000000000006730        0x0
 .rel.iplt      0x0000000000006730        0x0 ./example/src/app_sdmmc_meas.o

.ARM.extab
 *(.ARM.extab* .gnu.linkonce.armextab.*)
                0x0000000000006730                __exidx_start = .

.ARM.exidx
 *(.ARM.exidx* .gnu.linkonce.armexidx.*)
                0x0000000000006730                __exidx_end = .
                0x0000000000006730                _etext = .

.data_RAM2      0x0000000020000000        0x0 load address 0x0000000000006730
 FILL mask 0xff
                [!provide]                        PROVIDE (__start_data_RAM2 = .)
                [!provide]                        PROVIDE (__start_data_RamPeriph32 = .)
 *(.ramfunc.$RAM2)
 *(.ramfunc.$RamPeriph32)
 *(.data.$RAM2)
 *(.data.$RamPeriph32)
 *(.data.$RAM2.*)
 *(.data.$RamPeriph32.*)
                0x0000000020000000                . = ALIGN (0x4)
                [!provide]                        PROVIDE (__end_data_RAM2 = .)
                [!provide]                        PROVIDE (__end_data_RamPeriph32 = .)

.uninit_RESERVED
                0x0000000010000000        0x0
                0x0000000010000000                _start_uninit_RESERVED = .
 *(.bss.$RESERVED*)
                0x0000000010000000                . = ALIGN (0x4)
                0x0000000010000000                _end_uninit_RESERVED = .

.data           0x0000000010000000       0x8c load address 0x0000000000006730
 FILL mask 0xff
                0x0000000010000000                _data = .
                [!provide]                        PROVIDE (__start_data_RAM = .)
                [!provide]                        PROVIDE (__start_data_RamLoc64 = .)
 *(vtable)
 *(.ramfunc*)
 *(CodeQuickAccess)
 *(DataQuickAccess)
 *(RamFunction)
 *(.data*)
 .data.Buff_Backup
                0x0000000010000000        0x4 ./example/src/app_sdmmc_meas.o
 .data.Buff_Rd  0x0000000010000004        0x4 ./example/src/app_sdmmc_meas.o
 .data.Buff_Wr  0x0000000010000008        0x4 ./example/src/app_sdmmc_meas.o
 .data.GPDMA_LUTPerAddr
                0x000000001000000c       0x80 /Users/danielfaronbi/Google Drive/UNO/Fall 2019 Semmester/Embedded Microcontrollers/LPC Workspace/lpc_chip_40xx/Debug/liblpc_chip_40xx.a(gpdma_17xx_40xx.o)
                0x000000001000008c                . = ALIGN (0x4)
                0x000000001000008c                _edata = .
                [!provide]                        PROVIDE (__end_data_RAM = .)
                [!provide]                        PROVIDE (__end_data_RamLoc64 = .)

.igot.plt       0x000000001000008c        0x0 load address 0x00000000000067bc
 .igot.plt      0x000000001000008c        0x0 ./example/src/app_sdmmc_meas.o

.bss_RAM2       0x0000000020000000        0x0
                [!provide]                        PROVIDE (__start_bss_RAM2 = .)
                [!provide]                        PROVIDE (__start_bss_RamPeriph32 = .)
 *(.bss.$RAM2)
 *(.bss.$RamPeriph32)
 *(.bss.$RAM2.*)
 *(.bss.$RamPeriph32.*)
                0x0000000020000000                . = ALIGN ((. != 0x0)?0x4:0x1)
                [!provide]                        PROVIDE (__end_bss_RAM2 = .)
                [!provide]                        PROVIDE (__end_bss_RamPeriph32 = .)

.bss            0x000000001000008c      0x560
                0x000000001000008c                _bss = .
                [!provide]                        PROVIDE (__start_bss_RAM = .)
                [!provide]                        PROVIDE (__start_bss_RamLoc64 = .)
 *(.bss*)
 .bss.rd_time_ms
                0x000000001000008c       0x40 ./example/src/app_sdmmc_meas.o
 .bss.wr_time_ms
                0x00000000100000cc       0x40 ./example/src/app_sdmmc_meas.o
 .bss.sdcWaitExit
                0x000000001000010c        0x4 ./example/src/app_sdmmc_meas.o
 .bss.event     0x0000000010000110        0x4 ./example/src/app_sdmmc_meas.o
 .bss.eventResult
                0x0000000010000114        0x1 ./example/src/app_sdmmc_meas.o
 *fill*         0x0000000010000115        0x3 
 .bss.timerCntms
                0x0000000010000118        0x4 ./example/src/app_sdmmc_meas.o
                0x0000000010000118                timerCntms
 .bss.debugBuf.8594
                0x000000001000011c       0x40 ./example/src/app_sdmmc_meas.o
 .bss.debugBuf.8624
                0x000000001000015c       0x40 ./example/src/app_sdmmc_meas.o
 .bss.ChannelHandlerArray
                0x000000001000019c        0x8 /Users/danielfaronbi/Google Drive/UNO/Fall 2019 Semmester/Embedded Microcontrollers/LPC Workspace/lpc_chip_40xx/Debug/liblpc_chip_40xx.a(gpdma_17xx_40xx.o)
 .bss.errno     0x00000000100001a4        0x4 /Applications/MCUXpressoIDE_11.1.0_3209/ide/plugins/com.nxp.mcuxpresso.tools.macosx_11.1.0.201909161352/tools/bin/../lib/gcc/arm-none-eabi/8.3.1/../../../../arm-none-eabi/lib/thumb/v7e-m+fp/softfp/libcr_c.a(errno.o)
                0x00000000100001a4                errno
 .bss.__end_of_heap
                0x00000000100001a8        0x4 /Applications/MCUXpressoIDE_11.1.0_3209/ide/plugins/com.nxp.mcuxpresso.tools.macosx_11.1.0.201909161352/tools/bin/../lib/gcc/arm-none-eabi/8.3.1/../../../../arm-none-eabi/lib/thumb/v7e-m+fp/softfp/libcr_c.a(__init_alloc.o)
                0x00000000100001a8                __end_of_heap
 .bss.__heaps   0x00000000100001ac        0x4 /Applications/MCUXpressoIDE_11.1.0_3209/ide/plugins/com.nxp.mcuxpresso.tools.macosx_11.1.0.201909161352/tools/bin/../lib/gcc/arm-none-eabi/8.3.1/../../../../arm-none-eabi/lib/thumb/v7e-m+fp/softfp/libcr_c.a(__init_alloc.o)
                0x00000000100001ac                __heaps
 .bss.__Ciob    0x00000000100001b0      0x1e0 /Applications/MCUXpressoIDE_11.1.0_3209/ide/plugins/com.nxp.mcuxpresso.tools.macosx_11.1.0.201909161352/tools/bin/../lib/gcc/arm-none-eabi/8.3.1/../../../../arm-none-eabi/lib/thumb/v7e-m+fp/softfp/libcr_nohost.a(__ciob.o)
                0x00000000100001b0                __Ciob
 *(COMMON)
 COMMON         0x0000000010000390      0x258 ./example/src/app_sdmmc_meas.o
                0x0000000010000390                sdCardInfo
 COMMON         0x00000000100005e8        0x4 /Users/danielfaronbi/Google Drive/UNO/Fall 2019 Semmester/Embedded Microcontrollers/LPC Workspace/lpc_chip_40xx/Debug/liblpc_chip_40xx.a(chip_17xx_40xx.o)
                0x00000000100005e8                SystemCoreClock
                0x00000000100005ec                . = ALIGN (0x4)
                0x00000000100005ec                _ebss = .
                [!provide]                        PROVIDE (__end_bss_RAM = .)
                [!provide]                        PROVIDE (__end_bss_RamLoc64 = .)
                [!provide]                        PROVIDE (end = .)

.noinit_RAM2    0x0000000020000000        0x0
                [!provide]                        PROVIDE (__start_noinit_RAM2 = .)
                [!provide]                        PROVIDE (__start_noinit_RamPeriph32 = .)
 *(.noinit.$RAM2)
 *(.noinit.$RamPeriph32)
 *(.noinit.$RAM2.*)
 *(.noinit.$RamPeriph32.*)
                0x0000000020000000                . = ALIGN (0x4)
                [!provide]                        PROVIDE (__end_noinit_RAM2 = .)
                [!provide]                        PROVIDE (__end_noinit_RamPeriph32 = .)

.noinit         0x00000000100005ec        0x0
                0x00000000100005ec                _noinit = .
                [!provide]                        PROVIDE (__start_noinit_RAM = .)
                [!provide]                        PROVIDE (__start_noinit_RamLoc64 = .)
 *(.noinit*)
                0x00000000100005ec                . = ALIGN (0x4)
                0x00000000100005ec                _end_noinit = .
                [!provide]                        PROVIDE (__end_noinit_RAM = .)
                [!provide]                        PROVIDE (__end_noinit_RamLoc64 = .)
                0x00000000100005ec                PROVIDE (_pvHeapStart = DEFINED (__user_heap_base)?__user_heap_base:.)
                0x0000000010010000                PROVIDE (_vStackTop = DEFINED (__user_stack_top)?__user_stack_top:(__top_RamLoc64 - 0x0))
                [!provide]                        PROVIDE (__valid_user_code_checksum = (0x0 - ((((((_vStackTop + (ResetISR + 0x1)) + (NMI_Handler + 0x1)) + (HardFault_Handler + 0x1)) + (DEFINED (MemManage_Handler)?MemManage_Handler:0x0 + 0x1)) + (DEFINED (BusFault_Handler)?BusFault_Handler:0x0 + 0x1)) + (DEFINED (UsageFault_Handler)?UsageFault_Handler:0x0 + 0x1))))
                0x0000000000000000                _image_start = LOADADDR (.text)
                0x00000000000067bc                _image_end = (LOADADDR (.data) + SIZEOF (.data))
                0x00000000000067bc                _image_size = (_image_end - _image_start)
OUTPUT(app_sdmmc_meas.axf elf32-littlearm)

.debug_info     0x0000000000000000     0xa74c
 .debug_info    0x0000000000000000      0xe4f ./example/src/app_sdmmc_meas.o
 .debug_info    0x0000000000000e4f      0x262 ./example/src/cr_startup_lpc40xx.o
 .debug_info    0x00000000000010b1      0x110 ./example/src/sysinit.o
 .debug_info    0x00000000000011c1     0x1c49 /Users/danielfaronbi/Google Drive/UNO/Fall 2019 Semmester/Embedded Microcontrollers/LPC Workspace/lpc_board_ea_devkit_4088/Debug/liblpc_board_ea_devkit_4088.a(board.o)
 .debug_info    0x0000000000002e0a      0xa1c /Users/danielfaronbi/Google Drive/UNO/Fall 2019 Semmester/Embedded Microcontrollers/LPC Workspace/lpc_board_ea_devkit_4088/Debug/liblpc_board_ea_devkit_4088.a(board_sysinit.o)
 .debug_info    0x0000000000003826      0x5fa /Users/danielfaronbi/Google Drive/UNO/Fall 2019 Semmester/Embedded Microcontrollers/LPC Workspace/lpc_chip_40xx/Debug/liblpc_chip_40xx.a(chip_17xx_40xx.o)
 .debug_info    0x0000000000003e20      0xb85 /Users/danielfaronbi/Google Drive/UNO/Fall 2019 Semmester/Embedded Microcontrollers/LPC Workspace/lpc_chip_40xx/Debug/liblpc_chip_40xx.a(clock_17xx_40xx.o)
 .debug_info    0x00000000000049a5      0xc57 /Users/danielfaronbi/Google Drive/UNO/Fall 2019 Semmester/Embedded Microcontrollers/LPC Workspace/lpc_chip_40xx/Debug/liblpc_chip_40xx.a(emc_17xx_40xx.o)
 .debug_info    0x00000000000055fc      0x128 /Users/danielfaronbi/Google Drive/UNO/Fall 2019 Semmester/Embedded Microcontrollers/LPC Workspace/lpc_chip_40xx/Debug/liblpc_chip_40xx.a(fpu_init.o)
 .debug_info    0x0000000000005724     0x14db /Users/danielfaronbi/Google Drive/UNO/Fall 2019 Semmester/Embedded Microcontrollers/LPC Workspace/lpc_chip_40xx/Debug/liblpc_chip_40xx.a(gpdma_17xx_40xx.o)
 .debug_info    0x0000000000006bff      0x1fe /Users/danielfaronbi/Google Drive/UNO/Fall 2019 Semmester/Embedded Microcontrollers/LPC Workspace/lpc_chip_40xx/Debug/liblpc_chip_40xx.a(iocon_17xx_40xx.o)
 .debug_info    0x0000000000006dfd      0xa9b /Users/danielfaronbi/Google Drive/UNO/Fall 2019 Semmester/Embedded Microcontrollers/LPC Workspace/lpc_chip_40xx/Debug/liblpc_chip_40xx.a(sdc_17xx_40xx.o)
 .debug_info    0x0000000000007898     0x16c7 /Users/danielfaronbi/Google Drive/UNO/Fall 2019 Semmester/Embedded Microcontrollers/LPC Workspace/lpc_chip_40xx/Debug/liblpc_chip_40xx.a(sdmmc_17xx_40xx.o)
 .debug_info    0x0000000000008f5f      0x512 /Users/danielfaronbi/Google Drive/UNO/Fall 2019 Semmester/Embedded Microcontrollers/LPC Workspace/lpc_chip_40xx/Debug/liblpc_chip_40xx.a(sysctl_17xx_40xx.o)
 .debug_info    0x0000000000009471      0x4ec /Users/danielfaronbi/Google Drive/UNO/Fall 2019 Semmester/Embedded Microcontrollers/LPC Workspace/lpc_chip_40xx/Debug/liblpc_chip_40xx.a(sysinit_17xx_40xx.o)
 .debug_info    0x000000000000995d      0xdef /Users/danielfaronbi/Google Drive/UNO/Fall 2019 Semmester/Embedded Microcontrollers/LPC Workspace/lpc_chip_40xx/Debug/liblpc_chip_40xx.a(uart_17xx_40xx.o)

.debug_abbrev   0x0000000000000000     0x1e7e
 .debug_abbrev  0x0000000000000000      0x30a ./example/src/app_sdmmc_meas.o
 .debug_abbrev  0x000000000000030a       0xf5 ./example/src/cr_startup_lpc40xx.o
 .debug_abbrev  0x00000000000003ff       0xa3 ./example/src/sysinit.o
 .debug_abbrev  0x00000000000004a2      0x354 /Users/danielfaronbi/Google Drive/UNO/Fall 2019 Semmester/Embedded Microcontrollers/LPC Workspace/lpc_board_ea_devkit_4088/Debug/liblpc_board_ea_devkit_4088.a(board.o)
 .debug_abbrev  0x00000000000007f6      0x234 /Users/danielfaronbi/Google Drive/UNO/Fall 2019 Semmester/Embedded Microcontrollers/LPC Workspace/lpc_board_ea_devkit_4088/Debug/liblpc_board_ea_devkit_4088.a(board_sysinit.o)
 .debug_abbrev  0x0000000000000a2a      0x15e /Users/danielfaronbi/Google Drive/UNO/Fall 2019 Semmester/Embedded Microcontrollers/LPC Workspace/lpc_chip_40xx/Debug/liblpc_chip_40xx.a(chip_17xx_40xx.o)
 .debug_abbrev  0x0000000000000b88      0x2b4 /Users/danielfaronbi/Google Drive/UNO/Fall 2019 Semmester/Embedded Microcontrollers/LPC Workspace/lpc_chip_40xx/Debug/liblpc_chip_40xx.a(clock_17xx_40xx.o)
 .debug_abbrev  0x0000000000000e3c      0x1fb /Users/danielfaronbi/Google Drive/UNO/Fall 2019 Semmester/Embedded Microcontrollers/LPC Workspace/lpc_chip_40xx/Debug/liblpc_chip_40xx.a(emc_17xx_40xx.o)
 .debug_abbrev  0x0000000000001037       0x84 /Users/danielfaronbi/Google Drive/UNO/Fall 2019 Semmester/Embedded Microcontrollers/LPC Workspace/lpc_chip_40xx/Debug/liblpc_chip_40xx.a(fpu_init.o)
 .debug_abbrev  0x00000000000010bb      0x269 /Users/danielfaronbi/Google Drive/UNO/Fall 2019 Semmester/Embedded Microcontrollers/LPC Workspace/lpc_chip_40xx/Debug/liblpc_chip_40xx.a(gpdma_17xx_40xx.o)
 .debug_abbrev  0x0000000000001324      0x122 /Users/danielfaronbi/Google Drive/UNO/Fall 2019 Semmester/Embedded Microcontrollers/LPC Workspace/lpc_chip_40xx/Debug/liblpc_chip_40xx.a(iocon_17xx_40xx.o)
 .debug_abbrev  0x0000000000001446      0x1ed /Users/danielfaronbi/Google Drive/UNO/Fall 2019 Semmester/Embedded Microcontrollers/LPC Workspace/lpc_chip_40xx/Debug/liblpc_chip_40xx.a(sdc_17xx_40xx.o)
 .debug_abbrev  0x0000000000001633      0x2b2 /Users/danielfaronbi/Google Drive/UNO/Fall 2019 Semmester/Embedded Microcontrollers/LPC Workspace/lpc_chip_40xx/Debug/liblpc_chip_40xx.a(sdmmc_17xx_40xx.o)
 .debug_abbrev  0x00000000000018e5      0x14b /Users/danielfaronbi/Google Drive/UNO/Fall 2019 Semmester/Embedded Microcontrollers/LPC Workspace/lpc_chip_40xx/Debug/liblpc_chip_40xx.a(sysctl_17xx_40xx.o)
 .debug_abbrev  0x0000000000001a30      0x175 /Users/danielfaronbi/Google Drive/UNO/Fall 2019 Semmester/Embedded Microcontrollers/LPC Workspace/lpc_chip_40xx/Debug/liblpc_chip_40xx.a(sysinit_17xx_40xx.o)
 .debug_abbrev  0x0000000000001ba5      0x2d9 /Users/danielfaronbi/Google Drive/UNO/Fall 2019 Semmester/Embedded Microcontrollers/LPC Workspace/lpc_chip_40xx/Debug/liblpc_chip_40xx.a(uart_17xx_40xx.o)

.debug_aranges  0x0000000000000000      0x9a0
 .debug_aranges
                0x0000000000000000       0x98 ./example/src/app_sdmmc_meas.o
 .debug_aranges
                0x0000000000000098       0x80 ./example/src/cr_startup_lpc40xx.o
 .debug_aranges
                0x0000000000000118       0x20 ./example/src/sysinit.o
 .debug_aranges
                0x0000000000000138      0x1f8 /Users/danielfaronbi/Google Drive/UNO/Fall 2019 Semmester/Embedded Microcontrollers/LPC Workspace/lpc_board_ea_devkit_4088/Debug/liblpc_board_ea_devkit_4088.a(board.o)
 .debug_aranges
                0x0000000000000330       0x50 /Users/danielfaronbi/Google Drive/UNO/Fall 2019 Semmester/Embedded Microcontrollers/LPC Workspace/lpc_board_ea_devkit_4088/Debug/liblpc_board_ea_devkit_4088.a(board_sysinit.o)
 .debug_aranges
                0x0000000000000380       0x30 /Users/danielfaronbi/Google Drive/UNO/Fall 2019 Semmester/Embedded Microcontrollers/LPC Workspace/lpc_chip_40xx/Debug/liblpc_chip_40xx.a(chip_17xx_40xx.o)
 .debug_aranges
                0x00000000000003b0      0x138 /Users/danielfaronbi/Google Drive/UNO/Fall 2019 Semmester/Embedded Microcontrollers/LPC Workspace/lpc_chip_40xx/Debug/liblpc_chip_40xx.a(clock_17xx_40xx.o)
 .debug_aranges
                0x00000000000004e8       0x80 /Users/danielfaronbi/Google Drive/UNO/Fall 2019 Semmester/Embedded Microcontrollers/LPC Workspace/lpc_chip_40xx/Debug/liblpc_chip_40xx.a(emc_17xx_40xx.o)
 .debug_aranges
                0x0000000000000568       0x20 /Users/danielfaronbi/Google Drive/UNO/Fall 2019 Semmester/Embedded Microcontrollers/LPC Workspace/lpc_chip_40xx/Debug/liblpc_chip_40xx.a(fpu_init.o)
 .debug_aranges
                0x0000000000000588       0x90 /Users/danielfaronbi/Google Drive/UNO/Fall 2019 Semmester/Embedded Microcontrollers/LPC Workspace/lpc_chip_40xx/Debug/liblpc_chip_40xx.a(gpdma_17xx_40xx.o)
 .debug_aranges
                0x0000000000000618       0x28 /Users/danielfaronbi/Google Drive/UNO/Fall 2019 Semmester/Embedded Microcontrollers/LPC Workspace/lpc_chip_40xx/Debug/liblpc_chip_40xx.a(iocon_17xx_40xx.o)
 .debug_aranges
                0x0000000000000640       0x88 /Users/danielfaronbi/Google Drive/UNO/Fall 2019 Semmester/Embedded Microcontrollers/LPC Workspace/lpc_chip_40xx/Debug/liblpc_chip_40xx.a(sdc_17xx_40xx.o)
 .debug_aranges
                0x00000000000006c8      0x130 /Users/danielfaronbi/Google Drive/UNO/Fall 2019 Semmester/Embedded Microcontrollers/LPC Workspace/lpc_chip_40xx/Debug/liblpc_chip_40xx.a(sdmmc_17xx_40xx.o)
 .debug_aranges
                0x00000000000007f8       0x28 /Users/danielfaronbi/Google Drive/UNO/Fall 2019 Semmester/Embedded Microcontrollers/LPC Workspace/lpc_chip_40xx/Debug/liblpc_chip_40xx.a(sysctl_17xx_40xx.o)
 .debug_aranges
                0x0000000000000820       0x60 /Users/danielfaronbi/Google Drive/UNO/Fall 2019 Semmester/Embedded Microcontrollers/LPC Workspace/lpc_chip_40xx/Debug/liblpc_chip_40xx.a(sysinit_17xx_40xx.o)
 .debug_aranges
                0x0000000000000880      0x120 /Users/danielfaronbi/Google Drive/UNO/Fall 2019 Semmester/Embedded Microcontrollers/LPC Workspace/lpc_chip_40xx/Debug/liblpc_chip_40xx.a(uart_17xx_40xx.o)

.debug_ranges   0x0000000000000000      0x8a0
 .debug_ranges  0x0000000000000000       0x88 ./example/src/app_sdmmc_meas.o
 .debug_ranges  0x0000000000000088       0x70 ./example/src/cr_startup_lpc40xx.o
 .debug_ranges  0x00000000000000f8       0x10 ./example/src/sysinit.o
 .debug_ranges  0x0000000000000108      0x1e8 /Users/danielfaronbi/Google Drive/UNO/Fall 2019 Semmester/Embedded Microcontrollers/LPC Workspace/lpc_board_ea_devkit_4088/Debug/liblpc_board_ea_devkit_4088.a(board.o)
 .debug_ranges  0x00000000000002f0       0x40 /Users/danielfaronbi/Google Drive/UNO/Fall 2019 Semmester/Embedded Microcontrollers/LPC Workspace/lpc_board_ea_devkit_4088/Debug/liblpc_board_ea_devkit_4088.a(board_sysinit.o)
 .debug_ranges  0x0000000000000330       0x20 /Users/danielfaronbi/Google Drive/UNO/Fall 2019 Semmester/Embedded Microcontrollers/LPC Workspace/lpc_chip_40xx/Debug/liblpc_chip_40xx.a(chip_17xx_40xx.o)
 .debug_ranges  0x0000000000000350      0x128 /Users/danielfaronbi/Google Drive/UNO/Fall 2019 Semmester/Embedded Microcontrollers/LPC Workspace/lpc_chip_40xx/Debug/liblpc_chip_40xx.a(clock_17xx_40xx.o)
 .debug_ranges  0x0000000000000478       0x70 /Users/danielfaronbi/Google Drive/UNO/Fall 2019 Semmester/Embedded Microcontrollers/LPC Workspace/lpc_chip_40xx/Debug/liblpc_chip_40xx.a(emc_17xx_40xx.o)
 .debug_ranges  0x00000000000004e8       0x10 /Users/danielfaronbi/Google Drive/UNO/Fall 2019 Semmester/Embedded Microcontrollers/LPC Workspace/lpc_chip_40xx/Debug/liblpc_chip_40xx.a(fpu_init.o)
 .debug_ranges  0x00000000000004f8       0x80 /Users/danielfaronbi/Google Drive/UNO/Fall 2019 Semmester/Embedded Microcontrollers/LPC Workspace/lpc_chip_40xx/Debug/liblpc_chip_40xx.a(gpdma_17xx_40xx.o)
 .debug_ranges  0x0000000000000578       0x18 /Users/danielfaronbi/Google Drive/UNO/Fall 2019 Semmester/Embedded Microcontrollers/LPC Workspace/lpc_chip_40xx/Debug/liblpc_chip_40xx.a(iocon_17xx_40xx.o)
 .debug_ranges  0x0000000000000590       0x78 /Users/danielfaronbi/Google Drive/UNO/Fall 2019 Semmester/Embedded Microcontrollers/LPC Workspace/lpc_chip_40xx/Debug/liblpc_chip_40xx.a(sdc_17xx_40xx.o)
 .debug_ranges  0x0000000000000608      0x120 /Users/danielfaronbi/Google Drive/UNO/Fall 2019 Semmester/Embedded Microcontrollers/LPC Workspace/lpc_chip_40xx/Debug/liblpc_chip_40xx.a(sdmmc_17xx_40xx.o)
 .debug_ranges  0x0000000000000728       0x18 /Users/danielfaronbi/Google Drive/UNO/Fall 2019 Semmester/Embedded Microcontrollers/LPC Workspace/lpc_chip_40xx/Debug/liblpc_chip_40xx.a(sysctl_17xx_40xx.o)
 .debug_ranges  0x0000000000000740       0x50 /Users/danielfaronbi/Google Drive/UNO/Fall 2019 Semmester/Embedded Microcontrollers/LPC Workspace/lpc_chip_40xx/Debug/liblpc_chip_40xx.a(sysinit_17xx_40xx.o)
 .debug_ranges  0x0000000000000790      0x110 /Users/danielfaronbi/Google Drive/UNO/Fall 2019 Semmester/Embedded Microcontrollers/LPC Workspace/lpc_chip_40xx/Debug/liblpc_chip_40xx.a(uart_17xx_40xx.o)

.debug_macro    0x0000000000000000     0x6b86
 .debug_macro   0x0000000000000000      0x2c8 ./example/src/app_sdmmc_meas.o
 .debug_macro   0x00000000000002c8      0x89e ./example/src/app_sdmmc_meas.o
 .debug_macro   0x0000000000000b66       0x10 ./example/src/app_sdmmc_meas.o
 .debug_macro   0x0000000000000b76      0x12d ./example/src/app_sdmmc_meas.o
 .debug_macro   0x0000000000000ca3      0x5b2 ./example/src/app_sdmmc_meas.o
 .debug_macro   0x0000000000001255       0x22 ./example/src/app_sdmmc_meas.o
 .debug_macro   0x0000000000001277       0x74 ./example/src/app_sdmmc_meas.o
 .debug_macro   0x00000000000012eb       0x16 ./example/src/app_sdmmc_meas.o
 .debug_macro   0x0000000000001301       0x2d ./example/src/app_sdmmc_meas.o
 .debug_macro   0x000000000000132e       0x3b ./example/src/app_sdmmc_meas.o
 .debug_macro   0x0000000000001369       0x2d ./example/src/app_sdmmc_meas.o
 .debug_macro   0x0000000000001396       0x42 ./example/src/app_sdmmc_meas.o
 .debug_macro   0x00000000000013d8      0xd39 ./example/src/app_sdmmc_meas.o
 .debug_macro   0x0000000000002111      0x295 ./example/src/app_sdmmc_meas.o
 .debug_macro   0x00000000000023a6       0x50 ./example/src/app_sdmmc_meas.o
 .debug_macro   0x00000000000023f6       0x34 ./example/src/app_sdmmc_meas.o
 .debug_macro   0x000000000000242a      0x152 ./example/src/app_sdmmc_meas.o
 .debug_macro   0x000000000000257c       0x82 ./example/src/app_sdmmc_meas.o
 .debug_macro   0x00000000000025fe      0x48c ./example/src/app_sdmmc_meas.o
 .debug_macro   0x0000000000002a8a      0x12d ./example/src/app_sdmmc_meas.o
 .debug_macro   0x0000000000002bb7       0x6a ./example/src/app_sdmmc_meas.o
 .debug_macro   0x0000000000002c21       0x34 ./example/src/app_sdmmc_meas.o
 .debug_macro   0x0000000000002c55       0x58 ./example/src/app_sdmmc_meas.o
 .debug_macro   0x0000000000002cad      0x236 ./example/src/app_sdmmc_meas.o
 .debug_macro   0x0000000000002ee3      0x4c5 ./example/src/app_sdmmc_meas.o
 .debug_macro   0x00000000000033a8      0x1da ./example/src/app_sdmmc_meas.o
 .debug_macro   0x0000000000003582       0x10 ./example/src/app_sdmmc_meas.o
 .debug_macro   0x0000000000003592      0x21b ./example/src/app_sdmmc_meas.o
 .debug_macro   0x00000000000037ad      0x1b9 ./example/src/app_sdmmc_meas.o
 .debug_macro   0x0000000000003966       0x2e ./example/src/app_sdmmc_meas.o
 .debug_macro   0x0000000000003994       0x40 ./example/src/app_sdmmc_meas.o
 .debug_macro   0x00000000000039d4      0x209 ./example/src/app_sdmmc_meas.o
 .debug_macro   0x0000000000003bdd      0x2b3 ./example/src/app_sdmmc_meas.o
 .debug_macro   0x0000000000003e90      0x34c ./example/src/app_sdmmc_meas.o
 .debug_macro   0x00000000000041dc       0xb2 ./example/src/app_sdmmc_meas.o
 .debug_macro   0x000000000000428e       0x16 ./example/src/app_sdmmc_meas.o
 .debug_macro   0x00000000000042a4       0xb8 ./example/src/app_sdmmc_meas.o
 .debug_macro   0x000000000000435c       0x4c ./example/src/app_sdmmc_meas.o
 .debug_macro   0x00000000000043a8       0x16 ./example/src/app_sdmmc_meas.o
 .debug_macro   0x00000000000043be      0x328 ./example/src/app_sdmmc_meas.o
 .debug_macro   0x00000000000046e6       0x3a ./example/src/app_sdmmc_meas.o
 .debug_macro   0x0000000000004720       0x16 ./example/src/app_sdmmc_meas.o
 .debug_macro   0x0000000000004736       0xca ./example/src/app_sdmmc_meas.o
 .debug_macro   0x0000000000004800       0x18 ./example/src/app_sdmmc_meas.o
 .debug_macro   0x0000000000004818       0x16 ./example/src/app_sdmmc_meas.o
 .debug_macro   0x000000000000482e       0x8e ./example/src/app_sdmmc_meas.o
 .debug_macro   0x00000000000048bc      0x124 ./example/src/app_sdmmc_meas.o
 .debug_macro   0x00000000000049e0       0x6c ./example/src/app_sdmmc_meas.o
 .debug_macro   0x0000000000004a4c       0x9a ./example/src/app_sdmmc_meas.o
 .debug_macro   0x0000000000004ae6       0x20 ./example/src/app_sdmmc_meas.o
 .debug_macro   0x0000000000004b06       0x2e ./example/src/app_sdmmc_meas.o
 .debug_macro   0x0000000000004b34       0x1d ./example/src/cr_startup_lpc40xx.o
 .debug_macro   0x0000000000004b51      0x296 ./example/src/sysinit.o
 .debug_macro   0x0000000000004de7       0x7b ./example/src/sysinit.o
 .debug_macro   0x0000000000004e62      0x3cf /Users/danielfaronbi/Google Drive/UNO/Fall 2019 Semmester/Embedded Microcontrollers/LPC Workspace/lpc_board_ea_devkit_4088/Debug/liblpc_board_ea_devkit_4088.a(board.o)
 .debug_macro   0x0000000000005231       0x12 /Users/danielfaronbi/Google Drive/UNO/Fall 2019 Semmester/Embedded Microcontrollers/LPC Workspace/lpc_board_ea_devkit_4088/Debug/liblpc_board_ea_devkit_4088.a(board.o)
 .debug_macro   0x0000000000005243      0x29c /Users/danielfaronbi/Google Drive/UNO/Fall 2019 Semmester/Embedded Microcontrollers/LPC Workspace/lpc_board_ea_devkit_4088/Debug/liblpc_board_ea_devkit_4088.a(board_sysinit.o)
 .debug_macro   0x00000000000054df      0x22c /Users/danielfaronbi/Google Drive/UNO/Fall 2019 Semmester/Embedded Microcontrollers/LPC Workspace/lpc_chip_40xx/Debug/liblpc_chip_40xx.a(chip_17xx_40xx.o)
 .debug_macro   0x000000000000570b      0x22c /Users/danielfaronbi/Google Drive/UNO/Fall 2019 Semmester/Embedded Microcontrollers/LPC Workspace/lpc_chip_40xx/Debug/liblpc_chip_40xx.a(clock_17xx_40xx.o)
 .debug_macro   0x0000000000005937      0x232 /Users/danielfaronbi/Google Drive/UNO/Fall 2019 Semmester/Embedded Microcontrollers/LPC Workspace/lpc_chip_40xx/Debug/liblpc_chip_40xx.a(emc_17xx_40xx.o)
 .debug_macro   0x0000000000005b69       0xbf /Users/danielfaronbi/Google Drive/UNO/Fall 2019 Semmester/Embedded Microcontrollers/LPC Workspace/lpc_chip_40xx/Debug/liblpc_chip_40xx.a(fpu_init.o)
 .debug_macro   0x0000000000005c28      0x22c /Users/danielfaronbi/Google Drive/UNO/Fall 2019 Semmester/Embedded Microcontrollers/LPC Workspace/lpc_chip_40xx/Debug/liblpc_chip_40xx.a(gpdma_17xx_40xx.o)
 .debug_macro   0x0000000000005e54      0x22c /Users/danielfaronbi/Google Drive/UNO/Fall 2019 Semmester/Embedded Microcontrollers/LPC Workspace/lpc_chip_40xx/Debug/liblpc_chip_40xx.a(iocon_17xx_40xx.o)
 .debug_macro   0x0000000000006080      0x22c /Users/danielfaronbi/Google Drive/UNO/Fall 2019 Semmester/Embedded Microcontrollers/LPC Workspace/lpc_chip_40xx/Debug/liblpc_chip_40xx.a(sdc_17xx_40xx.o)
 .debug_macro   0x00000000000062ac      0x256 /Users/danielfaronbi/Google Drive/UNO/Fall 2019 Semmester/Embedded Microcontrollers/LPC Workspace/lpc_chip_40xx/Debug/liblpc_chip_40xx.a(sdmmc_17xx_40xx.o)
 .debug_macro   0x0000000000006502      0x22c /Users/danielfaronbi/Google Drive/UNO/Fall 2019 Semmester/Embedded Microcontrollers/LPC Workspace/lpc_chip_40xx/Debug/liblpc_chip_40xx.a(sysctl_17xx_40xx.o)
 .debug_macro   0x000000000000672e      0x22c /Users/danielfaronbi/Google Drive/UNO/Fall 2019 Semmester/Embedded Microcontrollers/LPC Workspace/lpc_chip_40xx/Debug/liblpc_chip_40xx.a(sysinit_17xx_40xx.o)
 .debug_macro   0x000000000000695a      0x22c /Users/danielfaronbi/Google Drive/UNO/Fall 2019 Semmester/Embedded Microcontrollers/LPC Workspace/lpc_chip_40xx/Debug/liblpc_chip_40xx.a(uart_17xx_40xx.o)

.debug_line     0x0000000000000000     0x6748
 .debug_line    0x0000000000000000      0x7e8 ./example/src/app_sdmmc_meas.o