Archive member included to satisfy reference by file (symbol)

/Users/danielfaronbi/Google Drive/UNO/Fall 2019 Semmester/Embedded Microcontrollers/LPC Workspace/lpc_board_ea_devkit_4088/Debug/liblpc_board_ea_devkit_4088.a(board.o)
                              ./example/src/MassStorageHost.o (Board_Debug_Init)
/Users/danielfaronbi/Google Drive/UNO/Fall 2019 Semmester/Embedded Microcontrollers/LPC Workspace/lpc_board_ea_devkit_4088/Debug/liblpc_board_ea_devkit_4088.a(board_sysinit.o)
                              ./example/src/sysinit.o (Board_SystemInit)
/Users/danielfaronbi/Google Drive/UNO/Fall 2019 Semmester/Embedded Microcontrollers/LPC Workspace/lpc_board_ea_devkit_4088/Debug/liblpc_board_ea_devkit_4088.a(uda1380.o)
                              /Users/danielfaronbi/Google Drive/UNO/Fall 2019 Semmester/Embedded Microcontrollers/LPC Workspace/lpc_board_ea_devkit_4088/Debug/liblpc_board_ea_devkit_4088.a(board.o) (UDA1380_Init)
/Users/danielfaronbi/Google Drive/UNO/Fall 2019 Semmester/Embedded Microcontrollers/LPC Workspace/lpc_chip_40xx/Debug/liblpc_chip_40xx.a(chip_17xx_40xx.o)
                              ./example/src/MassStorageHost.o (SystemCoreClockUpdate)
/Users/danielfaronbi/Google Drive/UNO/Fall 2019 Semmester/Embedded Microcontrollers/LPC Workspace/lpc_chip_40xx/Debug/liblpc_chip_40xx.a(clock_17xx_40xx.o)
                              ./lpcusblib/Drivers/USB/Core/HAL/LPC17XX/HAL_LPC17xx.o (Chip_Clock_EnablePLL)
/Users/danielfaronbi/Google Drive/UNO/Fall 2019 Semmester/Embedded Microcontrollers/LPC Workspace/lpc_chip_40xx/Debug/liblpc_chip_40xx.a(emc_17xx_40xx.o)
                              /Users/danielfaronbi/Google Drive/UNO/Fall 2019 Semmester/Embedded Microcontrollers/LPC Workspace/lpc_board_ea_devkit_4088/Debug/liblpc_board_ea_devkit_4088.a(board_sysinit.o) (Chip_EMC_Dynamic_Init)
/Users/danielfaronbi/Google Drive/UNO/Fall 2019 Semmester/Embedded Microcontrollers/LPC Workspace/lpc_chip_40xx/Debug/liblpc_chip_40xx.a(fpu_init.o)
                              ./example/src/sysinit.o (fpuInit)
/Users/danielfaronbi/Google Drive/UNO/Fall 2019 Semmester/Embedded Microcontrollers/LPC Workspace/lpc_chip_40xx/Debug/liblpc_chip_40xx.a(i2c_17xx_40xx.o)
                              /Users/danielfaronbi/Google Drive/UNO/Fall 2019 Semmester/Embedded Microcontrollers/LPC Workspace/lpc_board_ea_devkit_4088/Debug/liblpc_board_ea_devkit_4088.a(uda1380.o) (Chip_I2C_EventHandlerPolling)
/Users/danielfaronbi/Google Drive/UNO/Fall 2019 Semmester/Embedded Microcontrollers/LPC Workspace/lpc_chip_40xx/Debug/liblpc_chip_40xx.a(i2s_17xx_40xx.o)
                              /Users/danielfaronbi/Google Drive/UNO/Fall 2019 Semmester/Embedded Microcontrollers/LPC Workspace/lpc_board_ea_devkit_4088/Debug/liblpc_board_ea_devkit_4088.a(board.o) (Chip_I2S_Init)
/Users/danielfaronbi/Google Drive/UNO/Fall 2019 Semmester/Embedded Microcontrollers/LPC Workspace/lpc_chip_40xx/Debug/liblpc_chip_40xx.a(iocon_17xx_40xx.o)
                              /Users/danielfaronbi/Google Drive/UNO/Fall 2019 Semmester/Embedded Microcontrollers/LPC Workspace/lpc_board_ea_devkit_4088/Debug/liblpc_board_ea_devkit_4088.a(board_sysinit.o) (Chip_IOCON_SetPinMuxing)
/Users/danielfaronbi/Google Drive/UNO/Fall 2019 Semmester/Embedded Microcontrollers/LPC Workspace/lpc_chip_40xx/Debug/liblpc_chip_40xx.a(rtc_17xx_40xx.o)
                              ./fatfs/src/rtc.o (Chip_RTC_Init)
/Users/danielfaronbi/Google Drive/UNO/Fall 2019 Semmester/Embedded Microcontrollers/LPC Workspace/lpc_chip_40xx/Debug/liblpc_chip_40xx.a(ssp_17xx_40xx.o)
                              /Users/danielfaronbi/Google Drive/UNO/Fall 2019 Semmester/Embedded Microcontrollers/LPC Workspace/lpc_board_ea_devkit_4088/Debug/liblpc_board_ea_devkit_4088.a(board.o) (Chip_SSP_WriteFrames_Blocking)
/Users/danielfaronbi/Google Drive/UNO/Fall 2019 Semmester/Embedded Microcontrollers/LPC Workspace/lpc_chip_40xx/Debug/liblpc_chip_40xx.a(sysctl_17xx_40xx.o)
                              /Users/danielfaronbi/Google Drive/UNO/Fall 2019 Semmester/Embedded Microcontrollers/LPC Workspace/lpc_board_ea_devkit_4088/Debug/liblpc_board_ea_devkit_4088.a(board_sysinit.o) (Chip_SYSCTL_PeriphReset)
/Users/danielfaronbi/Google Drive/UNO/Fall 2019 Semmester/Embedded Microcontrollers/LPC Workspace/lpc_chip_40xx/Debug/liblpc_chip_40xx.a(sysinit_17xx_40xx.o)
                              /Users/danielfaronbi/Google Drive/UNO/Fall 2019 Semmester/Embedded Microcontrollers/LPC Workspace/lpc_board_ea_devkit_4088/Debug/liblpc_board_ea_devkit_4088.a(board_sysinit.o) (Chip_SetupXtalClocking)
/Users/danielfaronbi/Google Drive/UNO/Fall 2019 Semmester/Embedded Microcontrollers/LPC Workspace/lpc_chip_40xx/Debug/liblpc_chip_40xx.a(uart_17xx_40xx.o)
                              /Users/danielfaronbi/Google Drive/UNO/Fall 2019 Semmester/Embedded Microcontrollers/LPC Workspace/lpc_board_ea_devkit_4088/Debug/liblpc_board_ea_devkit_4088.a(board.o) (Chip_UART_Init)
[...]
Memory Configuration

Name             Origin             Length             Attributes
MFlash512        0x0000000000000000 0x0000000000080000 xr
RamLoc64         0x0000000010000000 0x0000000000010000 xrw
RamPeriph32      0x0000000020000000 0x0000000000008000 xrw
*default*        0x0000000000000000 0xffffffffffffffff

Linker script and memory map

LOAD ./lpcusblib/Drivers/USB/Core/HCD/OHCI/OHCI.o
LOAD ./lpcusblib/Drivers/USB/Core/HCD/HCD.o
LOAD ./lpcusblib/Drivers/USB/Core/HAL/LPC17XX/HAL_LPC17xx.o
LOAD ./lpcusblib/Drivers/USB/Core/ConfigDescriptor.o
LOAD ./lpcusblib/Drivers/USB/Core/Host.o
LOAD ./lpcusblib/Drivers/USB/Core/HostStandardReq.o
LOAD ./lpcusblib/Drivers/USB/Core/Pipe.o
LOAD ./lpcusblib/Drivers/USB/Core/PipeStream.o
LOAD ./lpcusblib/Drivers/USB/Core/USBController.o
LOAD ./lpcusblib/Drivers/USB/Core/USBMemory.o
LOAD ./lpcusblib/Drivers/USB/Core/USBTask.o
LOAD ./lpcusblib/Drivers/USB/Class/Host/MassStorageClassHost.o
LOAD ./lpcusblib/Drivers/USB/Class/Common/HIDParser.o
LOAD ./fatfs/src/ff.o
LOAD ./fatfs/src/fs_usb.o
LOAD ./fatfs/src/rtc.o
LOAD ./example/src/MassStorageHost.o
LOAD ./example/src/cr_startup_lpc40xx.o
LOAD ./example/src/sysinit.o
LOAD /Users/danielfaronbi/Google Drive/UNO/Fall 2019 Semmester/Embedded Microcontrollers/LPC Workspace/lpc_board_ea_devkit_4088/Debug/liblpc_board_ea_devkit_4088.a
LOAD /Users/danielfaronbi/Google Drive/UNO/Fall 2019 Semmester/Embedded Microcontrollers/LPC Workspace/lpc_chip_40xx/Debug/liblpc_chip_40xx.a
START GROUP
LOAD /Applications/MCUXpressoIDE_11.1.0_3209/ide/plugins/com.nxp.mcuxpresso.tools.macosx_11.1.0.201909161352/tools/bin/../lib/gcc/arm-none-eabi/8.3.1/../../../../arm-none-eabi/lib/thumb/v7e-m+fp/softfp/libcr_nohost.a
LOAD /Applications/MCUXpressoIDE_11.1.0_3209/ide/plugins/com.nxp.mcuxpresso.tools.macosx_11.1.0.201909161352/tools/bin/../lib/gcc/arm-none-eabi/8.3.1/../../../../arm-none-eabi/lib/thumb/v7e-m+fp/softfp/libcr_c.a
LOAD /Applications/MCUXpressoIDE_11.1.0_3209/ide/plugins/com.nxp.mcuxpresso.tools.macosx_11.1.0.201909161352/tools/bin/../lib/gcc/arm-none-eabi/8.3.1/thumb/v7e-m+fp/softfp/libcr_eabihelpers.a
LOAD /Applications/MCUXpressoIDE_11.1.0_3209/ide/plugins/com.nxp.mcuxpresso.tools.macosx_11.1.0.201909161352/tools/bin/../lib/gcc/arm-none-eabi/8.3.1/thumb/v7e-m+fp/softfp/libgcc.a
END GROUP
                0x0000000000000000                __base_MFlash512 = 0x0
                0x0000000000000000                __base_Flash = 0x0
                0x0000000000080000                __top_MFlash512 = 0x80000
                0x0000000000080000                __top_Flash = 0x80000
                0x0000000010000000                __base_RamLoc64 = 0x10000000
                0x0000000010000000                __base_RAM = 0x10000000
                0x0000000010010000                __top_RamLoc64 = 0x10010000
                0x0000000010010000                __top_RAM = 0x10010000
                0x0000000020000000                __base_RamPeriph32 = 0x20000000
                0x0000000020000000                __base_RAM2 = 0x20000000
                0x0000000020008000                __top_RamPeriph32 = 0x20008000
                0x0000000020008000                __top_RAM2 = 0x20008000

.text           0x0000000000000000     0xac08
 FILL mask 0xff
                0x0000000000000000                __vectors_start__ = ABSOLUTE (.)
 *(.isr_vector)
 .isr_vector    0x0000000000000000       0xe4 ./example/src/cr_startup_lpc40xx.o
                0x0000000000000000                g_pfnVectors
                0x00000000000000e4                . = ALIGN (0x4)
                0x00000000000000e4                __section_table_start = .
                0x00000000000000e4                __data_section_table = .
                0x00000000000000e4        0x4 LONG 0xac08 LOADADDR (.data)
                0x00000000000000e8        0x4 LONG 0x10000000 ADDR (.data)
                0x00000000000000ec        0x4 LONG 0x18 SIZEOF (.data)
                0x00000000000000f0        0x4 LONG 0xac08 LOADADDR (.data_RAM2)
                0x00000000000000f4        0x4 LONG 0x20000000 ADDR (.data_RAM2)
                0x00000000000000f8        0x4 LONG 0x0 SIZEOF (.data_RAM2)
                0x00000000000000fc                __data_section_table_end = .
                0x00000000000000fc                __bss_section_table = .
                0x00000000000000fc        0x4 LONG 0x10000018 ADDR (.bss)
                0x0000000000000100        0x4 LONG 0x26fc SIZEOF (.bss)
                0x0000000000000104        0x4 LONG 0x20000000 ADDR (.bss_RAM2)
                0x0000000000000108        0x4 LONG 0x1508 SIZEOF (.bss_RAM2)
                0x000000000000010c                __bss_section_table_end = .
                0x000000000000010c                __section_table_end = .
 *(.after_vectors*)
 .after_vectors
                0x000000000000010c      0x168 ./example/src/cr_startup_lpc40xx.o
                0x000000000000010c                data_init
                0x0000000000000150                bss_init
                0x0000000000000188                ResetISR
                0x0000000000000220                NMI_Handler
                0x0000000000000228                HardFault_Handler
                0x0000000000000230                MemManage_Handler
                0x0000000000000238                BusFault_Handler
                0x0000000000000240                UsageFault_Handler
                0x0000000000000248                SVC_Handler
                0x0000000000000250                DebugMon_Handler
                0x0000000000000258                PendSV_Handler
                0x0000000000000260                SysTick_Handler
                0x0000000000000268                TIMER3_IRQHandler
                0x0000000000000268                UART0_IRQHandler
                0x0000000000000268                IntDefaultHandler
                0x0000000000000268                PLL0_IRQHandler
                0x0000000000000268                CAN_IRQHandler
                0x0000000000000268                PLL1_IRQHandler
                0x0000000000000268                SSP0_IRQHandler
                0x0000000000000268                I2S_IRQHandler
                0x0000000000000268                I2C2_IRQHandler
                0x0000000000000268                RTC_IRQHandler
                0x0000000000000268                TIMER0_IRQHandler
                0x0000000000000268                SPI_IRQHandler
                0x0000000000000268                LCD_IRQHandler
                0x0000000000000268                EINT1_IRQHandler
                0x0000000000000268                TIMER1_IRQHandler
                0x0000000000000268                UART2_IRQHandler
                0x0000000000000268                UART4_IRQHandler
                0x0000000000000268                ADC_IRQHandler
                0x0000000000000268                SSP1_IRQHandler
                0x0000000000000268                BOD_IRQHandler
                0x0000000000000268                WDT_IRQHandler
                0x0000000000000268                QEI_IRQHandler
                0x0000000000000268                EINT0_IRQHandler
                0x0000000000000268                ETH_IRQHandler
                0x0000000000000268                PWM0_IRQHandler
                0x0000000000000268                SSP2_IRQHandler
                0x0000000000000268                EEPROM_IRQHandler
                0x0000000000000268                DMA_IRQHandler
                0x0000000000000268                UART3_IRQHandler
                0x0000000000000268                GPIO_IRQHandler
                0x0000000000000268                MCPWM_IRQHandler
                0x0000000000000268                TIMER2_IRQHandler
                0x0000000000000268                RIT_IRQHandler
                0x0000000000000268                I2C0_IRQHandler
                0x0000000000000268                USBActivity_IRQHandler
                0x0000000000000268                PWM1_IRQHandler
                0x0000000000000268                SDIO_IRQHandler
                0x0000000000000268                I2C1_IRQHandler
                0x0000000000000268                EINT2_IRQHandler
                0x0000000000000268                UART1_IRQHandler
                0x0000000000000268                EINT3_IRQHandler
                0x0000000000000268                CANActivity_IRQHandler
 *(.text*)
 .text.Align4k  0x0000000000000274       0x20 ./lpcusblib/Drivers/USB/Core/HCD/OHCI/OHCI.o
 .text.Offset4k
                0x0000000000000294       0x1c ./lpcusblib/Drivers/USB/Core/HCD/OHCI/OHCI.o
 .text.HcdGetDeviceSpeed
                0x00000000000002b0       0x48 ./lpcusblib/Drivers/USB/Core/HCD/OHCI/OHCI.o
                0x00000000000002b0                HcdGetDeviceSpeed
 .text.HcdGetFrameNumber
                0x00000000000002f8       0x30 ./lpcusblib/Drivers/USB/Core/HCD/OHCI/OHCI.o
                0x00000000000002f8                HcdGetFrameNumber
 .text.HcdRhPortReset
                0x0000000000000328       0x44 ./lpcusblib/Drivers/USB/Core/HCD/OHCI/OHCI.o
                0x0000000000000328                HcdRhPortReset
 .text.HcdInitDriver
                0x000000000000036c       0x48 ./lpcusblib/Drivers/USB/Core/HCD/OHCI/OHCI.o
                0x000000000000036c                HcdInitDriver
 .text.HcdDeInitDriver
                0x00000000000003b4       0x24 ./lpcusblib/Drivers/USB/Core/HCD/OHCI/OHCI.o
                0x00000000000003b4                HcdDeInitDriver
 .text.HcdOpenPipe
                0x00000000000003d8      0x120 ./lpcusblib/Drivers/USB/Core/HCD/OHCI/OHCI.o
                0x00000000000003d8                HcdOpenPipe
 .text.HcdCancelTransfer
                0x00000000000004f8      0x120 ./lpcusblib/Drivers/USB/Core/HCD/OHCI/OHCI.o
                0x00000000000004f8                HcdCancelTransfer
 .text.HcdClosePipe
                0x0000000000000618       0x6c ./lpcusblib/Drivers/USB/Core/HCD/OHCI/OHCI.o
                0x0000000000000618                HcdClosePipe
 .text.HcdClearEndpointHalt
                0x0000000000000684       0x64 ./lpcusblib/Drivers/USB/Core/HCD/OHCI/OHCI.o
                0x0000000000000684                HcdClearEndpointHalt
 .text.HcdControlTransfer
                0x00000000000006e8      0x120 ./lpcusblib/Drivers/USB/Core/HCD/OHCI/OHCI.o
                0x00000000000006e8                HcdControlTransfer
 .text.QueueOneITD
                0x0000000000000808      0x16c ./lpcusblib/Drivers/USB/Core/HCD/OHCI/OHCI.o
 .text.QueueITDs
                0x0000000000000974       0xa0 ./lpcusblib/Drivers/USB/Core/HCD/OHCI/OHCI.o
 .text.HcdDataTransfer
                0x0000000000000a14      0x120 ./lpcusblib/Drivers/USB/Core/HCD/OHCI/OHCI.o
                0x0000000000000a14                HcdDataTransfer
 .text.HcdGetPipeStatus
                0x0000000000000b34       0x3c ./lpcusblib/Drivers/USB/Core/HCD/OHCI/OHCI.o
                0x0000000000000b34                HcdGetPipeStatus
 .text.OHciRhStatusChangeIsr
                0x0000000000000b70       0x2c ./lpcusblib/Drivers/USB/Core/HCD/OHCI/OHCI.o
 .text.ProcessDoneQueue
                0x0000000000000b9c      0x190 ./lpcusblib/Drivers/USB/Core/HCD/OHCI/OHCI.o
 .text.HcdIrqHandler
                0x0000000000000d2c      0x108 ./lpcusblib/Drivers/USB/Core/HCD/OHCI/OHCI.o
                0x0000000000000d2c                HcdIrqHandler
 .text.QueueOneGTD
                0x0000000000000e34       0x9c ./lpcusblib/Drivers/USB/Core/HCD/OHCI/OHCI.o
 .text.QueueGTDs
                0x0000000000000ed0       0x7c ./lpcusblib/Drivers/USB/Core/HCD/OHCI/OHCI.o
 .text.WaitForTransferComplete
                0x0000000000000f4c       0x34 ./lpcusblib/Drivers/USB/Core/HCD/OHCI/OHCI.o
 .text.InsertEndpoint
                0x0000000000000f80       0x5c ./lpcusblib/Drivers/USB/Core/HCD/OHCI/OHCI.o
 .text.RemoveEndpoint
                0x0000000000000fdc       0x74 ./lpcusblib/Drivers/USB/Core/HCD/OHCI/OHCI.o
 .text.BuildPeriodicStaticEdTree
                0x0000000000001050       0x54 ./lpcusblib/Drivers/USB/Core/HCD/OHCI/OHCI.o
 .text.Align16  0x00000000000010a4       0x1c ./lpcusblib/Drivers/USB/Core/HCD/OHCI/OHCI.o
 .text.HcdED    0x00000000000010c0       0x24 ./lpcusblib/Drivers/USB/Core/HCD/OHCI/OHCI.o
 .text.HcdGTD   0x00000000000010e4       0x24 ./lpcusblib/Drivers/USB/Core/HCD/OHCI/OHCI.o
 .text.HcdITD   0x0000000000001108       0x28 ./lpcusblib/Drivers/USB/Core/HCD/OHCI/OHCI.o
 .text.IsIsoEndpoint
                0x0000000000001130       0x28 ./lpcusblib/Drivers/USB/Core/HCD/OHCI/OHCI.o
 .text.PipehandleCreate
                0x0000000000001158       0x2c ./lpcusblib/Drivers/USB/Core/HCD/OHCI/OHCI.o
 .text.PipehandleParse
                0x0000000000001184       0x54 ./lpcusblib/Drivers/USB/Core/HCD/OHCI/OHCI.o
 .text.AllocEd  0x00000000000011d8      0x1c8 ./lpcusblib/Drivers/USB/Core/HCD/OHCI/OHCI.o
 .text.AllocGtdForEd
                0x00000000000013a0      0x10c ./lpcusblib/Drivers/USB/Core/HCD/OHCI/OHCI.o
 .text.AllocItdForEd
                0x00000000000014ac      0x100 ./lpcusblib/Drivers/USB/Core/HCD/OHCI/OHCI.o
 .text.FreeED   0x00000000000015ac       0x68 ./lpcusblib/Drivers/USB/Core/HCD/OHCI/OHCI.o
 .text.FreeGtd  0x0000000000001614       0x20 ./lpcusblib/Drivers/USB/Core/HCD/OHCI/OHCI.o
 .text.FreeItd  0x0000000000001634       0x24 ./lpcusblib/Drivers/USB/Core/HCD/OHCI/OHCI.o
 .text.OHciHostInit
                0x0000000000001658      0x108 ./lpcusblib/Drivers/USB/Core/HCD/OHCI/OHCI.o
 .text.OHciHostReset
                0x0000000000001760       0x30 ./lpcusblib/Drivers/USB/Core/HCD/OHCI/OHCI.o
 .text.OHciHostOperational
                0x0000000000001790       0x2c ./lpcusblib/Drivers/USB/Core/HCD/OHCI/OHCI.o
 .text.HcdDelayUS
                0x00000000000017bc       0x2c ./lpcusblib/Drivers/USB/Core/HCD/HCD.o
                0x00000000000017bc                HcdDelayUS
 .text.HcdDelayMS
                0x00000000000017e8       0x2c ./lpcusblib/Drivers/USB/Core/HCD/HCD.o
                0x00000000000017e8                HcdDelayMS
 .text.OpenPipe_VerifyParameters
                0x0000000000001814      0x16c ./lpcusblib/Drivers/USB/Core/HCD/HCD.o
                0x0000000000001814                OpenPipe_VerifyParameters
 .text.NVIC_EnableIRQ
                0x0000000000001980       0x34 ./lpcusblib/Drivers/USB/Core/HAL/LPC17XX/HAL_LPC17xx.o
 .text.Chip_Clock_GetPLLStatus
                0x00000000000019b4       0x28 ./lpcusblib/Drivers/USB/Core/HAL/LPC17XX/HAL_LPC17xx.o
 .text.Chip_IOCON_PinMuxSet
                0x00000000000019dc       0x30 ./lpcusblib/Drivers/USB/Core/HAL/LPC17XX/HAL_LPC17xx.o
 .text.Chip_IOCON_PinMux
                0x0000000000001a0c       0x2c ./lpcusblib/Drivers/USB/Core/HAL/LPC17XX/HAL_LPC17xx.o
 .text.HAL_USBInit
                0x0000000000001a38       0x74 ./lpcusblib/Drivers/USB/Core/HAL/LPC17XX/HAL_LPC17xx.o
                0x0000000000001a38                HAL_USBInit
 .text.HAL_EnableUSBInterrupt
                0x0000000000001aac       0x18 ./lpcusblib/Drivers/USB/Core/HAL/LPC17XX/HAL_LPC17xx.o
                0x0000000000001aac                HAL_EnableUSBInterrupt
 .text.USB_IRQHandler
                0x0000000000001ac4       0x20 ./lpcusblib/Drivers/USB/Core/HAL/LPC17XX/HAL_LPC17xx.o
                0x0000000000001ac4                USB_IRQHandler
 .text.USB_GetNextDescriptor
                0x0000000000001ae4       0x4c ./lpcusblib/Drivers/USB/Core/ConfigDescriptor.o
 .text.USB_Host_GetDeviceConfigDescriptor
                0x0000000000001b30       0xd0 ./lpcusblib/Drivers/USB/Core/ConfigDescriptor.o
                0x0000000000001b30                USB_Host_GetDeviceConfigDescriptor
 .text.USB_GetNextDescriptorComp
                0x0000000000001c00       0x60 ./lpcusblib/Drivers/USB/Core/ConfigDescriptor.o
                0x0000000000001c00                USB_GetNextDescriptorComp
 .text.USB_Host_ProcessNextHostState
                0x0000000000001c60      0x2f4 ./lpcusblib/Drivers/USB/Core/Host.o
                0x0000000000001c60                USB_Host_ProcessNextHostState
 .text.USB_Host_WaitMS
                0x0000000000001f54       0x18 ./lpcusblib/Drivers/USB/Core/Host.o
                0x0000000000001f54                USB_Host_WaitMS
 .text.USB_Host_Enumerate
                0x0000000000001f6c       0x28 ./lpcusblib/Drivers/USB/Core/Host.o
                0x0000000000001f6c                USB_Host_Enumerate
 .text.USB_Host_DeEnumerate
                0x0000000000001f94       0x68 ./lpcusblib/Drivers/USB/Core/Host.o
                0x0000000000001f94                USB_Host_DeEnumerate
 .text.USB_Host_GetActiveHost
                0x0000000000001ffc       0x18 ./lpcusblib/Drivers/USB/Core/Host.o
                0x0000000000001ffc                USB_Host_GetActiveHost
 .text.USB_Host_SetDeviceSpeed
                0x0000000000002014       0x28 ./lpcusblib/Drivers/USB/Core/Host.o
                0x0000000000002014                USB_Host_SetDeviceSpeed
 .text.USB_Host_GetFrameNumber
                0x000000000000203c       0x18 ./lpcusblib/Drivers/USB/Core/Host.o
                0x000000000000203c                USB_Host_GetFrameNumber
 .text.USB_Host_SendControlRequest
                0x0000000000002054      0x1ac ./lpcusblib/Drivers/USB/Core/HostStandardReq.o
                0x0000000000002054                USB_Host_SendControlRequest
 .text.USB_Host_SetDeviceConfiguration
                0x0000000000002200       0x8c ./lpcusblib/Drivers/USB/Core/HostStandardReq.o
                0x0000000000002200                USB_Host_SetDeviceConfiguration
 .text.USB_Host_ClearEndpointStall
                0x000000000000228c       0x60 ./lpcusblib/Drivers/USB/Core/HostStandardReq.o
                0x000000000000228c                USB_Host_ClearEndpointStall
 .text.Pipe_ConfigurePipe
                0x00000000000022ec      0x150 ./lpcusblib/Drivers/USB/Core/Pipe.o
                0x00000000000022ec                Pipe_ConfigurePipe
 .text.Pipe_ClosePipe
                0x000000000000243c       0x8c ./lpcusblib/Drivers/USB/Core/Pipe.o
                0x000000000000243c                Pipe_ClosePipe
 .text.Pipe_IsEndpointBound
                0x00000000000024c8       0x18 ./lpcusblib/Drivers/USB/Core/Pipe.o
                0x00000000000024c8                Pipe_IsEndpointBound
 .text.Pipe_WaitUntilReady
                0x00000000000024e0      0x16c ./lpcusblib/Drivers/USB/Core/Pipe.o
                0x00000000000024e0                Pipe_WaitUntilReady
 .text.Pipe_IsINReceived
                0x000000000000264c       0xd0 ./lpcusblib/Drivers/USB/Core/Pipe.o
                0x000000000000264c                Pipe_IsINReceived
 .text.Pipe_Write_Stream_LE
                0x000000000000271c       0xfc ./lpcusblib/Drivers/USB/Core/PipeStream.o
                0x000000000000271c                Pipe_Write_Stream_LE
 .text.Pipe_Read_Stream_LE
                0x0000000000002818      0x2e8 ./lpcusblib/Drivers/USB/Core/PipeStream.o
                0x0000000000002818                Pipe_Read_Stream_LE
 .text.USB_Init
                0x0000000000002b00       0x6c ./lpcusblib/Drivers/USB/Core/USBController.o
                0x0000000000002b00                USB_Init
 .text.USB_ResetInterface
                0x0000000000002b6c       0x2c ./lpcusblib/Drivers/USB/Core/USBController.o
                0x0000000000002b6c                USB_ResetInterface
 .text.USB_Init_Host
                0x0000000000002b98       0x68 ./lpcusblib/Drivers/USB/Core/USBController.o
 .text.USB_Memory_Init
                0x0000000000002c00       0x4c ./lpcusblib/Drivers/USB/Core/USBMemory.o
                0x0000000000002c00                USB_Memory_Init
 .text.USB_Memory_Alloc
                0x0000000000002c4c      0x128 ./lpcusblib/Drivers/USB/Core/USBMemory.o
                0x0000000000002c4c                USB_Memory_Alloc
 .text.USB_Memory_Free
                0x0000000000002d74      0x150 ./lpcusblib/Drivers/USB/Core/USBMemory.o
                0x0000000000002d74                USB_Memory_Free
 .text.USB_USBTask
                0x0000000000002ec4       0x20 ./lpcusblib/Drivers/USB/Core/USBTask.o
                0x0000000000002ec4                USB_USBTask
 .text.USB_HostTask
                0x0000000000002ee4       0x48 ./lpcusblib/Drivers/USB/Core/USBTask.o
 .text.MS_Host_ConfigurePipes
                0x0000000000002f2c      0x180 ./lpcusblib/Drivers/USB/Class/Host/MassStorageClassHost.o
                0x0000000000002f2c                MS_Host_ConfigurePipes
 .text.DCOMP_MS_Host_NextMSInterface
                0x00000000000030ac       0x44 ./lpcusblib/Drivers/USB/Class/Host/MassStorageClassHost.o
 .text.DCOMP_MS_Host_NextMSInterfaceEndpoint
                0x00000000000030f0       0x58 ./lpcusblib/Drivers/USB/Class/Host/MassStorageClassHost.o
 .text.MS_Host_SendCommand
                0x0000000000003148      0x1a0 ./lpcusblib/Drivers/USB/Class/Host/MassStorageClassHost.o
 .text.MS_Host_WaitForDataReceived
                0x00000000000032e8      0x1d4 ./lpcusblib/Drivers/USB/Class/Host/MassStorageClassHost.o
 .text.MS_Host_SendReceiveData
                0x00000000000034bc      0x208 ./lpcusblib/Drivers/USB/Class/Host/MassStorageClassHost.o
 .text.MS_Host_GetReturnedStatus
                0x00000000000036c4       0xb8 ./lpcusblib/Drivers/USB/Class/Host/MassStorageClassHost.o
 .text.MS_Host_ResetMSInterface
                0x000000000000377c      0x104 ./lpcusblib/Drivers/USB/Class/Host/MassStorageClassHost.o
                0x000000000000377c                MS_Host_ResetMSInterface
 .text.MS_Host_GetMaxLUN
                0x0000000000003880       0x7c ./lpcusblib/Drivers/USB/Class/Host/MassStorageClassHost.o
                0x0000000000003880                MS_Host_GetMaxLUN
 .text.MS_Host_GetInquiryData
                0x00000000000038fc       0x98 ./lpcusblib/Drivers/USB/Class/Host/MassStorageClassHost.o
                0x00000000000038fc                MS_Host_GetInquiryData
 .text.MS_Host_TestUnitReady
                0x0000000000003994       0x78 ./lpcusblib/Drivers/USB/Class/Host/MassStorageClassHost.o
                0x0000000000003994                MS_Host_TestUnitReady
 .text.MS_Host_ReadDeviceCapacity
                0x0000000000003a0c       0xd8 ./lpcusblib/Drivers/USB/Class/Host/MassStorageClassHost.o
                0x0000000000003a0c                MS_Host_ReadDeviceCapacity
 .text.MS_Host_RequestSense
                0x0000000000003ae4       0x88 ./lpcusblib/Drivers/USB/Class/Host/MassStorageClassHost.o
                0x0000000000003ae4                MS_Host_RequestSense
 .text.MS_Host_ReadDeviceBlocks
                0x0000000000003b6c       0xbc ./lpcusblib/Drivers/USB/Class/Host/MassStorageClassHost.o
                0x0000000000003b6c                MS_Host_ReadDeviceBlocks
 .text.MS_Host_WriteDeviceBlocks
                0x0000000000003c28       0xb8 ./lpcusblib/Drivers/USB/Class/Host/MassStorageClassHost.o
                0x0000000000003c28                MS_Host_WriteDeviceBlocks
 .text.mem_cpy  0x0000000000003ce0       0x3c ./fatfs/src/ff.o
 .text.mem_set  0x0000000000003d1c       0x34 ./fatfs/src/ff.o
 .text.mem_cmp  0x0000000000003d50       0x50 ./fatfs/src/ff.o
 .text.chk_chr  0x0000000000003da0       0x38 ./fatfs/src/ff.o
 .text.move_window
                0x0000000000003dd8       0xb4 ./fatfs/src/ff.o
 .text.sync     0x0000000000003e8c      0x13c ./fatfs/src/ff.o
 .text.clust2sect
                0x0000000000003fc8       0x40 ./fatfs/src/ff.o
                0x0000000000003fc8                clust2sect
 .text.get_fat  0x0000000000004008      0x160 ./fatfs/src/ff.o
                0x0000000000004008                get_fat
 .text.put_fat  0x0000000000004168      0x1fc ./fatfs/src/ff.o
                0x0000000000004168                put_fat
 .text.remove_chain
                0x0000000000004364       0xa0 ./fatfs/src/ff.o
 .text.create_chain
                0x0000000000004404      0x114 ./fatfs/src/ff.o
 .text.dir_sdi  0x0000000000004518      0x104 ./fatfs/src/ff.o
 .text.dir_next
                0x000000000000461c      0x1a8 ./fatfs/src/ff.o
 .text.ld_clust
                0x00000000000047c4       0x5c ./fatfs/src/ff.o
 .text.st_clust
                0x0000000000004820       0x48 ./fatfs/src/ff.o
 .text.dir_find
                0x0000000000004868       0x98 ./fatfs/src/ff.o
 .text.dir_read
                0x0000000000004900       0x98 ./fatfs/src/ff.o
 .text.dir_register
                0x0000000000004998       0xb0 ./fatfs/src/ff.o
 .text.create_name
                0x0000000000004a48      0x230 ./fatfs/src/ff.o
 .text.get_fileinfo
                0x0000000000004c78      0x11c ./fatfs/src/ff.o
 .text.follow_path
                0x0000000000004d94       0xd4 ./fatfs/src/ff.o
 .text.check_fs
                0x0000000000004e68       0xcc ./fatfs/src/ff.o
 .text.chk_mounted
                0x0000000000004f34      0x548 ./fatfs/src/ff.o
 .text.validate
                0x000000000000547c       0x54 ./fatfs/src/ff.o
 .text.f_mount  0x00000000000054d0       0x54 ./fatfs/src/ff.o
                0x00000000000054d0                f_mount
 .text.f_open   0x0000000000005524      0x274 ./fatfs/src/ff.o
                0x0000000000005524                f_open
 .text.f_read   0x0000000000005798      0x2a0 ./fatfs/src/ff.o
                0x0000000000005798                f_read
 .text.f_write  0x0000000000005a38      0x304 ./fatfs/src/ff.o
                0x0000000000005a38                f_write
 .text.f_sync   0x0000000000005d3c      0x148 ./fatfs/src/ff.o
                0x0000000000005d3c                f_sync
 .text.f_close  0x0000000000005e84       0x28 ./fatfs/src/ff.o
                0x0000000000005e84                f_close
 .text.f_opendir
                0x0000000000005eac       0xc0 ./fatfs/src/ff.o
                0x0000000000005eac                f_opendir
 .text.f_readdir
                0x0000000000005f6c       0x84 ./fatfs/src/ff.o
                0x0000000000005f6c                f_readdir
 .text.disk_initialize
                0x0000000000005ff0       0x8c ./fatfs/src/fs_usb.o
                0x0000000000005ff0                disk_initialize
 .text.disk_ioctl
                0x000000000000607c       0xbc ./fatfs/src/fs_usb.o
                0x000000000000607c                disk_ioctl
 .text.disk_read
                0x0000000000006138       0x60 ./fatfs/src/fs_usb.o
                0x0000000000006138                disk_read
 .text.disk_status
                0x0000000000006198       0x2c ./fatfs/src/fs_usb.o
                0x0000000000006198                disk_status
 .text.disk_write
                0x00000000000061c4       0x60 ./fatfs/src/fs_usb.o
                0x00000000000061c4                disk_write
 .text.rtc_initialize
                0x0000000000006224       0x5c ./fatfs/src/rtc.o
                0x0000000000006224                rtc_initialize
 .text.rtc_gettime
                0x0000000000006280       0x5c ./fatfs/src/rtc.o
                0x0000000000006280                rtc_gettime
 .text.get_fattime
                0x00000000000062dc       0x40 ./fatfs/src/rtc.o
                0x00000000000062dc                get_fattime
 .text.die      0x000000000000631c       0x18 ./example/src/MassStorageHost.o
 .text.SetupHardware
                0x0000000000006334       0x28 ./example/src/MassStorageHost.o
 .text.USB_ReadWriteFile
                0x000000000000635c      0x270 ./example/src/MassStorageHost.o
 .text.main     0x00000000000065cc       0x24 ./example/src/MassStorageHost.o
                0x00000000000065cc                main
 .text.EVENT_USB_Host_DeviceAttached
                0x00000000000065f0       0x20 ./example/src/MassStorageHost.o
                0x00000000000065f0                EVENT_USB_Host_DeviceAttached
 .text.EVENT_USB_Host_DeviceUnattached
                0x0000000000006610       0x20 ./example/src/MassStorageHost.o
                0x0000000000006610                EVENT_USB_Host_DeviceUnattached
 .text.EVENT_USB_Host_DeviceEnumerationComplete
                0x0000000000006630      0x154 ./example/src/MassStorageHost.o
                0x0000000000006630                EVENT_USB_Host_DeviceEnumerationComplete
 .text.EVENT_USB_Host_DeviceEnumerationFailed
                0x0000000000006784       0x3c ./example/src/MassStorageHost.o
                0x0000000000006784                EVENT_USB_Host_DeviceEnumerationFailed
 .text.FSUSB_DiskInit
                0x00000000000067c0       0x14 ./example/src/MassStorageHost.o
                0x00000000000067c0                FSUSB_DiskInit
 .text.FSUSB_DiskInsertWait
                0x00000000000067d4       0x38 ./example/src/MassStorageHost.o
                0x00000000000067d4                FSUSB_DiskInsertWait
 .text.FSUSB_DiskAcquire
                0x000000000000680c       0x9c ./example/src/MassStorageHost.o
                0x000000000000680c                FSUSB_DiskAcquire
 .text.FSUSB_DiskGetSectorCnt
                0x00000000000068a8       0x1c ./example/src/MassStorageHost.o
                0x00000000000068a8                FSUSB_DiskGetSectorCnt
 .text.FSUSB_DiskGetSectorSz
                0x00000000000068c4       0x1c ./example/src/MassStorageHost.o
                0x00000000000068c4                FSUSB_DiskGetSectorSz
 .text.FSUSB_DiskReadSectors
                0x00000000000068e0       0x5c ./example/src/MassStorageHost.o
                0x00000000000068e0                FSUSB_DiskReadSectors
 .text.FSUSB_DiskWriteSectors
                0x000000000000693c       0x4c ./example/src/MassStorageHost.o
                0x000000000000693c                FSUSB_DiskWriteSectors
 .text.FSUSB_DiskReadyWait
                0x0000000000006988       0x30 ./example/src/MassStorageHost.o
                0x0000000000006988                FSUSB_DiskReadyWait
 .text.SystemInit
                0x00000000000069b8       0x28 ./example/src/sysinit.o
                0x00000000000069b8                SystemInit
 .text.Chip_IOCON_Init
                0x00000000000069e0       0x18 /Users/danielfaronbi/Google Drive/UNO/Fall 2019 Semmester/Embedded Microcontrollers/LPC Workspace/lpc_board_ea_devkit_4088/Debug/liblpc_board_ea_devkit_4088.a(board.o)
 .text.Chip_IOCON_PinMuxSet
                0x00000000000069f8       0x30 /Users/danielfaronbi/Google Drive/UNO/Fall 2019 Semmester/Embedded Microcontrollers/LPC Workspace/lpc_board_ea_devkit_4088/Debug/liblpc_board_ea_devkit_4088.a(board.o)
 .text.Chip_GPIO_Init
                0x0000000000006a28       0x18 /Users/danielfaronbi/Google Drive/UNO/Fall 2019 Semmester/Embedded Microcontrollers/LPC Workspace/lpc_board_ea_devkit_4088/Debug/liblpc_board_ea_devkit_4088.a(board.o)
 .text.Chip_GPIO_SetPinState
                0x0000000000006a40       0x6c /Users/danielfaronbi/Google Drive/UNO/Fall 2019 Semmester/Embedded Microcontrollers/LPC Workspace/lpc_board_ea_devkit_4088/Debug/liblpc_board_ea_devkit_4088.a(board.o)
 .text.Chip_GPIO_WritePortBit
                0x0000000000006aac       0x2c /Users/danielfaronbi/Google Drive/UNO/Fall 2019 Semmester/Embedded Microcontrollers/LPC Workspace/lpc_board_ea_devkit_4088/Debug/liblpc_board_ea_devkit_4088.a(board.o)
 .text.Chip_GPIO_SetPinDIROutput
                0x0000000000006ad8       0x3c /Users/danielfaronbi/Google Drive/UNO/Fall 2019 Semmester/Embedded Microcontrollers/LPC Workspace/lpc_board_ea_devkit_4088/Debug/liblpc_board_ea_devkit_4088.a(board.o)
 .text.Chip_GPIO_SetPinDIRInput
                0x0000000000006b14       0x3c /Users/danielfaronbi/Google Drive/UNO/Fall 2019 Semmester/Embedded Microcontrollers/LPC Workspace/lpc_board_ea_devkit_4088/Debug/liblpc_board_ea_devkit_4088.a(board.o)
 .text.Chip_GPIO_SetPinDIR
                0x0000000000006b50       0x44 /Users/danielfaronbi/Google Drive/UNO/Fall 2019 Semmester/Embedded Microcontrollers/LPC Workspace/lpc_board_ea_devkit_4088/Debug/liblpc_board_ea_devkit_4088.a(board.o)
 .text.Chip_GPIO_WriteDirBit
                0x0000000000006b94       0x30 /Users/danielfaronbi/Google Drive/UNO/Fall 2019 Semmester/Embedded Microcontrollers/LPC Workspace/lpc_board_ea_devkit_4088/Debug/liblpc_board_ea_devkit_4088.a(board.o)
 .text.Chip_UART_SendByte
                0x0000000000006bc4       0x20 /Users/danielfaronbi/Google Drive/UNO/Fall 2019 Semmester/Embedded Microcontrollers/LPC Workspace/lpc_board_ea_devkit_4088/Debug/liblpc_board_ea_devkit_4088.a(board.o)
 .text.Chip_UART_ConfigData
                0x0000000000006be4       0x1c /Users/danielfaronbi/Google Drive/UNO/Fall 2019 Semmester/Embedded Microcontrollers/LPC Workspace/lpc_board_ea_devkit_4088/Debug/liblpc_board_ea_devkit_4088.a(board.o)
 .text.Chip_UART_ReadLineStatus
                0x0000000000006c00       0x18 /Users/danielfaronbi/Google Drive/UNO/Fall 2019 Semmester/Embedded Microcontrollers/LPC Workspace/lpc_board_ea_devkit_4088/Debug/liblpc_board_ea_devkit_4088.a(board.o)
 .text.__sys_write
                0x0000000000006c18       0x38 /Users/danielfaronbi/Google Drive/UNO/Fall 2019 Semmester/Embedded Microcontrollers/LPC Workspace/lpc_board_ea_devkit_4088/Debug/liblpc_board_ea_devkit_4088.a(board.o)
                0x0000000000006c18                __sys_write
 .text.Board_LED_Init
                0x0000000000006c50       0x4c /Users/danielfaronbi/Google Drive/UNO/Fall 2019 Semmester/Embedded Microcontrollers/LPC Workspace/lpc_board_ea_devkit_4088/Debug/liblpc_board_ea_devkit_4088.a(board.o)
 .text.Board_UART_Init
                0x0000000000006c9c       0x60 /Users/danielfaronbi/Google Drive/UNO/Fall 2019 Semmester/Embedded Microcontrollers/LPC Workspace/lpc_board_ea_devkit_4088/Debug/liblpc_board_ea_devkit_4088.a(board.o)
                0x0000000000006c9c                Board_UART_Init
 .text.Board_Debug_Init
                0x0000000000006cfc       0x30 /Users/danielfaronbi/Google Drive/UNO/Fall 2019 Semmester/Embedded Microcontrollers/LPC Workspace/lpc_board_ea_devkit_4088/Debug/liblpc_board_ea_devkit_4088.a(board.o)
                0x0000000000006cfc                Board_Debug_Init
 .text.Board_UARTPutChar
                0x0000000000006d2c       0x34 /Users/danielfaronbi/Google Drive/UNO/Fall 2019 Semmester/Embedded Microcontrollers/LPC Workspace/lpc_board_ea_devkit_4088/Debug/liblpc_board_ea_devkit_4088.a(board.o)
                0x0000000000006d2c                Board_UARTPutChar
 .text.Board_Init
                0x0000000000006d60       0x24 /Users/danielfaronbi/Google Drive/UNO/Fall 2019 Semmester/Embedded Microcontrollers/LPC Workspace/lpc_board_ea_devkit_4088/Debug/liblpc_board_ea_devkit_4088.a(board.o)
                0x0000000000006d60                Board_Init
 .text.Chip_SYSCTL_EnableBoost
                0x0000000000006d84       0x1c /Users/danielfaronbi/Google Drive/UNO/Fall 2019 Semmester/Embedded Microcontrollers/LPC Workspace/lpc_board_ea_devkit_4088/Debug/liblpc_board_ea_devkit_4088.a(board_sysinit.o)
 .text.Chip_Clock_SetEMCClockDiv
                0x0000000000006da0       0x24 /Users/danielfaronbi/Google Drive/UNO/Fall 2019 Semmester/Embedded Microcontrollers/LPC Workspace/lpc_board_ea_devkit_4088/Debug/liblpc_board_ea_devkit_4088.a(board_sysinit.o)
 .text.Chip_IOCON_PinMuxSet
                0x0000000000006dc4       0x30 /Users/danielfaronbi/Google Drive/UNO/Fall 2019 Semmester/Embedded Microcontrollers/LPC Workspace/lpc_board_ea_devkit_4088/Debug/liblpc_board_ea_devkit_4088.a(board_sysinit.o)
 .text.Board_SetupMuxing
                0x0000000000006df4       0x84 /Users/danielfaronbi/Google Drive/UNO/Fall 2019 Semmester/Embedded Microcontrollers/LPC Workspace/lpc_board_ea_devkit_4088/Debug/liblpc_board_ea_devkit_4088.a(board_sysinit.o)
                0x0000000000006df4                Board_SetupMuxing
 .text.Board_SetupClocking
                0x0000000000006e78       0x1c /Users/danielfaronbi/Google Drive/UNO/Fall 2019 Semmester/Embedded Microcontrollers/LPC Workspace/lpc_board_ea_devkit_4088/Debug/liblpc_board_ea_devkit_4088.a(board_sysinit.o)
                0x0000000000006e78                Board_SetupClocking
 .text.Board_SetupExtMemory
                0x0000000000006e94       0x5c /Users/danielfaronbi/Google Drive/UNO/Fall 2019 Semmester/Embedded Microcontrollers/LPC Workspace/lpc_board_ea_devkit_4088/Debug/liblpc_board_ea_devkit_4088.a(board_sysinit.o)
                0x0000000000006e94                Board_SetupExtMemory
 .text.Board_SystemInit
                0x0000000000006ef0       0x14 /Users/danielfaronbi/Google Drive/UNO/Fall 2019 Semmester/Embedded Microcontrollers/LPC Workspace/lpc_board_ea_devkit_4088/Debug/liblpc_board_ea_devkit_4088.a(board_sysinit.o)
                0x0000000000006ef0                Board_SystemInit
 .text.Chip_Clock_GetPLLStatus
                0x0000000000006f04       0x28 /Users/danielfaronbi/Google Drive/UNO/Fall 2019 Semmester/Embedded Microcontrollers/LPC Workspace/lpc_chip_40xx/Debug/liblpc_chip_40xx.a(chip_17xx_40xx.o)
 .text.SystemCoreClockUpdate
                0x0000000000006f2c       0x18 /Users/danielfaronbi/Google Drive/UNO/Fall 2019 Semmester/Embedded Microcontrollers/LPC Workspace/lpc_chip_40xx/Debug/liblpc_chip_40xx.a(chip_17xx_40xx.o)
                0x0000000000006f2c                SystemCoreClockUpdate
 .text.Chip_USB_Init
                0x0000000000006f44       0x40 /Users/danielfaronbi/Google Drive/UNO/Fall 2019 Semmester/Embedded Microcontrollers/LPC Workspace/lpc_chip_40xx/Debug/liblpc_chip_40xx.a(chip_17xx_40xx.o)
                0x0000000000006f44                Chip_USB_Init
 .text.Chip_Clock_IsMainPLLEnabled
                0x0000000000006f84       0x28 /Users/danielfaronbi/Google Drive/UNO/Fall 2019 Semmester/Embedded Microcontrollers/LPC Workspace/lpc_chip_40xx/Debug/liblpc_chip_40xx.a(clock_17xx_40xx.o)
 .text.Chip_Clock_FeedPLL
                0x0000000000006fac       0x38 /Users/danielfaronbi/Google Drive/UNO/Fall 2019 Semmester/Embedded Microcontrollers/LPC Workspace/lpc_chip_40xx/Debug/liblpc_chip_40xx.a(clock_17xx_40xx.o)
 .text.Chip_Clock_GetMainPLLSource
                0x0000000000006fe4       0x20 /Users/danielfaronbi/Google Drive/UNO/Fall 2019 Semmester/Embedded Microcontrollers/LPC Workspace/lpc_chip_40xx/Debug/liblpc_chip_40xx.a(clock_17xx_40xx.o)
 .text.Chip_Clock_GetPCLKDiv
                0x0000000000007004       0x1c /Users/danielfaronbi/Google Drive/UNO/Fall 2019 Semmester/Embedded Microcontrollers/LPC Workspace/lpc_chip_40xx/Debug/liblpc_chip_40xx.a(clock_17xx_40xx.o)
 .text.Chip_Clock_GetMainOscRate
                0x0000000000007020       0x18 /Users/danielfaronbi/Google Drive/UNO/Fall 2019 Semmester/Embedded Microcontrollers/LPC Workspace/lpc_chip_40xx/Debug/liblpc_chip_40xx.a(clock_17xx_40xx.o)
 .text.Chip_Clock_GetIntOscRate
                0x0000000000007038       0x14 /Users/danielfaronbi/Google Drive/UNO/Fall 2019 Semmester/Embedded Microcontrollers/LPC Workspace/lpc_chip_40xx/Debug/liblpc_chip_40xx.a(clock_17xx_40xx.o)
 .text.Chip_Clock_GetMainPLLInClockRate
                0x000000000000704c       0x10 /Users/danielfaronbi/Google Drive/UNO/Fall 2019 Semmester/Embedded Microcontrollers/LPC Workspace/lpc_chip_40xx/Debug/liblpc_chip_40xx.a(clock_17xx_40xx.o)
 .text.Chip_Clock_EnablePLL
                0x000000000000705c       0x44 /Users/danielfaronbi/Google Drive/UNO/Fall 2019 Semmester/Embedded Microcontrollers/LPC Workspace/lpc_chip_40xx/Debug/liblpc_chip_40xx.a(clock_17xx_40xx.o)
                0x000000000000705c                Chip_Clock_EnablePLL
 .text.Chip_Clock_DisablePLL
                0x00000000000070a0       0x48 /Users/danielfaronbi/Google Drive/UNO/Fall 2019 Semmester/Embedded Microcontrollers/LPC Workspace/lpc_chip_40xx/Debug/liblpc_chip_40xx.a(clock_17xx_40xx.o)
                0x00000000000070a0                Chip_Clock_DisablePLL
 .text.Chip_Clock_SetupPLL
                0x00000000000070e8       0x4c /Users/danielfaronbi/Google Drive/UNO/Fall 2019 Semmester/Embedded Microcontrollers/LPC Workspace/lpc_chip_40xx/Debug/liblpc_chip_40xx.a(clock_17xx_40xx.o)
                0x00000000000070e8                Chip_Clock_SetupPLL
 .text.Chip_Clock_EnablePeriphClock
                0x0000000000007134       0x54 /Users/danielfaronbi/Google Drive/UNO/Fall 2019 Semmester/Embedded Microcontrollers/LPC Workspace/lpc_chip_40xx/Debug/liblpc_chip_40xx.a(clock_17xx_40xx.o)
                0x0000000000007134                Chip_Clock_EnablePeriphClock
 .text.Chip_Clock_SetCPUClockSource
                0x0000000000007188       0x44 /Users/danielfaronbi/Google Drive/UNO/Fall 2019 Semmester/Embedded Microcontrollers/LPC Workspace/lpc_chip_40xx/Debug/liblpc_chip_40xx.a(clock_17xx_40xx.o)
                0x0000000000007188                Chip_Clock_SetCPUClockSource
 .text.Chip_Clock_GetCPUClockSource
                0x00000000000071cc       0x30 /Users/danielfaronbi/Google Drive/UNO/Fall 2019 Semmester/Embedded Microcontrollers/LPC Workspace/lpc_chip_40xx/Debug/liblpc_chip_40xx.a(clock_17xx_40xx.o)
                0x00000000000071cc                Chip_Clock_GetCPUClockSource
 .text.Chip_Clock_SetCPUClockDiv
                0x00000000000071fc       0x30 /Users/danielfaronbi/Google Drive/UNO/Fall 2019 Semmester/Embedded Microcontrollers/LPC Workspace/lpc_chip_40xx/Debug/liblpc_chip_40xx.a(clock_17xx_40xx.o)
                0x00000000000071fc                Chip_Clock_SetCPUClockDiv
 .text.Chip_Clock_GetCPUClockDiv
                0x000000000000722c       0x1c /Users/danielfaronbi/Google Drive/UNO/Fall 2019 Semmester/Embedded Microcontrollers/LPC Workspace/lpc_chip_40xx/Debug/liblpc_chip_40xx.a(clock_17xx_40xx.o)
                0x000000000000722c                Chip_Clock_GetCPUClockDiv
 .text.Chip_Clock_GetSYSCLKRate
                0x0000000000007248       0x2c /Users/danielfaronbi/Google Drive/UNO/Fall 2019 Semmester/Embedded Microcontrollers/LPC Workspace/lpc_chip_40xx/Debug/liblpc_chip_40xx.a(clock_17xx_40xx.o)
                0x0000000000007248                Chip_Clock_GetSYSCLKRate
 .text.Chip_Clock_GetMainPLLOutClockRate
                0x0000000000007274       0x40 /Users/danielfaronbi/Google Drive/UNO/Fall 2019 Semmester/Embedded Microcontrollers/LPC Workspace/lpc_chip_40xx/Debug/liblpc_chip_40xx.a(clock_17xx_40xx.o)
                0x0000000000007274                Chip_Clock_GetMainPLLOutClockRate
 .text.Chip_Clock_GetMainClockRate
                0x00000000000072b4       0x28 /Users/danielfaronbi/Google Drive/UNO/Fall 2019 Semmester/Embedded Microcontrollers/LPC Workspace/lpc_chip_40xx/Debug/liblpc_chip_40xx.a(clock_17xx_40xx.o)
                0x00000000000072b4                Chip_Clock_GetMainClockRate
 .text.Chip_Clock_GetSystemClockRate
                0x00000000000072dc       0x18 /Users/danielfaronbi/Google Drive/UNO/Fall 2019 Semmester/Embedded Microcontrollers/LPC Workspace/lpc_chip_40xx/Debug/liblpc_chip_40xx.a(clock_17xx_40xx.o)
                0x00000000000072dc                Chip_Clock_GetSystemClockRate
 .text.Chip_Clock_SetSPIFIClockSource
                0x00000000000072f4       0x34 /Users/danielfaronbi/Google Drive/UNO/Fall 2019 Semmester/Embedded Microcontrollers/LPC Workspace/lpc_chip_40xx/Debug/liblpc_chip_40xx.a(clock_17xx_40xx.o)
                0x00000000000072f4                Chip_Clock_SetSPIFIClockSource
 .text.Chip_Clock_SetSPIFIClockDiv
                0x0000000000007328       0x30 /Users/danielfaronbi/Google Drive/UNO/Fall 2019 Semmester/Embedded Microcontrollers/LPC Workspace/lpc_chip_40xx/Debug/liblpc_chip_40xx.a(clock_17xx_40xx.o)
                0x0000000000007328                Chip_Clock_SetSPIFIClockDiv
 .text.Chip_Clock_GetPeripheralClockRate
                0x0000000000007358       0x30 /Users/danielfaronbi/Google Drive/UNO/Fall 2019 Semmester/Embedded Microcontrollers/LPC Workspace/lpc_chip_40xx/Debug/liblpc_chip_40xx.a(clock_17xx_40xx.o)
                0x0000000000007358                Chip_Clock_GetPeripheralClockRate
 .text.Chip_Clock_GetEMCClockDiv
                0x0000000000007388       0x1c /Users/danielfaronbi/Google Drive/UNO/Fall 2019 Semmester/Embedded Microcontrollers/LPC Workspace/lpc_chip_40xx/Debug/liblpc_chip_40xx.a(emc_17xx_40xx.o)
 .text.Chip_Clock_GetEMCClockRate
                0x00000000000073a4       0x18 /Users/danielfaronbi/Google Drive/UNO/Fall 2019 Semmester/Embedded Microcontrollers/LPC Workspace/lpc_chip_40xx/Debug/liblpc_chip_40xx.a(emc_17xx_40xx.o)
 .text.convertTimmingParam
                0x00000000000073bc       0x6c /Users/danielfaronbi/Google Drive/UNO/Fall 2019 Semmester/Embedded Microcontrollers/LPC Workspace/lpc_chip_40xx/Debug/liblpc_chip_40xx.a(emc_17xx_40xx.o)
 .text.getColsLen
                0x0000000000007428       0x50 /Users/danielfaronbi/Google Drive/UNO/Fall 2019 Semmester/Embedded Microcontrollers/LPC Workspace/lpc_chip_40xx/Debug/liblpc_chip_40xx.a(emc_17xx_40xx.o)
 .text.initDynMem
                0x0000000000007478      0x294 /Users/danielfaronbi/Google Drive/UNO/Fall 2019 Semmester/Embedded Microcontrollers/LPC Workspace/lpc_chip_40xx/Debug/liblpc_chip_40xx.a(emc_17xx_40xx.o)
                0x0000000000007478                initDynMem
 .text.initStaticMem
                0x000000000000770c       0xb0 /Users/danielfaronbi/Google Drive/UNO/Fall 2019 Semmester/Embedded Microcontrollers/LPC Workspace/lpc_chip_40xx/Debug/liblpc_chip_40xx.a(emc_17xx_40xx.o)
                0x000000000000770c                initStaticMem
 .text.Chip_EMC_Dynamic_Init
                0x00000000000077bc       0x24 /Users/danielfaronbi/Google Drive/UNO/Fall 2019 Semmester/Embedded Microcontrollers/LPC Workspace/lpc_chip_40xx/Debug/liblpc_chip_40xx.a(emc_17xx_40xx.o)
                0x00000000000077bc                Chip_EMC_Dynamic_Init
 .text.Chip_EMC_Static_Init
                0x00000000000077e0       0x24 /Users/danielfaronbi/Google Drive/UNO/Fall 2019 Semmester/Embedded Microcontrollers/LPC Workspace/lpc_chip_40xx/Debug/liblpc_chip_40xx.a(emc_17xx_40xx.o)
                0x00000000000077e0                Chip_EMC_Static_Init
 .text.Chip_EMC_Init
                0x0000000000007804       0x50 /Users/danielfaronbi/Google Drive/UNO/Fall 2019 Semmester/Embedded Microcontrollers/LPC Workspace/lpc_chip_40xx/Debug/liblpc_chip_40xx.a(emc_17xx_40xx.o)
                0x0000000000007804                Chip_EMC_Init
 .text.fpuInit  0x0000000000007854       0x74 /Users/danielfaronbi/Google Drive/UNO/Fall 2019 Semmester/Embedded Microcontrollers/LPC Workspace/lpc_chip_40xx/Debug/liblpc_chip_40xx.a(fpu_init.o)
                0x0000000000007854                fpuInit
 .text.Chip_IOCON_PinMuxSet
                0x00000000000078c8       0x30 /Users/danielfaronbi/Google Drive/UNO/Fall 2019 Semmester/Embedded Microcontrollers/LPC Workspace/lpc_chip_40xx/Debug/liblpc_chip_40xx.a(iocon_17xx_40xx.o)
 .text.Chip_IOCON_SetPinMuxing
                0x00000000000078f8       0x64 /Users/danielfaronbi/Google Drive/UNO/Fall 2019 Semmester/Embedded Microcontrollers/LPC Workspace/lpc_chip_40xx/Debug/liblpc_chip_40xx.a(iocon_17xx_40xx.o)
                0x00000000000078f8                Chip_IOCON_SetPinMuxing
 .text.Chip_RTC_Init
                0x000000000000795c       0x50 /Users/danielfaronbi/Google Drive/UNO/Fall 2019 Semmester/Embedded Microcontrollers/LPC Workspace/lpc_chip_40xx/Debug/liblpc_chip_40xx.a(rtc_17xx_40xx.o)
                0x000000000000795c                Chip_RTC_Init
 .text.Chip_RTC_ResetClockTickCounter
                0x00000000000079ac       0x44 /Users/danielfaronbi/Google Drive/UNO/Fall 2019 Semmester/Embedded Microcontrollers/LPC Workspace/lpc_chip_40xx/Debug/liblpc_chip_40xx.a(rtc_17xx_40xx.o)
                0x00000000000079ac                Chip_RTC_ResetClockTickCounter
 .text.Chip_RTC_Enable
                0x00000000000079f0       0x44 /Users/danielfaronbi/Google Drive/UNO/Fall 2019 Semmester/Embedded Microcontrollers/LPC Workspace/lpc_chip_40xx/Debug/liblpc_chip_40xx.a(rtc_17xx_40xx.o)
                0x00000000000079f0                Chip_RTC_Enable
 .text.Chip_RTC_GetFullTime
                0x0000000000007a34       0x58 /Users/danielfaronbi/Google Drive/UNO/Fall 2019 Semmester/Embedded Microcontrollers/LPC Workspace/lpc_chip_40xx/Debug/liblpc_chip_40xx.a(rtc_17xx_40xx.o)
                0x0000000000007a34                Chip_RTC_GetFullTime
 .text.Chip_RTC_SetFullAlarmTime
                0x0000000000007a8c       0x3c /Users/danielfaronbi/Google Drive/UNO/Fall 2019 Semmester/Embedded Microcontrollers/LPC Workspace/lpc_chip_40xx/Debug/liblpc_chip_40xx.a(rtc_17xx_40xx.o)
                0x0000000000007a8c                Chip_RTC_SetFullAlarmTime
 .text.Chip_RTC_CalibCounterCmd
                0x0000000000007ac8       0x44 /Users/danielfaronbi/Google Drive/UNO/Fall 2019 Semmester/Embedded Microcontrollers/LPC Workspace/lpc_chip_40xx/Debug/liblpc_chip_40xx.a(rtc_17xx_40xx.o)
                0x0000000000007ac8                Chip_RTC_CalibCounterCmd
 .text.Chip_SYSCTL_PeriphReset
                0x0000000000007b0c       0x68 /Users/danielfaronbi/Google Drive/UNO/Fall 2019 Semmester/Embedded Microcontrollers/LPC Workspace/lpc_chip_40xx/Debug/liblpc_chip_40xx.a(sysctl_17xx_40xx.o)
                0x0000000000007b0c                Chip_SYSCTL_PeriphReset
 .text.Chip_Clock_IsMainPLLEnabled
                0x0000000000007b74       0x28 /Users/danielfaronbi/Google Drive/UNO/Fall 2019 Semmester/Embedded Microcontrollers/LPC Workspace/lpc_chip_40xx/Debug/liblpc_chip_40xx.a(sysinit_17xx_40xx.o)
 .text.Chip_Clock_IsMainPLLLocked
                0x0000000000007b9c       0x28 /Users/danielfaronbi/Google Drive/UNO/Fall 2019 Semmester/Embedded Microcontrollers/LPC Workspace/lpc_chip_40xx/Debug/liblpc_chip_40xx.a(sysinit_17xx_40xx.o)
 .text.Chip_Clock_EnableCrystal
                0x0000000000007bc4       0x24 /Users/danielfaronbi/Google Drive/UNO/Fall 2019 Semmester/Embedded Microcontrollers/LPC Workspace/lpc_chip_40xx/Debug/liblpc_chip_40xx.a(sysinit_17xx_40xx.o)
 .text.Chip_Clock_IsCrystalEnabled
                0x0000000000007be8       0x28 /Users/danielfaronbi/Google Drive/UNO/Fall 2019 Semmester/Embedded Microcontrollers/LPC Workspace/lpc_chip_40xx/Debug/liblpc_chip_40xx.a(sysinit_17xx_40xx.o)
 .text.Chip_Clock_SetMainPLLSource
                0x0000000000007c10       0x24 /Users/danielfaronbi/Google Drive/UNO/Fall 2019 Semmester/Embedded Microcontrollers/LPC Workspace/lpc_chip_40xx/Debug/liblpc_chip_40xx.a(sysinit_17xx_40xx.o)
 .text.Chip_Clock_SetPCLKDiv
                0x0000000000007c34       0x20 /Users/danielfaronbi/Google Drive/UNO/Fall 2019 Semmester/Embedded Microcontrollers/LPC Workspace/lpc_chip_40xx/Debug/liblpc_chip_40xx.a(sysinit_17xx_40xx.o)
 .text.Chip_SetupXtalClocking
                0x0000000000007c54       0x84 /Users/danielfaronbi/Google Drive/UNO/Fall 2019 Semmester/Embedded Microcontrollers/LPC Workspace/lpc_chip_40xx/Debug/liblpc_chip_40xx.a(sysinit_17xx_40xx.o)
                0x0000000000007c54                Chip_SetupXtalClocking
 .text.Chip_UART_SetupFIFOS
                0x0000000000007cd8       0x1c /Users/danielfaronbi/Google Drive/UNO/Fall 2019 Semmester/Embedded Microcontrollers/LPC Workspace/lpc_chip_40xx/Debug/liblpc_chip_40xx.a(uart_17xx_40xx.o)
 .text.Chip_UART_ConfigData
                0x0000000000007cf4       0x1c /Users/danielfaronbi/Google Drive/UNO/Fall 2019 Semmester/Embedded Microcontrollers/LPC Workspace/lpc_chip_40xx/Debug/liblpc_chip_40xx.a(uart_17xx_40xx.o)
 .text.Chip_UART_EnableDivisorAccess
                0x0000000000007d10       0x20 /Users/danielfaronbi/Google Drive/UNO/Fall 2019 Semmester/Embedded Microcontrollers/LPC Workspace/lpc_chip_40xx/Debug/liblpc_chip_40xx.a(uart_17xx_40xx.o)
 .text.Chip_UART_DisableDivisorAccess
                0x0000000000007d30       0x20 /Users/danielfaronbi/Google Drive/UNO/Fall 2019 Semmester/Embedded Microcontrollers/LPC Workspace/lpc_chip_40xx/Debug/liblpc_chip_40xx.a(uart_17xx_40xx.o)
 .text.Chip_UART_SetDivisorLatches
                0x0000000000007d50       0x28 /Users/danielfaronbi/Google Drive/UNO/Fall 2019 Semmester/Embedded Microcontrollers/LPC Workspace/lpc_chip_40xx/Debug/liblpc_chip_40xx.a(uart_17xx_40xx.o)
 .text.Chip_UART_GetClockIndex
                0x0000000000007d78       0x64 /Users/danielfaronbi/Google Drive/UNO/Fall 2019 Semmester/Embedded Microcontrollers/LPC Workspace/lpc_chip_40xx/Debug/liblpc_chip_40xx.a(uart_17xx_40xx.o)
 .text.Chip_UART_Init
                0x0000000000007ddc       0x78 /Users/danielfaronbi/Google Drive/UNO/Fall 2019 Semmester/Embedded Microcontrollers/LPC Workspace/lpc_chip_40xx/Debug/liblpc_chip_40xx.a(uart_17xx_40xx.o)
                0x0000000000007ddc                Chip_UART_Init
 .text.Chip_UART_TXEnable
                0x0000000000007e54       0x30 /Users/danielfaronbi/Google Drive/UNO/Fall 2019 Semmester/Embedded Microcontrollers/LPC Workspace/lpc_chip_40xx/Debug/liblpc_chip_40xx.a(uart_17xx_40xx.o)
                0x0000000000007e54                Chip_UART_TXEnable
 .text.Chip_UART_TXDisable
                0x0000000000007e84       0x30 /Users/danielfaronbi/Google Drive/UNO/Fall 2019 Semmester/Embedded Microcontrollers/LPC Workspace/lpc_chip_40xx/Debug/liblpc_chip_40xx.a(uart_17xx_40xx.o)
                0x0000000000007e84                Chip_UART_TXDisable
 .text.Chip_UART_SetBaud
                0x0000000000007eb4       0x58 /Users/danielfaronbi/Google Drive/UNO/Fall 2019 Semmester/Embedded Microcontrollers/LPC Workspace/lpc_chip_40xx/Debug/liblpc_chip_40xx.a(uart_17xx_40xx.o)
                0x0000000000007eb4                Chip_UART_SetBaud
 .text.__main   0x0000000000007f0c        0xe /Applications/MCUXpressoIDE_11.1.0_3209/ide/plugins/com.nxp.mcuxpresso.tools.macosx_11.1.0.201909161352/tools/bin/../lib/gcc/arm-none-eabi/8.3.1/../../../../arm-none-eabi/lib/thumb/v7e-m+fp/softfp/libcr_nohost.a(_cr__main.o)
                0x0000000000007f0c                __main
 .text.memset   0x0000000000007f1a        0x4 /Applications/MCUXpressoIDE_11.1.0_3209/ide/plugins/com.nxp.mcuxpresso.tools.macosx_11.1.0.201909161352/tools/bin/../lib/gcc/arm-none-eabi/8.3.1/../../../../arm-none-eabi/lib/thumb/v7e-m+fp/softfp/libcr_c.a(memset.o)
                0x0000000000007f1a                memset
 .text.fp_round
                0x0000000000007f1e       0x4e /Applications/MCUXpressoIDE_11.1.0_3209/ide/plugins/com.nxp.mcuxpresso.tools.macosx_11.1.0.201909161352/tools/bin/../lib/gcc/arm-none-eabi/8.3.1/../../../../arm-none-eabi/lib/thumb/v7e-m+fp/softfp/libcr_c.a(fpprintf.o)
 .text.pr_dec.constprop.1
                0x0000000000007f6c       0x26 /Applications/MCUXpressoIDE_11.1.0_3209/ide/plugins/com.nxp.mcuxpresso.tools.macosx_11.1.0.201909161352/tools/bin/../lib/gcc/arm-none-eabi/8.3.1/../../../../arm-none-eabi/lib/thumb/v7e-m+fp/softfp/libcr_c.a(fpprintf.o)
 *fill*         0x0000000000007f92        0x2 ff
 .text.sprintf  0x0000000000007f94       0x6c /Applications/MCUXpressoIDE_11.1.0_3209/ide/plugins/com.nxp.mcuxpresso.tools.macosx_11.1.0.201909161352/tools/bin/../lib/gcc/arm-none-eabi/8.3.1/../../../../arm-none-eabi/lib/thumb/v7e-m+fp/softfp/libcr_c.a(fpprintf.o)
                0x0000000000007f94                sprintf
 .text.fp_display
                0x0000000000008000      0x954 /Applications/MCUXpressoIDE_11.1.0_3209/ide/plugins/com.nxp.mcuxpresso.tools.macosx_11.1.0.201909161352/tools/bin/../lib/gcc/arm-none-eabi/8.3.1/../../../../arm-none-eabi/lib/thumb/v7e-m+fp/softfp/libcr_c.a(fpprintf.o)
 .text.vsnprintf
                0x0000000000008954       0x68 /Applications/MCUXpressoIDE_11.1.0_3209/ide/plugins/com.nxp.mcuxpresso.tools.macosx_11.1.0.201909161352/tools/bin/../lib/gcc/arm-none-eabi/8.3.1/../../../../arm-none-eabi/lib/thumb/v7e-m+fp/softfp/libcr_c.a(fpprintf.o)
                0x0000000000008954                vsnprintf
 .text.printf   0x00000000000089bc       0x54 /Applications/MCUXpressoIDE_11.1.0_3209/ide/plugins/com.nxp.mcuxpresso.tools.macosx_11.1.0.201909161352/tools/bin/../lib/gcc/arm-none-eabi/8.3.1/../../../../arm-none-eabi/lib/thumb/v7e-m+fp/softfp/libcr_c.a(fpprintf.o)
                0x00000000000089bc                printf
 .text._initio  0x0000000000008a10       0x78 /Applications/MCUXpressoIDE_11.1.0_3209/ide/plugins/com.nxp.mcuxpresso.tools.macosx_11.1.0.201909161352/tools/bin/../lib/gcc/arm-none-eabi/8.3.1/../../../../arm-none-eabi/lib/thumb/v7e-m+fp/softfp/libcr_c.a(initio.o)
                0x0000000000008a10                _initio
 .text.__vfprintf
                0x0000000000008a88      0xbe0 /Applications/MCUXpressoIDE_11.1.0_3209/ide/plugins/com.nxp.mcuxpresso.tools.macosx_11.1.0.201909161352/tools/bin/../lib/gcc/arm-none-eabi/8.3.1/../../../../arm-none-eabi/lib/thumb/v7e-m+fp/softfp/libcr_c.a(printf.o)
                0x0000000000008a88                __vfprintf
 .text.setvbuf  0x0000000000009668       0x40 /Applications/MCUXpressoIDE_11.1.0_3209/ide/plugins/com.nxp.mcuxpresso.tools.macosx_11.1.0.201909161352/tools/bin/../lib/gcc/arm-none-eabi/8.3.1/../../../../arm-none-eabi/lib/thumb/v7e-m+fp/softfp/libcr_c.a(setvbuf.o)
                0x0000000000009668                setvbuf
 .text.strlen   0x00000000000096a8       0x4c /Applications/MCUXpressoIDE_11.1.0_3209/ide/plugins/com.nxp.mcuxpresso.tools.macosx_11.1.0.201909161352/tools/bin/../lib/gcc/arm-none-eabi/8.3.1/../../../../arm-none-eabi/lib/thumb/v7e-m+fp/softfp/libcr_c.a(strlen.o)
                0x00000000000096a8                strlen
 .text._deferredlazyseek
                0x00000000000096f4       0x40 /Applications/MCUXpressoIDE_11.1.0_3209/ide/plugins/com.nxp.mcuxpresso.tools.macosx_11.1.0.201909161352/tools/bin/../lib/gcc/arm-none-eabi/8.3.1/../../../../arm-none-eabi/lib/thumb/v7e-m+fp/softfp/libcr_c.a(_deferredlazyseek.o)
                0x00000000000096f4                _deferredlazyseek
 .text.__flsbuf
                0x0000000000009734      0x140 /Applications/MCUXpressoIDE_11.1.0_3209/ide/plugins/com.nxp.mcuxpresso.tools.macosx_11.1.0.201909161352/tools/bin/../lib/gcc/arm-none-eabi/8.3.1/../../../../arm-none-eabi/lib/thumb/v7e-m+fp/softfp/libcr_c.a(_deferredlazyseek.o)
                0x0000000000009734                __flsbuf
 .text._fdopen  0x0000000000009874       0x68 /Applications/MCUXpressoIDE_11.1.0_3209/ide/plugins/com.nxp.mcuxpresso.tools.macosx_11.1.0.201909161352/tools/bin/../lib/gcc/arm-none-eabi/8.3.1/../../../../arm-none-eabi/lib/thumb/v7e-m+fp/softfp/libcr_c.a(_fdopen.o)
                0x0000000000009874                _fdopen
 .text._fflush  0x00000000000098dc       0x52 /Applications/MCUXpressoIDE_11.1.0_3209/ide/plugins/com.nxp.mcuxpresso.tools.macosx_11.1.0.201909161352/tools/bin/../lib/gcc/arm-none-eabi/8.3.1/../../../../arm-none-eabi/lib/thumb/v7e-m+fp/softfp/libcr_c.a(_fflush.o)
                0x00000000000098dc                _fflush
 .text._frexpl  0x000000000000992e       0x56 /Applications/MCUXpressoIDE_11.1.0_3209/ide/plugins/com.nxp.mcuxpresso.tools.macosx_11.1.0.201909161352/tools/bin/../lib/gcc/arm-none-eabi/8.3.1/../../../../arm-none-eabi/lib/thumb/v7e-m+fp/softfp/libcr_c.a(_frexpl.o)
                0x000000000000992e                _frexpl
 .text._ldexpl  0x0000000000009984       0x48 /Applications/MCUXpressoIDE_11.1.0_3209/ide/plugins/com.nxp.mcuxpresso.tools.macosx_11.1.0.201909161352/tools/bin/../lib/gcc/arm-none-eabi/8.3.1/../../../../arm-none-eabi/lib/thumb/v7e-m+fp/softfp/libcr_c.a(_ldexpl.o)
                0x0000000000009984                _ldexpl
 .text._Cwritebuf
                0x00000000000099cc       0x6c /Applications/MCUXpressoIDE_11.1.0_3209/ide/plugins/com.nxp.mcuxpresso.tools.macosx_11.1.0.201909161352/tools/bin/../lib/gcc/arm-none-eabi/8.3.1/../../../../arm-none-eabi/lib/thumb/v7e-m+fp/softfp/libcr_c.a(_writebuf.o)
                0x00000000000099cc                _Cwritebuf
 .text.malloc   0x0000000000009a38       0xc8 /Applications/MCUXpressoIDE_11.1.0_3209/ide/plugins/com.nxp.mcuxpresso.tools.macosx_11.1.0.201909161352/tools/bin/../lib/gcc/arm-none-eabi/8.3.1/../../../../arm-none-eabi/lib/thumb/v7e-m+fp/softfp/libcr_c.a(alloc.o)
                0x0000000000009a38                malloc
 .text.free     0x0000000000009b00       0x30 /Applications/MCUXpressoIDE_11.1.0_3209/ide/plugins/com.nxp.mcuxpresso.tools.macosx_11.1.0.201909161352/tools/bin/../lib/gcc/arm-none-eabi/8.3.1/../../../../arm-none-eabi/lib/thumb/v7e-m+fp/softfp/libcr_c.a(alloc.o)
                0x0000000000009b00                free
 .text._Csys_alloc
                0x0000000000009b30       0x20 /Applications/MCUXpressoIDE_11.1.0_3209/ide/plugins/com.nxp.mcuxpresso.tools.macosx_11.1.0.201909161352/tools/bin/../lib/gcc/arm-none-eabi/8.3.1/../../../../arm-none-eabi/lib/thumb/v7e-m+fp/softfp/libcr_c.a(alloc.o)
                0x0000000000009b30                _Csys_alloc
 .text.fclose   0x0000000000009b50       0x58 /Applications/MCUXpressoIDE_11.1.0_3209/ide/plugins/com.nxp.mcuxpresso.tools.macosx_11.1.0.201909161352/tools/bin/../lib/gcc/arm-none-eabi/8.3.1/../../../../arm-none-eabi/lib/thumb/v7e-m+fp/softfp/libcr_c.a(fclose.o)
                0x0000000000009b50                fclose
 .text.fflush   0x0000000000009ba8       0x44 /Applications/MCUXpressoIDE_11.1.0_3209/ide/plugins/com.nxp.mcuxpresso.tools.macosx_11.1.0.201909161352/tools/bin/../lib/gcc/arm-none-eabi/8.3.1/../../../../arm-none-eabi/lib/thumb/v7e-m+fp/softfp/libcr_c.a(fflush.o)
                0x0000000000009ba8                fflush
 .text.fseek    0x0000000000009bec      0x100 /Applications/MCUXpressoIDE_11.1.0_3209/ide/plugins/com.nxp.mcuxpresso.tools.macosx_11.1.0.201909161352/tools/bin/../lib/gcc/arm-none-eabi/8.3.1/../../../../arm-none-eabi/lib/thumb/v7e-m+fp/softfp/libcr_c.a(fseek.o)
                0x0000000000009bec                fseek
 .text.ftell    0x0000000000009cec       0x48 /Applications/MCUXpressoIDE_11.1.0_3209/ide/plugins/com.nxp.mcuxpresso.tools.macosx_11.1.0.201909161352/tools/bin/../lib/gcc/arm-none-eabi/8.3.1/../../../../arm-none-eabi/lib/thumb/v7e-m+fp/softfp/libcr_c.a(ftell.o)
                0x0000000000009cec                ftell
 .text.remove   0x0000000000009d34       0x14 /Applications/MCUXpressoIDE_11.1.0_3209/ide/plugins/com.nxp.mcuxpresso.tools.macosx_11.1.0.201909161352/tools/bin/../lib/gcc/arm-none-eabi/8.3.1/../../../../arm-none-eabi/lib/thumb/v7e-m+fp/softfp/libcr_c.a(remove.o)
                0x0000000000009d34                remove
 .text._sbrk    0x0000000000009d48       0x3c /Applications/MCUXpressoIDE_11.1.0_3209/ide/plugins/com.nxp.mcuxpresso.tools.macosx_11.1.0.201909161352/tools/bin/../lib/gcc/arm-none-eabi/8.3.1/../../../../arm-none-eabi/lib/thumb/v7e-m+fp/softfp/libcr_c.a(_cr_sbrk.o)
                0x0000000000009d48                _sbrk
 .text._do_fflush
                0x0000000000009d84       0x40 /Applications/MCUXpressoIDE_11.1.0_3209/ide/plugins/com.nxp.mcuxpresso.tools.macosx_11.1.0.201909161352/tools/bin/../lib/gcc/arm-none-eabi/8.3.1/../../../../arm-none-eabi/lib/thumb/v7e-m+fp/softfp/libcr_c.a(_do_fflush.o)
                0x0000000000009d84                _do_fflush
 .text.__check_heap_overflow
                0x0000000000009dc4       0x18 /Applications/MCUXpressoIDE_11.1.0_3209/ide/plugins/com.nxp.mcuxpresso.tools.macosx_11.1.0.201909161352/tools/bin/../lib/gcc/arm-none-eabi/8.3.1/../../../../arm-none-eabi/lib/thumb/v7e-m+fp/softfp/libcr_c.a(_cr_check_heap.o)
                0x0000000000009dc4                __check_heap_overflow
 .text.__aeabi_dmul
                0x0000000000009ddc      0x114 /Applications/MCUXpressoIDE_11.1.0_3209/ide/plugins/com.nxp.mcuxpresso.tools.macosx_11.1.0.201909161352/tools/bin/../lib/gcc/arm-none-eabi/8.3.1/thumb/v7e-m+fp/softfp/libcr_eabihelpers.a(double.o)
                0x0000000000009ddc                __aeabi_dmul
 .text.__aeabi_ddiv
                0x0000000000009ef0      0x150 /Applications/MCUXpressoIDE_11.1.0_3209/ide/plugins/com.nxp.mcuxpresso.tools.macosx_11.1.0.201909161352/tools/bin/../lib/gcc/arm-none-eabi/8.3.1/thumb/v7e-m+fp/softfp/libcr_eabihelpers.a(double.o)
                0x0000000000009ef0                __aeabi_ddiv
 .text.__aeabi_dsub
                0x000000000000a040      0x1ac /Applications/MCUXpressoIDE_11.1.0_3209/ide/plugins/com.nxp.mcuxpresso.tools.macosx_11.1.0.201909161352/tools/bin/../lib/gcc/arm-none-eabi/8.3.1/thumb/v7e-m+fp/softfp/libcr_eabihelpers.a(double.o)
                0x000000000000a040                __aeabi_dsub
 .text.__aeabi_dadd
                0x000000000000a1ec      0x114 /Applications/MCUXpressoIDE_11.1.0_3209/ide/plugins/com.nxp.mcuxpresso.tools.macosx_11.1.0.201909161352/tools/bin/../lib/gcc/arm-none-eabi/8.3.1/thumb/v7e-m+fp/softfp/libcr_eabihelpers.a(double.o)
                0x000000000000a1ec                __aeabi_dadd
 .text.__aeabi_d2iz
                0x000000000000a300       0x40 /Applications/MCUXpressoIDE_11.1.0_3209/ide/plugins/com.nxp.mcuxpresso.tools.macosx_11.1.0.201909161352/tools/bin/../lib/gcc/arm-none-eabi/8.3.1/thumb/v7e-m+fp/softfp/libcr_eabihelpers.a(double.o)
                0x000000000000a300                __aeabi_d2iz
 .text.__bhs_ui2d
                0x000000000000a340       0x46 /Applications/MCUXpressoIDE_11.1.0_3209/ide/plugins/com.nxp.mcuxpresso.tools.macosx_11.1.0.201909161352/tools/bin/../lib/gcc/arm-none-eabi/8.3.1/thumb/v7e-m+fp/softfp/libcr_eabihelpers.a(double.o)
                0x000000000000a340                __bhs_ui2d
 .text.__aeabi_i2d
                0x000000000000a386       0x12 /Applications/MCUXpressoIDE_11.1.0_3209/ide/plugins/com.nxp.mcuxpresso.tools.macosx_11.1.0.201909161352/tools/bin/../lib/gcc/arm-none-eabi/8.3.1/thumb/v7e-m+fp/softfp/libcr_eabihelpers.a(double.o)
                0x000000000000a386                __aeabi_i2d
 .text.__aeabi_dcmpeq
                0x000000000000a398       0x2e /Applications/MCUXpressoIDE_11.1.0_3209/ide/plugins/com.nxp.mcuxpresso.tools.macosx_11.1.0.201909161352/tools/bin/../lib/gcc/arm-none-eabi/8.3.1/thumb/v7e-m+fp/softfp/libcr_eabihelpers.a(double.o)
                0x000000000000a398                __aeabi_dcmpeq
 .text.__aeabi_dcmplt
                0x000000000000a3c6       0x56 /Applications/MCUXpressoIDE_11.1.0_3209/ide/plugins/com.nxp.mcuxpresso.tools.macosx_11.1.0.201909161352/tools/bin/../lib/gcc/arm-none-eabi/8.3.1/thumb/v7e-m+fp/softfp/libcr_eabihelpers.a(double.o)
                0x000000000000a3c6                __aeabi_dcmplt
 .text.__aeabi_dcmple
                0x000000000000a41c       0x56 /Applications/MCUXpressoIDE_11.1.0_3209/ide/plugins/com.nxp.mcuxpresso.tools.macosx_11.1.0.201909161352/tools/bin/../lib/gcc/arm-none-eabi/8.3.1/thumb/v7e-m+fp/softfp/libcr_eabihelpers.a(double.o)
                0x000000000000a41c                __aeabi_dcmple
 .text.__aeabi_dcmpge
                0x000000000000a472       0x5c /Applications/MCUXpressoIDE_11.1.0_3209/ide/plugins/com.nxp.mcuxpresso.tools.macosx_11.1.0.201909161352/tools/bin/../lib/gcc/arm-none-eabi/8.3.1/thumb/v7e-m+fp/softfp/libcr_eabihelpers.a(double.o)
                0x000000000000a472                __aeabi_dcmpge
 .text.__aeabi_memset_lowlevel
                0x000000000000a4ce       0x32 /Applications/MCUXpressoIDE_11.1.0_3209/ide/plugins/com.nxp.mcuxpresso.tools.macosx_11.1.0.201909161352/tools/bin/../lib/gcc/arm-none-eabi/8.3.1/thumb/v7e-m+fp/softfp/libcr_eabihelpers.a(memcpy.o)
                0x000000000000a4ce                __aeabi_lowlevel_memset
 .text.__sys_appexit
                0x000000000000a500        0x2 /Applications/MCUXpressoIDE_11.1.0_3209/ide/plugins/com.nxp.mcuxpresso.tools.macosx_11.1.0.201909161352/tools/bin/../lib/gcc/arm-none-eabi/8.3.1/../../../../arm-none-eabi/lib/thumb/v7e-m+fp/softfp/libcr_nohost.a(__sys_appexit.o)
                0x000000000000a500                __exit
                0x000000000000a500                __sys_appexit
 .text.__sys_close
                0x000000000000a502        0x6 /Applications/MCUXpressoIDE_11.1.0_3209/ide/plugins/com.nxp.mcuxpresso.tools.macosx_11.1.0.201909161352/tools/bin/../lib/gcc/arm-none-eabi/8.3.1/../../../../arm-none-eabi/lib/thumb/v7e-m+fp/softfp/libcr_nohost.a(__sys_close.o)
                0x000000000000a502                __sys_close
 .text.__sys_flen
                0x000000000000a508        0x6 /Applications/MCUXpressoIDE_11.1.0_3209/ide/plugins/com.nxp.mcuxpresso.tools.macosx_11.1.0.201909161352/tools/bin/../lib/gcc/arm-none-eabi/8.3.1/../../../../arm-none-eabi/lib/thumb/v7e-m+fp/softfp/libcr_nohost.a(__sys_flen.o)
                0x000000000000a508                __sys_flen
 .text.__sys_istty
                0x000000000000a50e        0x6 /Applications/MCUXpressoIDE_11.1.0_3209/ide/plugins/com.nxp.mcuxpresso.tools.macosx_11.1.0.201909161352/tools/bin/../lib/gcc/arm-none-eabi/8.3.1/../../../../arm-none-eabi/lib/thumb/v7e-m+fp/softfp/libcr_nohost.a(__sys_istty.o)
                0x000000000000a50e                __sys_istty
 .text.__sys_remove
                0x000000000000a514        0x6 /Applications/MCUXpressoIDE_11.1.0_3209/ide/plugins/com.nxp.mcuxpresso.tools.macosx_11.1.0.201909161352/tools/bin/../lib/gcc/arm-none-eabi/8.3.1/../../../../arm-none-eabi/lib/thumb/v7e-m+fp/softfp/libcr_nohost.a(__sys_remove.o)
                0x000000000000a514                __sys_remove
 .text.__sys_seek
                0x000000000000a51a        0x6 /Applications/MCUXpressoIDE_11.1.0_3209/ide/plugins/com.nxp.mcuxpresso.tools.macosx_11.1.0.201909161352/tools/bin/../lib/gcc/arm-none-eabi/8.3.1/../../../../arm-none-eabi/lib/thumb/v7e-m+fp/softfp/libcr_nohost.a(__sys_seek.o)
                0x000000000000a51a                __sys_seek
 .text.__sys_tmpnam
                0x000000000000a520        0x6 /Applications/MCUXpressoIDE_11.1.0_3209/ide/plugins/com.nxp.mcuxpresso.tools.macosx_11.1.0.201909161352/tools/bin/../lib/gcc/arm-none-eabi/8.3.1/../../../../arm-none-eabi/lib/thumb/v7e-m+fp/softfp/libcr_nohost.a(__sys_tmpnam.o)
                0x000000000000a520                __sys_tmpnam
 *(.rodata .rodata.* .constdata .constdata.*)
 *fill*         0x000000000000a526        0x2 ff
 .rodata        0x000000000000a528       0x10 ./lpcusblib/Drivers/USB/Core/Host.o
 .rodata        0x000000000000a538        0xf ./fatfs/src/ff.o
 *fill*         0x000000000000a547        0x1 ff
 .rodata        0x000000000000a548       0x1d ./fatfs/src/fs_usb.o
 *fill*         0x000000000000a565        0x3 ff
 .rodata        0x000000000000a568      0x4d2 ./example/src/MassStorageHost.o
 *fill*         0x000000000000aa3a        0x2 ff
 .rodata.ledBits
                0x000000000000aa3c        0x2 /Users/danielfaronbi/Google Drive/UNO/Fall 2019 Semmester/Embedded Microcontrollers/LPC Workspace/lpc_board_ea_devkit_4088/Debug/liblpc_board_ea_devkit_4088.a(board.o)
 *fill*         0x000000000000aa3e        0x2 ff
 .rodata.OscRateIn
                0x000000000000aa40        0x4 /Users/danielfaronbi/Google Drive/UNO/Fall 2019 Semmester/Embedded Microcontrollers/LPC Workspace/lpc_board_ea_devkit_4088/Debug/liblpc_board_ea_devkit_4088.a(board.o)
                0x000000000000aa40                OscRateIn
 .rodata.pinmuxing
                0x000000000000aa44       0x88 /Users/danielfaronbi/Google Drive/UNO/Fall 2019 Semmester/Embedded Microcontrollers/LPC Workspace/lpc_board_ea_devkit_4088/Debug/liblpc_board_ea_devkit_4088.a(board_sysinit.o)
 .rodata.IS42S32800D_config
                0x000000000000aacc       0x74 /Users/danielfaronbi/Google Drive/UNO/Fall 2019 Semmester/Embedded Microcontrollers/LPC Workspace/lpc_board_ea_devkit_4088/Debug/liblpc_board_ea_devkit_4088.a(board_sysinit.o)
 .rodata.SST39VF320_config
                0x000000000000ab40       0x20 /Users/danielfaronbi/Google Drive/UNO/Fall 2019 Semmester/Embedded Microcontrollers/LPC Workspace/lpc_board_ea_devkit_4088/Debug/liblpc_board_ea_devkit_4088.a(board_sysinit.o)
 .rodata.K9F1G_config
                0x000000000000ab60       0x20 /Users/danielfaronbi/Google Drive/UNO/Fall 2019 Semmester/Embedded Microcontrollers/LPC Workspace/lpc_board_ea_devkit_4088/Debug/liblpc_board_ea_devkit_4088.a(board_sysinit.o)
 .rodata.fp_display.str1.1
                0x000000000000ab80       0x34 /Applications/MCUXpressoIDE_11.1.0_3209/ide/plugins/com.nxp.mcuxpresso.tools.macosx_11.1.0.201909161352/tools/bin/../lib/gcc/arm-none-eabi/8.3.1/../../../../arm-none-eabi/lib/thumb/v7e-m+fp/softfp/libcr_c.a(fpprintf.o)
                                         0x35 (size before relaxing)
 .rodata._initio.str1.1
                0x000000000000abb4        0x4 /Applications/MCUXpressoIDE_11.1.0_3209/ide/plugins/com.nxp.mcuxpresso.tools.macosx_11.1.0.201909161352/tools/bin/../lib/gcc/arm-none-eabi/8.3.1/../../../../arm-none-eabi/lib/thumb/v7e-m+fp/softfp/libcr_c.a(initio.o)
 .rodata.__vfprintf.str1.1
                0x000000000000abb8       0x31 /Applications/MCUXpressoIDE_11.1.0_3209/ide/plugins/com.nxp.mcuxpresso.tools.macosx_11.1.0.201909161352/tools/bin/../lib/gcc/arm-none-eabi/8.3.1/../../../../arm-none-eabi/lib/thumb/v7e-m+fp/softfp/libcr_c.a(printf.o)
                                         0x38 (size before relaxing)
 .rodata._Csys_alloc.str1.1
                0x000000000000abe9       0x18 /Applications/MCUXpressoIDE_11.1.0_3209/ide/plugins/com.nxp.mcuxpresso.tools.macosx_11.1.0.201909161352/tools/bin/../lib/gcc/arm-none-eabi/8.3.1/../../../../arm-none-eabi/lib/thumb/v7e-m+fp/softfp/libcr_c.a(alloc.o)
 *fill*         0x000000000000ac01        0x3 ff
 .rodata.__num_Ciob_streams
                0x000000000000ac04        0x4 /Applications/MCUXpressoIDE_11.1.0_3209/ide/plugins/com.nxp.mcuxpresso.tools.macosx_11.1.0.201909161352/tools/bin/../lib/gcc/arm-none-eabi/8.3.1/../../../../arm-none-eabi/lib/thumb/v7e-m+fp/softfp/libcr_nohost.a(__ciob.o)
                0x000000000000ac04                __num_Ciob_streams
                0x000000000000ac08                . = ALIGN (0x4)

.glue_7         0x000000000000ac08        0x0
 .glue_7        0x000000000000ac08        0x0 linker stubs

.glue_7t        0x000000000000ac08        0x0
 .glue_7t       0x000000000000ac08        0x0 linker stubs

.vfp11_veneer   0x000000000000ac08        0x0
 .vfp11_veneer  0x000000000000ac08        0x0 linker stubs

.v4_bx          0x000000000000ac08        0x0
 .v4_bx         0x000000000000ac08        0x0 linker stubs

.iplt           0x000000000000ac08        0x0
 .iplt          0x000000000000ac08        0x0 ./lpcusblib/Drivers/USB/Core/HCD/OHCI/OHCI.o

.rel.dyn        0x000000000000ac08        0x0
 .rel.iplt      0x000000000000ac08        0x0 ./lpcusblib/Drivers/USB/Core/HCD/OHCI/OHCI.o

.ARM.extab
 *(.ARM.extab* .gnu.linkonce.armextab.*)
                0x000000000000ac08                __exidx_start = .

.ARM.exidx
 *(.ARM.exidx* .gnu.linkonce.armexidx.*)
                0x000000000000ac08                __exidx_end = .
                0x000000000000ac08                _etext = .

.data_RAM2      0x0000000020000000        0x0 load address 0x000000000000ac08
 FILL mask 0xff
                [!provide]                        PROVIDE (__start_data_RAM2 = .)
                [!provide]                        PROVIDE (__start_data_RamPeriph32 = .)
 *(.ramfunc.$RAM2)
 *(.ramfunc.$RamPeriph32)
 *(.data.$RAM2)
 *(.data.$RamPeriph32)
 *(.data.$RAM2.*)
 *(.data.$RamPeriph32.*)
                0x0000000020000000                . = ALIGN (0x4)
                [!provide]                        PROVIDE (__end_data_RAM2 = .)
                [!provide]                        PROVIDE (__end_data_RamPeriph32 = .)

.uninit_RESERVED
                0x0000000010000000        0x0
                0x0000000010000000                _start_uninit_RESERVED = .
 *(.bss.$RESERVED*)
                0x0000000010000000                . = ALIGN (0x4)
                0x0000000010000000                _end_uninit_RESERVED = .

.data           0x0000000010000000       0x18 load address 0x000000000000ac08
 FILL mask 0xff
                0x0000000010000000                _data = .
                [!provide]                        PROVIDE (__start_data_RAM = .)
                [!provide]                        PROVIDE (__start_data_RamLoc64 = .)
 *(vtable)
 *(.ramfunc*)
 *(CodeQuickAccess)
 *(DataQuickAccess)
 *(RamFunction)
 *(.data*)
 .data.Stat     0x0000000010000000        0x1 ./fatfs/src/fs_usb.o
 *fill*         0x0000000010000001        0x3 ff
 .data.FlashDisk_MS_Interface
                0x0000000010000004       0x14 ./example/src/MassStorageHost.o
                0x0000000010000018                . = ALIGN (0x4)
                0x0000000010000018                _edata = .
                [!provide]                        PROVIDE (__end_data_RAM = .)
                [!provide]                        PROVIDE (__end_data_RamLoc64 = .)

.igot.plt       0x0000000010000018        0x0 load address 0x000000000000ac20
 .igot.plt      0x0000000010000018        0x0 ./lpcusblib/Drivers/USB/Core/HCD/OHCI/OHCI.o

.bss_RAM2       0x0000000020000000     0x1508
                [!provide]                        PROVIDE (__start_bss_RAM2 = .)
                [!provide]                        PROVIDE (__start_bss_RamPeriph32 = .)
 *(.bss.$RAM2)
 .bss.$RAM2     0x0000000020000000      0x500 ./lpcusblib/Drivers/USB/Core/HCD/OHCI/OHCI.o
                0x0000000020000000                ohci_data
 .bss.$RAM2     0x0000000020000500     0x1000 ./lpcusblib/Drivers/USB/Core/USBMemory.o
 .bss.$RAM2     0x0000000020001500        0x8 ./lpcusblib/Drivers/USB/Core/USBTask.o
                0x0000000020001500                USB_ControlRequest
 *(.bss.$RamPeriph32)
 *(.bss.$RAM2.*)
 *(.bss.$RamPeriph32.*)
                0x0000000020001508                . = ALIGN ((. != 0x0)?0x4:0x1)
                [!provide]                        PROVIDE (__end_bss_RAM2 = .)
                [!provide]                        PROVIDE (__end_bss_RamPeriph32 = .)

.bss            0x0000000010000018     0x26fc
                0x0000000010000018                _bss = .
                [!provide]                        PROVIDE (__start_bss_RAM = .)
                [!provide]                        PROVIDE (__start_bss_RamLoc64 = .)
 *(.bss*)
 .bss.WaitMSRemaining.9615
                0x0000000010000018        0x2 ./lpcusblib/Drivers/USB/Core/Host.o
 .bss.PostWaitState.9616
                0x000000001000001a        0x1 ./lpcusblib/Drivers/USB/Core/Host.o
 .bss.Mem_IsInitialized
                0x000000001000001b        0x1 ./lpcusblib/Drivers/USB/Core/USBController.o
                0x000000001000001b                Mem_IsInitialized
 .bss.FatFs     0x000000001000001c        0x4 ./fatfs/src/ff.o
 .bss.Fsid      0x0000000010000020        0x2 ./fatfs/src/ff.o
 *fill*         0x0000000010000022        0x2 
 .bss.hDisk     0x0000000010000024        0x4 ./fatfs/src/fs_usb.o
 .bss.init.8502
                0x0000000010000028        0x4 ./fatfs/src/rtc.o
 .bss.DiskCapacity
                0x000000001000002c        0x8 ./example/src/MassStorageHost.o
 .bss.buffer    0x0000000010000034     0x2000 ./example/src/MassStorageHost.o
 .bss.fatFS     0x0000000010002034      0x230 ./example/src/MassStorageHost.o
 .bss.fileObj   0x0000000010002264      0x224 ./example/src/MassStorageHost.o
 .bss.errno     0x0000000010002488        0x4 /Applications/MCUXpressoIDE_11.1.0_3209/ide/plugins/com.nxp.mcuxpresso.tools.macosx_11.1.0.201909161352/tools/bin/../lib/gcc/arm-none-eabi/8.3.1/../../../../arm-none-eabi/lib/thumb/v7e-m+fp/softfp/libcr_c.a(errno.o)
                0x0000000010002488                errno
 .bss.__end_of_heap
                0x000000001000248c        0x4 /Applications/MCUXpressoIDE_11.1.0_3209/ide/plugins/com.nxp.mcuxpresso.tools.macosx_11.1.0.201909161352/tools/bin/../lib/gcc/arm-none-eabi/8.3.1/../../../../arm-none-eabi/lib/thumb/v7e-m+fp/softfp/libcr_c.a(__init_alloc.o)
                0x000000001000248c                __end_of_heap
 .bss.__heaps   0x0000000010002490        0x4 /Applications/MCUXpressoIDE_11.1.0_3209/ide/plugins/com.nxp.mcuxpresso.tools.macosx_11.1.0.201909161352/tools/bin/../lib/gcc/arm-none-eabi/8.3.1/../../../../arm-none-eabi/lib/thumb/v7e-m+fp/softfp/libcr_c.a(__init_alloc.o)
                0x0000000010002490                __heaps
 .bss.__Ciob    0x0000000010002494      0x1e0 /Applications/MCUXpressoIDE_11.1.0_3209/ide/plugins/com.nxp.mcuxpresso.tools.macosx_11.1.0.201909161352/tools/bin/../lib/gcc/arm-none-eabi/8.3.1/../../../../arm-none-eabi/lib/thumb/v7e-m+fp/softfp/libcr_nohost.a(__ciob.o)
                0x0000000010002494                __Ciob
 *(COMMON)
 COMMON         0x0000000010002674        0x1 ./lpcusblib/Drivers/USB/Core/Host.o
                0x0000000010002674                USB_Host_ControlPipeSize
 COMMON         0x0000000010002675        0x1 ./lpcusblib/Drivers/USB/Core/HostStandardReq.o
                0x0000000010002675                USB_Host_ConfigurationNumber
 *fill*         0x0000000010002676        0x2 
 COMMON         0x0000000010002678       0x89 ./lpcusblib/Drivers/USB/Core/Pipe.o
                0x0000000010002678                hostportspeed
                0x000000001000267c                PipeInfo
                0x00000000100026fc                hostselected
                0x0000000010002700                pipeselected
 *fill*         0x0000000010002701        0x3 
 COMMON         0x0000000010002704        0x1 ./lpcusblib/Drivers/USB/Core/USBController.o
                0x0000000010002704                USB_CurrentMode
 *fill*         0x0000000010002705        0x3 
 COMMON         0x0000000010002708        0x5 ./lpcusblib/Drivers/USB/Core/USBTask.o
                0x0000000010002708                USB_IsInitialized
                0x000000001000270c                USB_HostState
 *fill*         0x000000001000270d        0x3 
 COMMON         0x0000000010002710        0x4 /Users/danielfaronbi/Google Drive/UNO/Fall 2019 Semmester/Embedded Microcontrollers/LPC Workspace/lpc_chip_40xx/Debug/liblpc_chip_40xx.a(chip_17xx_40xx.o)
                0x0000000010002710                SystemCoreClock
                0x0000000010002714                . = ALIGN (0x4)
                0x0000000010002714                _ebss = .
                [!provide]                        PROVIDE (__end_bss_RAM = .)
                [!provide]                        PROVIDE (__end_bss_RamLoc64 = .)
                [!provide]                        PROVIDE (end = .)

.noinit_RAM2    0x0000000020001508        0x0
                [!provide]                        PROVIDE (__start_noinit_RAM2 = .)
                [!provide]                        PROVIDE (__start_noinit_RamPeriph32 = .)
 *(.noinit.$RAM2)
 *(.noinit.$RamPeriph32)
 *(.noinit.$RAM2.*)
 *(.noinit.$RamPeriph32.*)
                0x0000000020001508                . = ALIGN (0x4)
                [!provide]                        PROVIDE (__end_noinit_RAM2 = .)
                [!provide]                        PROVIDE (__end_noinit_RamPeriph32 = .)

.noinit         0x0000000010002714        0x0
                0x0000000010002714                _noinit = .
                [!provide]                        PROVIDE (__start_noinit_RAM = .)
                [!provide]                        PROVIDE (__start_noinit_RamLoc64 = .)
 *(.noinit*)
                0x0000000010002714                . = ALIGN (0x4)
                0x0000000010002714                _end_noinit = .
                [!provide]                        PROVIDE (__end_noinit_RAM = .)
                [!provide]                        PROVIDE (__end_noinit_RamLoc64 = .)
                0x0000000010002714                PROVIDE (_pvHeapStart = DEFINED (__user_heap_base)?__user_heap_base:.)
                0x0000000010010000                PROVIDE (_vStackTop = DEFINED (__user_stack_top)?__user_stack_top:(__top_RamLoc64 - 0x0))
                [!provide]                        PROVIDE (__valid_user_code_checksum = (0x0 - ((((((_vStackTop + (ResetISR + 0x1)) + (NMI_Handler + 0x1)) + (HardFault_Handler + 0x1)) + (DEFINED (MemManage_Handler)?MemManage_Handler:0x0 + 0x1)) + (DEFINED (BusFault_Handler)?BusFault_Handler:0x0 + 0x1)) + (DEFINED (UsageFault_Handler)?UsageFault_Handler:0x0 + 0x1))))
                0x0000000000000000                _image_start = LOADADDR (.text)
                0x000000000000ac20                _image_end = (LOADADDR (.data) + SIZEOF (.data))
                0x000000000000ac20                _image_size = (_image_end - _image_start)
OUTPUT(lpcusblib_MassStorageHost.axf elf32-littlearm)

.debug_info     0x0000000000000000    0x10c33
 .debug_info    0x0000000000000000     0x1d13 ./lpcusblib/Drivers/USB/Core/HCD/OHCI/OHCI.o
 .debug_info    0x0000000000001d13      0x485 ./lpcusblib/Drivers/USB/Core/HCD/HCD.o
 .debug_info    0x0000000000002198      0x9b6 ./lpcusblib/Drivers/USB/Core/HAL/LPC17XX/HAL_LPC17xx.o
 .debug_info    0x0000000000002b4e      0x6a2 ./lpcusblib/Drivers/USB/Core/ConfigDescriptor.o
 .debug_info    0x00000000000031f0      0x826 ./lpcusblib/Drivers/USB/Core/Host.o
 .debug_info    0x0000000000003a16      0x760 ./lpcusblib/Drivers/USB/Core/HostStandardReq.o
 .debug_info    0x0000000000004176      0x703 ./lpcusblib/Drivers/USB/Core/Pipe.o
 .debug_info    0x0000000000004879      0x907 ./lpcusblib/Drivers/USB/Core/PipeStream.o
 .debug_info    0x0000000000005180      0x4ca ./lpcusblib/Drivers/USB/Core/USBController.o
 .debug_info    0x000000000000564a      0x3ae ./lpcusblib/Drivers/USB/Core/USBMemory.o
 .debug_info    0x00000000000059f8      0x3ff ./lpcusblib/Drivers/USB/Core/USBTask.o
 .debug_info    0x0000000000005df7     0x158b ./lpcusblib/Drivers/USB/Class/Host/MassStorageClassHost.o
 .debug_info    0x0000000000007382     0x1679 ./fatfs/src/ff.o
 .debug_info    0x00000000000089fb      0x537 ./fatfs/src/fs_usb.o
 .debug_info    0x0000000000008f32      0x423 ./fatfs/src/rtc.o
 .debug_info    0x0000000000009355      0xee6 ./example/src/MassStorageHost.o
 .debug_info    0x000000000000a23b      0x262 ./example/src/cr_startup_lpc40xx.o
 .debug_info    0x000000000000a49d      0x110 ./example/src/sysinit.o
 .debug_info    0x000000000000a5ad     0x1c49 /Users/danielfaronbi/Google Drive/UNO/Fall 2019 Semmester/Embedded Microcontrollers/LPC Workspace/lpc_board_ea_devkit_4088/Debug/liblpc_board_ea_devkit_4088.a(board.o)
 .debug_info    0x000000000000c1f6      0xa1c /Users/danielfaronbi/Google Drive/UNO/Fall 2019 Semmester/Embedded Microcontrollers/LPC Workspace/lpc_board_ea_devkit_4088/Debug/liblpc_board_ea_devkit_4088.a(board_sysinit.o)
 .debug_info    0x000000000000cc12      0x5fa /Users/danielfaronbi/Google Drive/UNO/Fall 2019 Semmester/Embedded Microcontrollers/LPC Workspace/lpc_chip_40xx/Debug/liblpc_chip_40xx.a(chip_17xx_40xx.o)
 .debug_info    0x000000000000d20c      0xb85 /Users/danielfaronbi/Google Drive/UNO/Fall 2019 Semmester/Embedded Microcontrollers/LPC Workspace/lpc_chip_40xx/Debug/liblpc_chip_40xx.a(clock_17xx_40xx.o)
 .debug_info    0x000000000000dd91      0xc57 /Users/danielfaronbi/Google Drive/UNO/Fall 2019 Semmester/Embedded Microcontrollers/LPC Workspace/lpc_chip_40xx/Debug/liblpc_chip_40xx.a(emc_17xx_40xx.o)
 .debug_info    0x000000000000e9e8      0x128 /Users/danielfaronbi/Google Drive/UNO/Fall 2019 Semmester/Embedded Microcontrollers/LPC Workspace/lpc_chip_40xx/Debug/liblpc_chip_40xx.a(fpu_init.o)
 .debug_info    0x000000000000eb10      0x1fe /Users/danielfaronbi/Google Drive/UNO/Fall 2019 Semmester/Embedded Microcontrollers/LPC Workspace/lpc_chip_40xx/Debug/liblpc_chip_40xx.a(iocon_17xx_40xx.o)
 .debug_info    0x000000000000ed0e      0x738 /Users/danielfaronbi/Google Drive/UNO/Fall 2019 Semmester/Embedded Microcontrollers/LPC Workspace/lpc_chip_40xx/Debug/liblpc_chip_40xx.a(rtc_17xx_40xx.o)
 .debug_info    0x000000000000f446      0x512 /Users/danielfaronbi/Google Drive/UNO/Fall 2019 Semmester/Embedded Microcontrollers/LPC Workspace/lpc_chip_40xx/Debug/liblpc_chip_40xx.a(sysctl_17xx_40xx.o)
 .debug_info    0x000000000000f958      0x4ec /Users/danielfaronbi/Google Drive/UNO/Fall 2019 Semmester/Embedded Microcontrollers/LPC Workspace/lpc_chip_40xx/Debug/liblpc_chip_40xx.a(sysinit_17xx_40xx.o)
 .debug_info    0x000000000000fe44      0xdef /Users/danielfaronbi/Google Drive/UNO/Fall 2019 Semmester/Embedded Microcontrollers/LPC Workspace/lpc_chip_40xx/Debug/liblpc_chip_40xx.a(uart_17xx_40xx.o)

.debug_abbrev   0x0000000000000000     0x3410
 .debug_abbrev  0x0000000000000000      0x313 ./lpcusblib/Drivers/USB/Core/HCD/OHCI/OHCI.o
 .debug_abbrev  0x0000000000000313      0x14a ./lpcusblib/Drivers/USB/Core/HCD/HCD.o
 .debug_abbrev  0x000000000000045d      0x23d ./lpcusblib/Drivers/USB/Core/HAL/LPC17XX/HAL_LPC17xx.o
 .debug_abbrev  0x000000000000069a      0x1cd ./lpcusblib/Drivers/USB/Core/ConfigDescriptor.o
 .debug_abbrev  0x0000000000000867      0x26e ./lpcusblib/Drivers/USB/Core/Host.o
 .debug_abbrev  0x0000000000000ad5      0x1d9 ./lpcusblib/Drivers/USB/Core/HostStandardReq.o
 .debug_abbrev  0x0000000000000cae      0x1dd ./lpcusblib/Drivers/USB/Core/Pipe.o
 .debug_abbrev  0x0000000000000e8b      0x200 ./lpcusblib/Drivers/USB/Core/PipeStream.o
 .debug_abbrev  0x000000000000108b      0x12d ./lpcusblib/Drivers/USB/Core/USBController.o
 .debug_abbrev  0x00000000000011b8      0x149 ./lpcusblib/Drivers/USB/Core/USBMemory.o
 .debug_abbrev  0x0000000000001301      0x17b ./lpcusblib/Drivers/USB/Core/USBTask.o
 .debug_abbrev  0x000000000000147c      0x29e ./lpcusblib/Drivers/USB/Class/Host/MassStorageClassHost.o
 .debug_abbrev  0x000000000000171a      0x197 ./fatfs/src/ff.o
 .debug_abbrev  0x00000000000018b1      0x134 ./fatfs/src/fs_usb.o
 .debug_abbrev  0x00000000000019e5      0x161 ./fatfs/src/rtc.o
 .debug_abbrev  0x0000000000001b46      0x2dd ./example/src/MassStorageHost.o
 .debug_abbrev  0x0000000000001e23       0xf5 ./example/src/cr_startup_lpc40xx.o
 .debug_abbrev  0x0000000000001f18       0xa3 ./example/src/sysinit.o
 .debug_abbrev  0x0000000000001fbb      0x354 /Users/danielfaronbi/Google Drive/UNO/Fall 2019 Semmester/Embedded Microcontrollers/LPC Workspace/lpc_board_ea_devkit_4088/Debug/liblpc_board_ea_devkit_4088.a(board.o)
 .debug_abbrev  0x000000000000230f      0x234 /Users/danielfaronbi/Google Drive/UNO/Fall 2019 Semmester/Embedded Microcontrollers/LPC Workspace/lpc_board_ea_devkit_4088/Debug/liblpc_board_ea_devkit_4088.a(board_sysinit.o)
 .debug_abbrev  0x0000000000002543      0x15e /Users/danielfaronbi/Google Drive/UNO/Fall 2019 Semmester/Embedded Microcontrollers/LPC Workspace/lpc_chip_40xx/Debug/liblpc_chip_40xx.a(chip_17xx_40xx.o)
 .debug_abbrev  0x00000000000026a1      0x2b4 /Users/danielfaronbi/Google Drive/UNO/Fall 2019 Semmester/Embedded Microcontrollers/LPC Workspace/lpc_chip_40xx/Debug/liblpc_chip_40xx.a(clock_17xx_40xx.o)
 .debug_abbrev  0x0000000000002955      0x1fb /Users/danielfaronbi/Google Drive/UNO/Fall 2019 Semmester/Embedded Microcontrollers/LPC Workspace/lpc_chip_40xx/Debug/liblpc_chip_40xx.a(emc_17xx_40xx.o)
 .debug_abbrev  0x0000000000002b50       0x84 /Users/danielfaronbi/Google Drive/UNO/Fall 2019 Semmester/Embedded Microcontrollers/LPC Workspace/lpc_chip_40xx/Debug/liblpc_chip_40xx.a(fpu_init.o)
 .debug_abbrev  0x0000000000002bd4      0x122 /Users/danielfaronbi/Google Drive/UNO/Fall 2019 Semmester/Embedded Microcontrollers/LPC Workspace/lpc_chip_40xx/Debug/liblpc_chip_40xx.a(iocon_17xx_40xx.o)
 .debug_abbrev  0x0000000000002cf6      0x181 /Users/danielfaronbi/Google Drive/UNO/Fall 2019 Semmester/Embedded Microcontrollers/LPC Workspace/lpc_chip_40xx/Debug/liblpc_chip_40xx.a(rtc_17xx_40xx.o)
 .debug_abbrev  0x0000000000002e77      0x14b /Users/danielfaronbi/Google Drive/UNO/Fall 2019 Semmester/Embedded Microcontrollers/LPC Workspace/lpc_chip_40xx/Debug/liblpc_chip_40xx.a(sysctl_17xx_40xx.o)
 .debug_abbrev  0x0000000000002fc2      0x175 /Users/danielfaronbi/Google Drive/UNO/Fall 2019 Semmester/Embedded Microcontrollers/LPC Workspace/lpc_chip_40xx/Debug/liblpc_chip_40xx.a(sysinit_17xx_40xx.o)
 .debug_abbrev  0x0000000000003137      0x2d9 /Users/danielfaronbi/Google Drive/UNO/Fall 2019 Semmester/Embedded Microcontrollers/LPC Workspace/lpc_chip_40xx/Debug/liblpc_chip_40xx.a(uart_17xx_40xx.o)

.debug_aranges  0x0000000000000000      0xec0
 .debug_aranges
                0x0000000000000000      0x178 ./lpcusblib/Drivers/USB/Core/HCD/OHCI/OHCI.o
 .debug_aranges
                0x0000000000000178       0x30 ./lpcusblib/Drivers/USB/Core/HCD/HCD.o
 .debug_aranges
                0x00000000000001a8       0x70 ./lpcusblib/Drivers/USB/Core/HAL/LPC17XX/HAL_LPC17xx.o
 .debug_aranges
                0x0000000000000218       0x48 ./lpcusblib/Drivers/USB/Core/ConfigDescriptor.o
 .debug_aranges
                0x0000000000000260       0x60 ./lpcusblib/Drivers/USB/Core/Host.o
 .debug_aranges
                0x00000000000002c0       0x50 ./lpcusblib/Drivers/USB/Core/HostStandardReq.o
 .debug_aranges
                0x0000000000000310       0x48 ./lpcusblib/Drivers/USB/Core/Pipe.o
 .debug_aranges
                0x0000000000000358       0x80 ./lpcusblib/Drivers/USB/Core/PipeStream.o
 .debug_aranges
                0x00000000000003d8       0x38 ./lpcusblib/Drivers/USB/Core/USBController.o
 .debug_aranges
                0x0000000000000410       0x30 ./lpcusblib/Drivers/USB/Core/USBMemory.o
 .debug_aranges
                0x0000000000000440       0x28 ./lpcusblib/Drivers/USB/Core/USBTask.o
 .debug_aranges
                0x0000000000000468       0x98 ./lpcusblib/Drivers/USB/Class/Host/MassStorageClassHost.o
 .debug_aranges
                0x0000000000000500      0x168 ./fatfs/src/ff.o
 .debug_aranges
                0x0000000000000668       0x40 ./fatfs/src/fs_usb.o
 .debug_aranges
                0x00000000000006a8       0x38 ./fatfs/src/rtc.o
 .debug_aranges
                0x00000000000006e0       0xa0 ./example/src/MassStorageHost.o
 .debug_aranges
                0x0000000000000780       0x80 ./example/src/cr_startup_lpc40xx.o
 .debug_aranges
                0x0000000000000800       0x20 ./example/src/sysinit.o
 .debug_aranges
                0x0000000000000820      0x1f8 /Users/danielfaronbi/Google Drive/UNO/Fall 2019 Semmester/Embedded Microcontrollers/LPC Workspace/lpc_board_ea_devkit_4088/Debug/liblpc_board_ea_devkit_4088.a(board.o)
 .debug_aranges
                0x0000000000000a18       0x50 /Users/danielfaronbi/Google Drive/UNO/Fall 2019 Semmester/Embedded Microcontrollers/LPC Workspace/lpc_board_ea_devkit_4088/Debug/liblpc_board_ea_devkit_4088.a(board_sysinit.o)
 .debug_aranges
                0x0000000000000a68       0x30 /Users/danielfaronbi/Google Drive/UNO/Fall 2019 Semmester/Embedded Microcontrollers/LPC Workspace/lpc_chip_40xx/Debug/liblpc_chip_40xx.a(chip_17xx_40xx.o)
 .debug_aranges
                0x0000000000000a98      0x138 /Users/danielfaronbi/Google Drive/UNO/Fall 2019 Semmester/Embedded Microcontrollers/LPC Workspace/lpc_chip_40xx/Debug/liblpc_chip_40xx.a(clock_17xx_40xx.o)
 .debug_aranges
                0x0000000000000bd0       0x80 /Users/danielfaronbi/Google Drive/UNO/Fall 2019 Semmester/Embedded Microcontrollers/LPC Workspace/lpc_chip_40xx/Debug/liblpc_chip_40xx.a(emc_17xx_40xx.o)
 .debug_aranges
                0x0000000000000c50       0x20 /Users/danielfaronbi/Google Drive/UNO/Fall 2019 Semmester/Embedded Microcontrollers/LPC Workspace/lpc_chip_40xx/Debug/liblpc_chip_40xx.a(fpu_init.o)
 .debug_aranges