core_cm4.h:1467:22:NVIC_EnableIRQ	16	static
core_cm4.h:1480:22:NVIC_DisableIRQ	16	static
core_cm4.h:1550:22:NVIC_SetPriority	16	static
timer_17xx_40xx.h:111:20:Chip_TIMER_MatchPending	16	static
timer_17xx_40xx.h:136:20:Chip_TIMER_ClearMatch	16	static
timer_17xx_40xx.h:159:20:Chip_TIMER_Enable	16	static
timer_17xx_40xx.h:217:20:Chip_TIMER_SetMatch	24	static
timer_17xx_40xx.h:248:20:Chip_TIMER_MatchEnableInt	16	static
timer_17xx_40xx.h:270:20:Chip_TIMER_ResetOnMatchEnable	16	static
timer_17xx_40xx.h:293:20:Chip_TIMER_StopOnMatchEnable	16	static
timer_17xx_40xx.h:305:20:Chip_TIMER_StopOnMatchDisable	16	static
timer.c:20:6:timer_init	16	static
timer.c:74:6:timer0_start	8	static
timer.c:83:6:timer0_matched	8	static
timer.c:97:6:timer1_start	8	static
timer.c:106:6:timer1_matched	8	static
timer.c:119:6:TIMER1_IRQHandler	8	static
