ARM GAS  C:\Users\dprdc\AppData\Local\Temp\ccdV7EmQ.s 			page 1


   1              		.syntax unified
   2              		.cpu cortex-m0
   3              		.fpu softvfp
   4              		.eabi_attribute 20, 1
   5              		.eabi_attribute 21, 1
   6              		.eabi_attribute 23, 3
   7              		.eabi_attribute 24, 1
   8              		.eabi_attribute 25, 1
   9              		.eabi_attribute 26, 1
  10              		.eabi_attribute 30, 6
  11              		.eabi_attribute 34, 0
  12              		.eabi_attribute 18, 4
  13              		.thumb
  14              		.syntax unified
  15              		.file	"cyfitter_cfg.c"
  16              		.text
  17              	.Ltext0:
  18              		.cfi_sections	.debug_frame
  19              		.section	.text.CYMEMZERO,"ax",%progbits
  20              		.align	2
  21              		.code	16
  22              		.thumb_func
  23              		.type	CYMEMZERO, %function
  24              	CYMEMZERO:
  25              	.LFB2:
  26              		.file 1 "Generated_Source\\PSoC4\\cyfitter_cfg.c"
   1:Generated_Source\PSoC4/cyfitter_cfg.c **** 
   2:Generated_Source\PSoC4/cyfitter_cfg.c **** /*******************************************************************************
   3:Generated_Source\PSoC4/cyfitter_cfg.c **** * File Name: cyfitter_cfg.c
   4:Generated_Source\PSoC4/cyfitter_cfg.c **** * 
   5:Generated_Source\PSoC4/cyfitter_cfg.c **** * PSoC Creator  4.3
   6:Generated_Source\PSoC4/cyfitter_cfg.c **** *
   7:Generated_Source\PSoC4/cyfitter_cfg.c **** * Description:
   8:Generated_Source\PSoC4/cyfitter_cfg.c **** * This file contains device initialization code.
   9:Generated_Source\PSoC4/cyfitter_cfg.c **** * Except for the user defined sections in CyClockStartupError(), this file should not be modified.
  10:Generated_Source\PSoC4/cyfitter_cfg.c **** * This file is automatically generated by PSoC Creator.
  11:Generated_Source\PSoC4/cyfitter_cfg.c **** *
  12:Generated_Source\PSoC4/cyfitter_cfg.c **** ********************************************************************************
  13:Generated_Source\PSoC4/cyfitter_cfg.c **** * Copyright (c) 2007-2019 Cypress Semiconductor.  All rights reserved.
  14:Generated_Source\PSoC4/cyfitter_cfg.c **** * You may use this file only in accordance with the license, terms, conditions, 
  15:Generated_Source\PSoC4/cyfitter_cfg.c **** * disclaimers, and limitations in the end user license agreement accompanying 
  16:Generated_Source\PSoC4/cyfitter_cfg.c **** * the software package with which this file was provided.
  17:Generated_Source\PSoC4/cyfitter_cfg.c **** ********************************************************************************/
  18:Generated_Source\PSoC4/cyfitter_cfg.c **** 
  19:Generated_Source\PSoC4/cyfitter_cfg.c **** #include <string.h>
  20:Generated_Source\PSoC4/cyfitter_cfg.c **** #include "cytypes.h"
  21:Generated_Source\PSoC4/cyfitter_cfg.c **** #include "cydevice_trm.h"
  22:Generated_Source\PSoC4/cyfitter_cfg.c **** #include "cyfitter.h"
  23:Generated_Source\PSoC4/cyfitter_cfg.c **** #include "CyLib.h"
  24:Generated_Source\PSoC4/cyfitter_cfg.c **** #include "CyLFClk.h"
  25:Generated_Source\PSoC4/cyfitter_cfg.c **** #include "cyfitter_cfg.h"
  26:Generated_Source\PSoC4/cyfitter_cfg.c **** #include "cyapicallbacks.h"
  27:Generated_Source\PSoC4/cyfitter_cfg.c **** 
  28:Generated_Source\PSoC4/cyfitter_cfg.c **** 
  29:Generated_Source\PSoC4/cyfitter_cfg.c **** #if defined(__GNUC__) || defined(__ARMCC_VERSION)
  30:Generated_Source\PSoC4/cyfitter_cfg.c ****     #define CYPACKED 
  31:Generated_Source\PSoC4/cyfitter_cfg.c ****     #define CYPACKED_ATTR __attribute__ ((packed))
ARM GAS  C:\Users\dprdc\AppData\Local\Temp\ccdV7EmQ.s 			page 2


  32:Generated_Source\PSoC4/cyfitter_cfg.c ****     #define CYALIGNED __attribute__ ((aligned))
  33:Generated_Source\PSoC4/cyfitter_cfg.c ****     #define CY_CFG_UNUSED __attribute__ ((unused))
  34:Generated_Source\PSoC4/cyfitter_cfg.c ****     #ifndef CY_CFG_SECTION
  35:Generated_Source\PSoC4/cyfitter_cfg.c ****         #define CY_CFG_SECTION __attribute__ ((section(".psocinit")))
  36:Generated_Source\PSoC4/cyfitter_cfg.c ****     #endif
  37:Generated_Source\PSoC4/cyfitter_cfg.c ****     
  38:Generated_Source\PSoC4/cyfitter_cfg.c ****     #if defined(__ARMCC_VERSION)
  39:Generated_Source\PSoC4/cyfitter_cfg.c ****         #define CY_CFG_MEMORY_BARRIER() __memory_changed()
  40:Generated_Source\PSoC4/cyfitter_cfg.c ****     #else
  41:Generated_Source\PSoC4/cyfitter_cfg.c ****         #define CY_CFG_MEMORY_BARRIER() __sync_synchronize()
  42:Generated_Source\PSoC4/cyfitter_cfg.c ****     #endif
  43:Generated_Source\PSoC4/cyfitter_cfg.c ****     
  44:Generated_Source\PSoC4/cyfitter_cfg.c **** #elif defined(__ICCARM__)
  45:Generated_Source\PSoC4/cyfitter_cfg.c ****     #include <intrinsics.h>
  46:Generated_Source\PSoC4/cyfitter_cfg.c **** 
  47:Generated_Source\PSoC4/cyfitter_cfg.c ****     #define CYPACKED __packed
  48:Generated_Source\PSoC4/cyfitter_cfg.c ****     #define CYPACKED_ATTR 
  49:Generated_Source\PSoC4/cyfitter_cfg.c ****     #define CYALIGNED _Pragma("data_alignment=4")
  50:Generated_Source\PSoC4/cyfitter_cfg.c ****     #define CY_CFG_UNUSED _Pragma("diag_suppress=Pe177")
  51:Generated_Source\PSoC4/cyfitter_cfg.c ****     #define CY_CFG_SECTION _Pragma("location=\".psocinit\"")
  52:Generated_Source\PSoC4/cyfitter_cfg.c ****     
  53:Generated_Source\PSoC4/cyfitter_cfg.c ****     #define CY_CFG_MEMORY_BARRIER() __DMB()
  54:Generated_Source\PSoC4/cyfitter_cfg.c ****     
  55:Generated_Source\PSoC4/cyfitter_cfg.c **** #else
  56:Generated_Source\PSoC4/cyfitter_cfg.c ****     #error Unsupported toolchain
  57:Generated_Source\PSoC4/cyfitter_cfg.c **** #endif
  58:Generated_Source\PSoC4/cyfitter_cfg.c **** 
  59:Generated_Source\PSoC4/cyfitter_cfg.c **** #ifndef CYCODE
  60:Generated_Source\PSoC4/cyfitter_cfg.c ****     #define CYCODE
  61:Generated_Source\PSoC4/cyfitter_cfg.c **** #endif
  62:Generated_Source\PSoC4/cyfitter_cfg.c **** #ifndef CYDATA
  63:Generated_Source\PSoC4/cyfitter_cfg.c ****     #define CYDATA
  64:Generated_Source\PSoC4/cyfitter_cfg.c **** #endif
  65:Generated_Source\PSoC4/cyfitter_cfg.c **** #ifndef CYFAR
  66:Generated_Source\PSoC4/cyfitter_cfg.c ****     #define CYFAR
  67:Generated_Source\PSoC4/cyfitter_cfg.c **** #endif
  68:Generated_Source\PSoC4/cyfitter_cfg.c **** #ifndef CYXDATA
  69:Generated_Source\PSoC4/cyfitter_cfg.c ****     #define CYXDATA
  70:Generated_Source\PSoC4/cyfitter_cfg.c **** #endif
  71:Generated_Source\PSoC4/cyfitter_cfg.c **** 
  72:Generated_Source\PSoC4/cyfitter_cfg.c **** 
  73:Generated_Source\PSoC4/cyfitter_cfg.c **** CY_CFG_UNUSED
  74:Generated_Source\PSoC4/cyfitter_cfg.c **** static void CYMEMZERO(void *s, size_t n);
  75:Generated_Source\PSoC4/cyfitter_cfg.c **** CY_CFG_UNUSED
  76:Generated_Source\PSoC4/cyfitter_cfg.c **** static void CYMEMZERO(void *s, size_t n)
  77:Generated_Source\PSoC4/cyfitter_cfg.c **** {
  27              		.loc 1 77 0
  28              		.cfi_startproc
  29              		@ args = 0, pretend = 0, frame = 8
  30              		@ frame_needed = 1, uses_anonymous_args = 0
  31 0000 80B5     		push	{r7, lr}
  32              		.cfi_def_cfa_offset 8
  33              		.cfi_offset 7, -8
  34              		.cfi_offset 14, -4
  35 0002 82B0     		sub	sp, sp, #8
  36              		.cfi_def_cfa_offset 16
  37 0004 00AF     		add	r7, sp, #0
ARM GAS  C:\Users\dprdc\AppData\Local\Temp\ccdV7EmQ.s 			page 3


  38              		.cfi_def_cfa_register 7
  39 0006 7860     		str	r0, [r7, #4]
  40 0008 3960     		str	r1, [r7]
  78:Generated_Source\PSoC4/cyfitter_cfg.c **** 	(void)memset(s, 0, n);
  41              		.loc 1 78 0
  42 000a 3A68     		ldr	r2, [r7]
  43 000c 7B68     		ldr	r3, [r7, #4]
  44 000e 0021     		movs	r1, #0
  45 0010 1800     		movs	r0, r3
  46 0012 FFF7FEFF 		bl	memset
  79:Generated_Source\PSoC4/cyfitter_cfg.c **** }
  47              		.loc 1 79 0
  48 0016 C046     		nop
  49 0018 BD46     		mov	sp, r7
  50 001a 02B0     		add	sp, sp, #8
  51              		@ sp needed
  52 001c 80BD     		pop	{r7, pc}
  53              		.cfi_endproc
  54              	.LFE2:
  55              		.size	CYMEMZERO, .-CYMEMZERO
  56 001e C046     		.section	.text.CYCONFIGCPY,"ax",%progbits
  57              		.align	2
  58              		.code	16
  59              		.thumb_func
  60              		.type	CYCONFIGCPY, %function
  61              	CYCONFIGCPY:
  62              	.LFB3:
  80:Generated_Source\PSoC4/cyfitter_cfg.c **** CY_CFG_UNUSED
  81:Generated_Source\PSoC4/cyfitter_cfg.c **** static void CYCONFIGCPY(void *dest, const void *src, size_t n);
  82:Generated_Source\PSoC4/cyfitter_cfg.c **** CY_CFG_UNUSED
  83:Generated_Source\PSoC4/cyfitter_cfg.c **** static void CYCONFIGCPY(void *dest, const void *src, size_t n)
  84:Generated_Source\PSoC4/cyfitter_cfg.c **** {
  63              		.loc 1 84 0
  64              		.cfi_startproc
  65              		@ args = 0, pretend = 0, frame = 16
  66              		@ frame_needed = 1, uses_anonymous_args = 0
  67 0000 80B5     		push	{r7, lr}
  68              		.cfi_def_cfa_offset 8
  69              		.cfi_offset 7, -8
  70              		.cfi_offset 14, -4
  71 0002 84B0     		sub	sp, sp, #16
  72              		.cfi_def_cfa_offset 24
  73 0004 00AF     		add	r7, sp, #0
  74              		.cfi_def_cfa_register 7
  75 0006 F860     		str	r0, [r7, #12]
  76 0008 B960     		str	r1, [r7, #8]
  77 000a 7A60     		str	r2, [r7, #4]
  85:Generated_Source\PSoC4/cyfitter_cfg.c **** 	(void)memcpy(dest, src, n);
  78              		.loc 1 85 0
  79 000c 7A68     		ldr	r2, [r7, #4]
  80 000e B968     		ldr	r1, [r7, #8]
  81 0010 FB68     		ldr	r3, [r7, #12]
  82 0012 1800     		movs	r0, r3
  83 0014 FFF7FEFF 		bl	memcpy
  86:Generated_Source\PSoC4/cyfitter_cfg.c **** }
  84              		.loc 1 86 0
  85 0018 C046     		nop
ARM GAS  C:\Users\dprdc\AppData\Local\Temp\ccdV7EmQ.s 			page 4


  86 001a BD46     		mov	sp, r7
  87 001c 04B0     		add	sp, sp, #16
  88              		@ sp needed
  89 001e 80BD     		pop	{r7, pc}
  90              		.cfi_endproc
  91              	.LFE3:
  92              		.size	CYCONFIGCPY, .-CYCONFIGCPY
  93              		.section	.text.CYCONFIGCPYCODE,"ax",%progbits
  94              		.align	2
  95              		.code	16
  96              		.thumb_func
  97              		.type	CYCONFIGCPYCODE, %function
  98              	CYCONFIGCPYCODE:
  99              	.LFB4:
  87:Generated_Source\PSoC4/cyfitter_cfg.c **** CY_CFG_UNUSED
  88:Generated_Source\PSoC4/cyfitter_cfg.c **** static void CYCONFIGCPYCODE(void *dest, const void *src, size_t n);
  89:Generated_Source\PSoC4/cyfitter_cfg.c **** CY_CFG_UNUSED
  90:Generated_Source\PSoC4/cyfitter_cfg.c **** static void CYCONFIGCPYCODE(void *dest, const void *src, size_t n)
  91:Generated_Source\PSoC4/cyfitter_cfg.c **** {
 100              		.loc 1 91 0
 101              		.cfi_startproc
 102              		@ args = 0, pretend = 0, frame = 16
 103              		@ frame_needed = 1, uses_anonymous_args = 0
 104 0000 80B5     		push	{r7, lr}
 105              		.cfi_def_cfa_offset 8
 106              		.cfi_offset 7, -8
 107              		.cfi_offset 14, -4
 108 0002 84B0     		sub	sp, sp, #16
 109              		.cfi_def_cfa_offset 24
 110 0004 00AF     		add	r7, sp, #0
 111              		.cfi_def_cfa_register 7
 112 0006 F860     		str	r0, [r7, #12]
 113 0008 B960     		str	r1, [r7, #8]
 114 000a 7A60     		str	r2, [r7, #4]
  92:Generated_Source\PSoC4/cyfitter_cfg.c **** 	(void)memcpy(dest, src, n);
 115              		.loc 1 92 0
 116 000c 7A68     		ldr	r2, [r7, #4]
 117 000e B968     		ldr	r1, [r7, #8]
 118 0010 FB68     		ldr	r3, [r7, #12]
 119 0012 1800     		movs	r0, r3
 120 0014 FFF7FEFF 		bl	memcpy
  93:Generated_Source\PSoC4/cyfitter_cfg.c **** }
 121              		.loc 1 93 0
 122 0018 C046     		nop
 123 001a BD46     		mov	sp, r7
 124 001c 04B0     		add	sp, sp, #16
 125              		@ sp needed
 126 001e 80BD     		pop	{r7, pc}
 127              		.cfi_endproc
 128              	.LFE4:
 129              		.size	CYCONFIGCPYCODE, .-CYCONFIGCPYCODE
 130              		.section	.text.cfg_write_bytes32,"ax",%progbits
 131              		.align	2
 132              		.code	16
 133              		.thumb_func
 134              		.type	cfg_write_bytes32, %function
 135              	cfg_write_bytes32:
ARM GAS  C:\Users\dprdc\AppData\Local\Temp\ccdV7EmQ.s 			page 5


 136              	.LFB5:
  94:Generated_Source\PSoC4/cyfitter_cfg.c **** 
  95:Generated_Source\PSoC4/cyfitter_cfg.c **** 
  96:Generated_Source\PSoC4/cyfitter_cfg.c **** 
  97:Generated_Source\PSoC4/cyfitter_cfg.c **** 
  98:Generated_Source\PSoC4/cyfitter_cfg.c **** /* Clock startup error codes                                                   */
  99:Generated_Source\PSoC4/cyfitter_cfg.c **** #define CYCLOCKSTART_NO_ERROR    0u
 100:Generated_Source\PSoC4/cyfitter_cfg.c **** #define CYCLOCKSTART_XTAL_ERROR  1u
 101:Generated_Source\PSoC4/cyfitter_cfg.c **** #define CYCLOCKSTART_32KHZ_ERROR 2u
 102:Generated_Source\PSoC4/cyfitter_cfg.c **** #define CYCLOCKSTART_PLL_ERROR   3u
 103:Generated_Source\PSoC4/cyfitter_cfg.c **** #define CYCLOCKSTART_FLL_ERROR   4u
 104:Generated_Source\PSoC4/cyfitter_cfg.c **** #define CYCLOCKSTART_WCO_ERROR   5u
 105:Generated_Source\PSoC4/cyfitter_cfg.c **** 
 106:Generated_Source\PSoC4/cyfitter_cfg.c **** 
 107:Generated_Source\PSoC4/cyfitter_cfg.c **** #ifdef CY_NEED_CYCLOCKSTARTUPERROR
 108:Generated_Source\PSoC4/cyfitter_cfg.c **** /*******************************************************************************
 109:Generated_Source\PSoC4/cyfitter_cfg.c **** * Function Name: CyClockStartupError
 110:Generated_Source\PSoC4/cyfitter_cfg.c **** ********************************************************************************
 111:Generated_Source\PSoC4/cyfitter_cfg.c **** * Summary:
 112:Generated_Source\PSoC4/cyfitter_cfg.c **** *  If an error is encountered during clock configuration (crystal startup error,
 113:Generated_Source\PSoC4/cyfitter_cfg.c **** *  PLL lock error, etc.), the system will end up here.  Unless reimplemented by
 114:Generated_Source\PSoC4/cyfitter_cfg.c **** *  the customer, this function will stop in an infinite loop.
 115:Generated_Source\PSoC4/cyfitter_cfg.c **** *
 116:Generated_Source\PSoC4/cyfitter_cfg.c **** * Parameters:
 117:Generated_Source\PSoC4/cyfitter_cfg.c **** *   void
 118:Generated_Source\PSoC4/cyfitter_cfg.c **** *
 119:Generated_Source\PSoC4/cyfitter_cfg.c **** * Return:
 120:Generated_Source\PSoC4/cyfitter_cfg.c **** *   void
 121:Generated_Source\PSoC4/cyfitter_cfg.c **** *
 122:Generated_Source\PSoC4/cyfitter_cfg.c **** *******************************************************************************/
 123:Generated_Source\PSoC4/cyfitter_cfg.c **** CY_CFG_UNUSED
 124:Generated_Source\PSoC4/cyfitter_cfg.c **** static void CyClockStartupError(uint8 errorCode);
 125:Generated_Source\PSoC4/cyfitter_cfg.c **** CY_CFG_UNUSED
 126:Generated_Source\PSoC4/cyfitter_cfg.c **** static void CyClockStartupError(uint8 errorCode)
 127:Generated_Source\PSoC4/cyfitter_cfg.c **** {
 128:Generated_Source\PSoC4/cyfitter_cfg.c ****     /* To remove the compiler warning if errorCode not used.                */
 129:Generated_Source\PSoC4/cyfitter_cfg.c ****     errorCode = errorCode;
 130:Generated_Source\PSoC4/cyfitter_cfg.c **** 
 131:Generated_Source\PSoC4/cyfitter_cfg.c ****     /* If we have a clock startup error (bad MHz crystal, PLL lock, etc.),  */
 132:Generated_Source\PSoC4/cyfitter_cfg.c ****     /* we will end up here to allow the customer to implement something to  */
 133:Generated_Source\PSoC4/cyfitter_cfg.c ****     /* deal with the clock condition.                                       */
 134:Generated_Source\PSoC4/cyfitter_cfg.c **** 
 135:Generated_Source\PSoC4/cyfitter_cfg.c **** #ifdef CY_CFG_CLOCK_STARTUP_ERROR_CALLBACK
 136:Generated_Source\PSoC4/cyfitter_cfg.c ****     CY_CFG_Clock_Startup_ErrorCallback();
 137:Generated_Source\PSoC4/cyfitter_cfg.c **** #else
 138:Generated_Source\PSoC4/cyfitter_cfg.c ****     /*  If not using CY_CFG_CLOCK_STARTUP_ERROR_CALLBACK, place your clock startup code here. */
 139:Generated_Source\PSoC4/cyfitter_cfg.c ****     /* `#START CyClockStartupError` */
 140:Generated_Source\PSoC4/cyfitter_cfg.c **** 
 141:Generated_Source\PSoC4/cyfitter_cfg.c **** 
 142:Generated_Source\PSoC4/cyfitter_cfg.c **** 
 143:Generated_Source\PSoC4/cyfitter_cfg.c ****     /* `#END` */
 144:Generated_Source\PSoC4/cyfitter_cfg.c **** 
 145:Generated_Source\PSoC4/cyfitter_cfg.c ****     while(1) {}
 146:Generated_Source\PSoC4/cyfitter_cfg.c **** #endif /* CY_CFG_CLOCK_STARTUP_ERROR_CALLBACK */
 147:Generated_Source\PSoC4/cyfitter_cfg.c **** }
 148:Generated_Source\PSoC4/cyfitter_cfg.c **** #endif
 149:Generated_Source\PSoC4/cyfitter_cfg.c **** 
ARM GAS  C:\Users\dprdc\AppData\Local\Temp\ccdV7EmQ.s 			page 6


 150:Generated_Source\PSoC4/cyfitter_cfg.c **** #define CY_CFG_BASE_ADDR_COUNT 1u
 151:Generated_Source\PSoC4/cyfitter_cfg.c **** CYPACKED typedef struct
 152:Generated_Source\PSoC4/cyfitter_cfg.c **** {
 153:Generated_Source\PSoC4/cyfitter_cfg.c **** 	uint8 offset;
 154:Generated_Source\PSoC4/cyfitter_cfg.c **** 	uint8 value;
 155:Generated_Source\PSoC4/cyfitter_cfg.c **** } CYPACKED_ATTR cy_cfg_addrvalue_t;
 156:Generated_Source\PSoC4/cyfitter_cfg.c **** 
 157:Generated_Source\PSoC4/cyfitter_cfg.c **** 
 158:Generated_Source\PSoC4/cyfitter_cfg.c **** 
 159:Generated_Source\PSoC4/cyfitter_cfg.c **** /*******************************************************************************
 160:Generated_Source\PSoC4/cyfitter_cfg.c **** * Function Name: cfg_write_bytes32
 161:Generated_Source\PSoC4/cyfitter_cfg.c **** ********************************************************************************
 162:Generated_Source\PSoC4/cyfitter_cfg.c **** * Summary:
 163:Generated_Source\PSoC4/cyfitter_cfg.c **** *  This function is used for setting up the chip configuration areas that
 164:Generated_Source\PSoC4/cyfitter_cfg.c **** *  contain relatively sparse data.
 165:Generated_Source\PSoC4/cyfitter_cfg.c **** *
 166:Generated_Source\PSoC4/cyfitter_cfg.c **** * Parameters:
 167:Generated_Source\PSoC4/cyfitter_cfg.c **** *   void
 168:Generated_Source\PSoC4/cyfitter_cfg.c **** *
 169:Generated_Source\PSoC4/cyfitter_cfg.c **** * Return:
 170:Generated_Source\PSoC4/cyfitter_cfg.c **** *   void
 171:Generated_Source\PSoC4/cyfitter_cfg.c **** *
 172:Generated_Source\PSoC4/cyfitter_cfg.c **** *******************************************************************************/
 173:Generated_Source\PSoC4/cyfitter_cfg.c **** static void cfg_write_bytes32(const uint32 addr_table[], const cy_cfg_addrvalue_t data_table[]);
 174:Generated_Source\PSoC4/cyfitter_cfg.c **** static void cfg_write_bytes32(const uint32 addr_table[], const cy_cfg_addrvalue_t data_table[])
 175:Generated_Source\PSoC4/cyfitter_cfg.c **** {
 137              		.loc 1 175 0
 138              		.cfi_startproc
 139              		@ args = 0, pretend = 0, frame = 24
 140              		@ frame_needed = 1, uses_anonymous_args = 0
 141 0000 80B5     		push	{r7, lr}
 142              		.cfi_def_cfa_offset 8
 143              		.cfi_offset 7, -8
 144              		.cfi_offset 14, -4
 145 0002 86B0     		sub	sp, sp, #24
 146              		.cfi_def_cfa_offset 32
 147 0004 00AF     		add	r7, sp, #0
 148              		.cfi_def_cfa_register 7
 149 0006 7860     		str	r0, [r7, #4]
 150 0008 3960     		str	r1, [r7]
 176:Generated_Source\PSoC4/cyfitter_cfg.c **** 	/* For 32-bit little-endian architectures */
 177:Generated_Source\PSoC4/cyfitter_cfg.c **** 	uint32 i, j = 0u;
 151              		.loc 1 177 0
 152 000a 0023     		movs	r3, #0
 153 000c 3B61     		str	r3, [r7, #16]
 178:Generated_Source\PSoC4/cyfitter_cfg.c **** 	for (i = 0u; i < CY_CFG_BASE_ADDR_COUNT; i++)
 154              		.loc 1 178 0
 155 000e 0023     		movs	r3, #0
 156 0010 7B61     		str	r3, [r7, #20]
 157 0012 2FE0     		b	.L5
 158              	.L8:
 159              	.LBB2:
 179:Generated_Source\PSoC4/cyfitter_cfg.c **** 	{
 180:Generated_Source\PSoC4/cyfitter_cfg.c **** 		uint32 baseAddr = addr_table[i];
 160              		.loc 1 180 0
 161 0014 7B69     		ldr	r3, [r7, #20]
 162 0016 9B00     		lsls	r3, r3, #2
ARM GAS  C:\Users\dprdc\AppData\Local\Temp\ccdV7EmQ.s 			page 7


 163 0018 7A68     		ldr	r2, [r7, #4]
 164 001a D318     		adds	r3, r2, r3
 165 001c 1B68     		ldr	r3, [r3]
 166 001e BB60     		str	r3, [r7, #8]
 181:Generated_Source\PSoC4/cyfitter_cfg.c **** 		uint8 count = (uint8)baseAddr;
 167              		.loc 1 181 0
 168 0020 0F23     		movs	r3, #15
 169 0022 FB18     		adds	r3, r7, r3
 170 0024 BA68     		ldr	r2, [r7, #8]
 171 0026 1A70     		strb	r2, [r3]
 182:Generated_Source\PSoC4/cyfitter_cfg.c **** 		baseAddr &= 0xFFFFFF00u;
 172              		.loc 1 182 0
 173 0028 BB68     		ldr	r3, [r7, #8]
 174 002a FF22     		movs	r2, #255
 175 002c 9343     		bics	r3, r2
 176 002e BB60     		str	r3, [r7, #8]
 183:Generated_Source\PSoC4/cyfitter_cfg.c **** 		while (count != 0u)
 177              		.loc 1 183 0
 178 0030 18E0     		b	.L6
 179              	.L7:
 184:Generated_Source\PSoC4/cyfitter_cfg.c **** 		{
 185:Generated_Source\PSoC4/cyfitter_cfg.c **** 			CY_SET_REG8((void *)(baseAddr + data_table[j].offset), data_table[j].value);
 180              		.loc 1 185 0
 181 0032 3B69     		ldr	r3, [r7, #16]
 182 0034 5B00     		lsls	r3, r3, #1
 183 0036 3A68     		ldr	r2, [r7]
 184 0038 D318     		adds	r3, r2, r3
 185 003a 1B78     		ldrb	r3, [r3]
 186 003c 1A00     		movs	r2, r3
 187 003e BB68     		ldr	r3, [r7, #8]
 188 0040 D318     		adds	r3, r2, r3
 189 0042 1900     		movs	r1, r3
 190 0044 3B69     		ldr	r3, [r7, #16]
 191 0046 5B00     		lsls	r3, r3, #1
 192 0048 3A68     		ldr	r2, [r7]
 193 004a D318     		adds	r3, r2, r3
 194 004c 5B78     		ldrb	r3, [r3, #1]
 195 004e 0B70     		strb	r3, [r1]
 186:Generated_Source\PSoC4/cyfitter_cfg.c **** 			j++;
 196              		.loc 1 186 0
 197 0050 3B69     		ldr	r3, [r7, #16]
 198 0052 0133     		adds	r3, r3, #1
 199 0054 3B61     		str	r3, [r7, #16]
 187:Generated_Source\PSoC4/cyfitter_cfg.c **** 			count--;
 200              		.loc 1 187 0
 201 0056 0F23     		movs	r3, #15
 202 0058 FB18     		adds	r3, r7, r3
 203 005a 1A78     		ldrb	r2, [r3]
 204 005c 0F23     		movs	r3, #15
 205 005e FB18     		adds	r3, r7, r3
 206 0060 013A     		subs	r2, r2, #1
 207 0062 1A70     		strb	r2, [r3]
 208              	.L6:
 183:Generated_Source\PSoC4/cyfitter_cfg.c **** 		{
 209              		.loc 1 183 0
 210 0064 0F23     		movs	r3, #15
 211 0066 FB18     		adds	r3, r7, r3
ARM GAS  C:\Users\dprdc\AppData\Local\Temp\ccdV7EmQ.s 			page 8


 212 0068 1B78     		ldrb	r3, [r3]
 213 006a 002B     		cmp	r3, #0
 214 006c E1D1     		bne	.L7
 215              	.LBE2:
 178:Generated_Source\PSoC4/cyfitter_cfg.c **** 	{
 216              		.loc 1 178 0 discriminator 2
 217 006e 7B69     		ldr	r3, [r7, #20]
 218 0070 0133     		adds	r3, r3, #1
 219 0072 7B61     		str	r3, [r7, #20]
 220              	.L5:
 178:Generated_Source\PSoC4/cyfitter_cfg.c **** 	{
 221              		.loc 1 178 0 is_stmt 0 discriminator 1
 222 0074 7B69     		ldr	r3, [r7, #20]
 223 0076 002B     		cmp	r3, #0
 224 0078 CCD0     		beq	.L8
 188:Generated_Source\PSoC4/cyfitter_cfg.c **** 		}
 189:Generated_Source\PSoC4/cyfitter_cfg.c **** 	}
 190:Generated_Source\PSoC4/cyfitter_cfg.c **** }
 225              		.loc 1 190 0 is_stmt 1
 226 007a C046     		nop
 227 007c BD46     		mov	sp, r7
 228 007e 06B0     		add	sp, sp, #24
 229              		@ sp needed
 230 0080 80BD     		pop	{r7, pc}
 231              		.cfi_endproc
 232              	.LFE5:
 233              		.size	cfg_write_bytes32, .-cfg_write_bytes32
 234 0082 C046     		.section	.psocinit,"ax",%progbits
 235              		.align	2
 236              		.code	16
 237              		.thumb_func
 238              		.type	ClockSetup, %function
 239              	ClockSetup:
 240              	.LFB6:
 191:Generated_Source\PSoC4/cyfitter_cfg.c **** 
 192:Generated_Source\PSoC4/cyfitter_cfg.c **** 
 193:Generated_Source\PSoC4/cyfitter_cfg.c **** /*******************************************************************************
 194:Generated_Source\PSoC4/cyfitter_cfg.c **** * Function Name: ClockSetup
 195:Generated_Source\PSoC4/cyfitter_cfg.c **** ********************************************************************************
 196:Generated_Source\PSoC4/cyfitter_cfg.c **** *
 197:Generated_Source\PSoC4/cyfitter_cfg.c **** * Summary:
 198:Generated_Source\PSoC4/cyfitter_cfg.c **** *   Performs the initialization of all of the clocks in the device based on the
 199:Generated_Source\PSoC4/cyfitter_cfg.c **** *   settings in the Clock tab of the DWR.  This includes enabling the requested
 200:Generated_Source\PSoC4/cyfitter_cfg.c **** *   clocks and setting the necessary dividers to produce the desired frequency. 
 201:Generated_Source\PSoC4/cyfitter_cfg.c **** *
 202:Generated_Source\PSoC4/cyfitter_cfg.c **** * Parameters:
 203:Generated_Source\PSoC4/cyfitter_cfg.c **** *   void
 204:Generated_Source\PSoC4/cyfitter_cfg.c **** *
 205:Generated_Source\PSoC4/cyfitter_cfg.c **** * Return:
 206:Generated_Source\PSoC4/cyfitter_cfg.c **** *   void
 207:Generated_Source\PSoC4/cyfitter_cfg.c **** *
 208:Generated_Source\PSoC4/cyfitter_cfg.c **** *******************************************************************************/
 209:Generated_Source\PSoC4/cyfitter_cfg.c **** static void ClockSetup(void);
 210:Generated_Source\PSoC4/cyfitter_cfg.c **** CY_CFG_SECTION
 211:Generated_Source\PSoC4/cyfitter_cfg.c **** static void ClockSetup(void)
 212:Generated_Source\PSoC4/cyfitter_cfg.c **** {
 241              		.loc 1 212 0
ARM GAS  C:\Users\dprdc\AppData\Local\Temp\ccdV7EmQ.s 			page 9


 242              		.cfi_startproc
 243              		@ args = 0, pretend = 0, frame = 0
 244              		@ frame_needed = 1, uses_anonymous_args = 0
 245 0000 80B5     		push	{r7, lr}
 246              		.cfi_def_cfa_offset 8
 247              		.cfi_offset 7, -8
 248              		.cfi_offset 14, -4
 249 0002 00AF     		add	r7, sp, #0
 250              		.cfi_def_cfa_register 7
 213:Generated_Source\PSoC4/cyfitter_cfg.c **** 
 214:Generated_Source\PSoC4/cyfitter_cfg.c **** 	/* Set Flash Cycles based on max possible frequency in case a glitch occurs during ClockSetup(). *
 215:Generated_Source\PSoC4/cyfitter_cfg.c **** 	CY_SET_REG32((void CYXDATA *)(CYREG_CPUSS_FLASH_CTL), (0x0012u));
 251              		.loc 1 215 0
 252 0004 2C4B     		ldr	r3, .L10
 253 0006 1222     		movs	r2, #18
 254 0008 1A60     		str	r2, [r3]
 216:Generated_Source\PSoC4/cyfitter_cfg.c **** 
 217:Generated_Source\PSoC4/cyfitter_cfg.c **** 	/* Start the WCO */
 218:Generated_Source\PSoC4/cyfitter_cfg.c **** 	CySysClkWcoStart();
 255              		.loc 1 218 0
 256 000a FFF7FEFF 		bl	CySysClkWcoStart
 219:Generated_Source\PSoC4/cyfitter_cfg.c **** 	CyDelayCycles(12000000u); /* WCO may take up to 500ms to start */
 257              		.loc 1 219 0
 258 000e 2B4B     		ldr	r3, .L10+4
 259 0010 1800     		movs	r0, r3
 260 0012 FFF7FEFF 		bl	CyDelayCycles
 220:Generated_Source\PSoC4/cyfitter_cfg.c **** 	(void)CySysClkWcoSetPowerMode(CY_SYS_CLK_WCO_LPM);    /* Switch to the low power mode */
 261              		.loc 1 220 0
 262 0016 0120     		movs	r0, #1
 263 0018 FFF7FEFF 		bl	CySysClkWcoSetPowerMode
 221:Generated_Source\PSoC4/cyfitter_cfg.c **** 
 222:Generated_Source\PSoC4/cyfitter_cfg.c **** 	/* Setup and trim IMO based on desired frequency. */
 223:Generated_Source\PSoC4/cyfitter_cfg.c **** 	CySysClkWriteImoFreq(48u);
 264              		.loc 1 223 0
 265 001c 3020     		movs	r0, #48
 266 001e FFF7FEFF 		bl	CySysClkWriteImoFreq
 224:Generated_Source\PSoC4/cyfitter_cfg.c **** 	/* CYDEV_CLK_ILO_CONFIG Starting address: CYDEV_CLK_ILO_CONFIG */
 225:Generated_Source\PSoC4/cyfitter_cfg.c **** 	CY_SET_REG32((void *)(CYREG_CLK_ILO_CONFIG), 0x80000006u);
 267              		.loc 1 225 0
 268 0022 274B     		ldr	r3, .L10+8
 269 0024 274A     		ldr	r2, .L10+12
 270 0026 1A60     		str	r2, [r3]
 226:Generated_Source\PSoC4/cyfitter_cfg.c **** 
 227:Generated_Source\PSoC4/cyfitter_cfg.c **** 	/* CYDEV_WDT_CONFIG Starting address: CYDEV_WDT_CONFIG */
 228:Generated_Source\PSoC4/cyfitter_cfg.c **** 	CY_SET_REG32((void *)(CYREG_WDT_CONFIG), 0x40000000u);
 271              		.loc 1 228 0
 272 0028 274B     		ldr	r3, .L10+16
 273 002a 8022     		movs	r2, #128
 274 002c D205     		lsls	r2, r2, #23
 275 002e 1A60     		str	r2, [r3]
 229:Generated_Source\PSoC4/cyfitter_cfg.c **** 
 230:Generated_Source\PSoC4/cyfitter_cfg.c **** 
 231:Generated_Source\PSoC4/cyfitter_cfg.c **** 	/* Enable fast start mode for XO */
 232:Generated_Source\PSoC4/cyfitter_cfg.c **** 	CY_SET_REG32((void*)CYREG_BLE_BLERD_BB_XO, CY_GET_REG32((void*)CYREG_BLE_BLERD_BB_XO) | (uint32)0x
 276              		.loc 1 232 0
 277 0030 264B     		ldr	r3, .L10+20
 278 0032 264A     		ldr	r2, .L10+20
ARM GAS  C:\Users\dprdc\AppData\Local\Temp\ccdV7EmQ.s 			page 10


 279 0034 1268     		ldr	r2, [r2]
 280 0036 0221     		movs	r1, #2
 281 0038 0A43     		orrs	r2, r1
 282 003a 1A60     		str	r2, [r3]
 233:Generated_Source\PSoC4/cyfitter_cfg.c **** 	CY_SET_REG32((void *)(CYREG_BLE_BLERD_BB_XO_CAPTRIM), 0x0000BCBCu);
 283              		.loc 1 233 0
 284 003c 244B     		ldr	r3, .L10+24
 285 003e 254A     		ldr	r2, .L10+28
 286 0040 1A60     		str	r2, [r3]
 234:Generated_Source\PSoC4/cyfitter_cfg.c **** 	/*Set XTAL(ECO) divider*/
 235:Generated_Source\PSoC4/cyfitter_cfg.c **** 	CY_SET_REG32((void *)(CYREG_BLE_BLESS_XTAL_CLK_DIV_CONFIG), 0x00000000u);
 287              		.loc 1 235 0
 288 0042 254B     		ldr	r3, .L10+32
 289 0044 0022     		movs	r2, #0
 290 0046 1A60     		str	r2, [r3]
 236:Generated_Source\PSoC4/cyfitter_cfg.c **** 	/* Disable Crystal Stable Interrupt before enabling ECO */
 237:Generated_Source\PSoC4/cyfitter_cfg.c **** 	CY_SET_REG32((void*)CYREG_BLE_BLESS_LL_DSM_CTRL, CY_GET_REG32((void*)CYREG_BLE_BLESS_LL_DSM_CTRL) 
 291              		.loc 1 237 0
 292 0048 244B     		ldr	r3, .L10+36
 293 004a 244A     		ldr	r2, .L10+36
 294 004c 1268     		ldr	r2, [r2]
 295 004e 0821     		movs	r1, #8
 296 0050 8A43     		bics	r2, r1
 297 0052 1A60     		str	r2, [r3]
 238:Generated_Source\PSoC4/cyfitter_cfg.c **** 	/* Start the ECO and do not check status since it is not needed for HFCLK */
 239:Generated_Source\PSoC4/cyfitter_cfg.c **** 	(void)CySysClkEcoStart(2000u);
 298              		.loc 1 239 0
 299 0054 FA23     		movs	r3, #250
 300 0056 DB00     		lsls	r3, r3, #3
 301 0058 1800     		movs	r0, r3
 302 005a FFF7FEFF 		bl	CySysClkEcoStart
 240:Generated_Source\PSoC4/cyfitter_cfg.c **** 	CyDelayUs(1500u); /* Wait to stabilize */
 303              		.loc 1 240 0
 304 005e 204B     		ldr	r3, .L10+40
 305 0060 1800     		movs	r0, r3
 306 0062 FFF7FEFF 		bl	CyDelayUs
 241:Generated_Source\PSoC4/cyfitter_cfg.c **** 
 242:Generated_Source\PSoC4/cyfitter_cfg.c **** 	/* Setup phase aligned clocks */
 243:Generated_Source\PSoC4/cyfitter_cfg.c **** 	CY_SET_REG32((void *)CYREG_PERI_DIV_16_CTL1, 0x00BB7F00u);
 307              		.loc 1 243 0
 308 0066 1F4B     		ldr	r3, .L10+44
 309 0068 1F4A     		ldr	r2, .L10+48
 310 006a 1A60     		str	r2, [r3]
 244:Generated_Source\PSoC4/cyfitter_cfg.c **** 	CY_SET_REG32((void *)CYREG_PERI_DIV_CMD, 0x8000FF41u);
 311              		.loc 1 244 0
 312 006c 1F4B     		ldr	r3, .L10+52
 313 006e 204A     		ldr	r2, .L10+56
 314 0070 1A60     		str	r2, [r3]
 245:Generated_Source\PSoC4/cyfitter_cfg.c **** 	CY_SET_REG32((void *)CYREG_PERI_DIV_16_CTL0, 0x000F9F00u);
 315              		.loc 1 245 0
 316 0072 204B     		ldr	r3, .L10+60
 317 0074 204A     		ldr	r2, .L10+64
 318 0076 1A60     		str	r2, [r3]
 246:Generated_Source\PSoC4/cyfitter_cfg.c **** 	CY_SET_REG32((void *)CYREG_PERI_DIV_CMD, 0x8000FF40u);
 319              		.loc 1 246 0
 320 0078 1C4B     		ldr	r3, .L10+52
 321 007a 204A     		ldr	r2, .L10+68
ARM GAS  C:\Users\dprdc\AppData\Local\Temp\ccdV7EmQ.s 			page 11


 322 007c 1A60     		str	r2, [r3]
 247:Generated_Source\PSoC4/cyfitter_cfg.c **** 
 248:Generated_Source\PSoC4/cyfitter_cfg.c **** 	/* CYDEV_CLK_IMO_CONFIG Starting address: CYDEV_CLK_IMO_CONFIG */
 249:Generated_Source\PSoC4/cyfitter_cfg.c **** 	CY_SET_REG32((void *)(CYREG_CLK_IMO_CONFIG), 0x80000000u);
 323              		.loc 1 249 0
 324 007e 204B     		ldr	r3, .L10+72
 325 0080 8022     		movs	r2, #128
 326 0082 1206     		lsls	r2, r2, #24
 327 0084 1A60     		str	r2, [r3]
 250:Generated_Source\PSoC4/cyfitter_cfg.c **** 
 251:Generated_Source\PSoC4/cyfitter_cfg.c **** 	/* CYDEV_CLK_SELECT Starting address: CYDEV_CLK_SELECT */
 252:Generated_Source\PSoC4/cyfitter_cfg.c **** 	CY_SET_REG32((void *)(CYREG_CLK_SELECT), 0x00040000u);
 328              		.loc 1 252 0
 329 0086 1F4B     		ldr	r3, .L10+76
 330 0088 8022     		movs	r2, #128
 331 008a D202     		lsls	r2, r2, #11
 332 008c 1A60     		str	r2, [r3]
 253:Generated_Source\PSoC4/cyfitter_cfg.c **** 
 254:Generated_Source\PSoC4/cyfitter_cfg.c **** 	/* CYDEV_PERI_PCLK_CTL8 Starting address: CYDEV_PERI_PCLK_CTL8 */
 255:Generated_Source\PSoC4/cyfitter_cfg.c **** 	CY_SET_REG32((void *)(CYREG_PERI_PCLK_CTL8), 0x00000041u);
 333              		.loc 1 255 0
 334 008e 1E4B     		ldr	r3, .L10+80
 335 0090 4122     		movs	r2, #65
 336 0092 1A60     		str	r2, [r3]
 256:Generated_Source\PSoC4/cyfitter_cfg.c **** 
 257:Generated_Source\PSoC4/cyfitter_cfg.c **** 	/* CYDEV_PERI_PCLK_CTL7 Starting address: CYDEV_PERI_PCLK_CTL7 */
 258:Generated_Source\PSoC4/cyfitter_cfg.c **** 	CY_SET_REG32((void *)(CYREG_PERI_PCLK_CTL7), 0x00000040u);
 337              		.loc 1 258 0
 338 0094 1D4B     		ldr	r3, .L10+84
 339 0096 4022     		movs	r2, #64
 340 0098 1A60     		str	r2, [r3]
 259:Generated_Source\PSoC4/cyfitter_cfg.c **** 
 260:Generated_Source\PSoC4/cyfitter_cfg.c **** 	(void)CyIntSetVector(8u, &CySysWdtIsr);
 341              		.loc 1 260 0
 342 009a 1D4B     		ldr	r3, .L10+88
 343 009c 1900     		movs	r1, r3
 344 009e 0820     		movs	r0, #8
 345 00a0 FFF7FEFF 		bl	CyIntSetVector
 261:Generated_Source\PSoC4/cyfitter_cfg.c **** 	CyIntEnable(8u);
 346              		.loc 1 261 0
 347 00a4 0820     		movs	r0, #8
 348 00a6 FFF7FEFF 		bl	CyIntEnable
 262:Generated_Source\PSoC4/cyfitter_cfg.c **** 	CY_SET_REG32((void *)(CYREG_WDT_CONFIG), 0x40000000u);
 349              		.loc 1 262 0
 350 00aa 074B     		ldr	r3, .L10+16
 351 00ac 8022     		movs	r2, #128
 352 00ae D205     		lsls	r2, r2, #23
 353 00b0 1A60     		str	r2, [r3]
 263:Generated_Source\PSoC4/cyfitter_cfg.c **** }
 354              		.loc 1 263 0
 355 00b2 C046     		nop
 356 00b4 BD46     		mov	sp, r7
 357              		@ sp needed
 358 00b6 80BD     		pop	{r7, pc}
 359              	.L11:
 360              		.align	2
 361              	.L10:
ARM GAS  C:\Users\dprdc\AppData\Local\Temp\ccdV7EmQ.s 			page 12


 362 00b8 30001040 		.word	1074790448
 363 00bc 001BB700 		.word	12000000
 364 00c0 04010B40 		.word	1074462980
 365 00c4 06000080 		.word	-2147483642
 366 00c8 0C020B40 		.word	1074463244
 367 00cc 78002E40 		.word	1076756600
 368 00d0 7C002E40 		.word	1076756604
 369 00d4 BCBC0000 		.word	48316
 370 00d8 64F02E40 		.word	1076818020
 371 00dc 6CF02E40 		.word	1076818028
 372 00e0 DC050000 		.word	1500
 373 00e4 04030140 		.word	1073808132
 374 00e8 007FBB00 		.word	12287744
 375 00ec 00000140 		.word	1073807360
 376 00f0 41FF0080 		.word	-2147418303
 377 00f4 00030140 		.word	1073808128
 378 00f8 009F0F00 		.word	1023744
 379 00fc 40FF0080 		.word	-2147418304
 380 0100 08010B40 		.word	1074462984
 381 0104 00010B40 		.word	1074462976
 382 0108 20010140 		.word	1073807648
 383 010c 1C010140 		.word	1073807644
 384 0110 00000000 		.word	CySysWdtIsr
 385              		.cfi_endproc
 386              	.LFE6:
 387              		.size	ClockSetup, .-ClockSetup
 388              		.section	.text.AnalogSetDefault,"ax",%progbits
 389              		.align	2
 390              		.code	16
 391              		.thumb_func
 392              		.type	AnalogSetDefault, %function
 393              	AnalogSetDefault:
 394              	.LFB7:
 264:Generated_Source\PSoC4/cyfitter_cfg.c **** 
 265:Generated_Source\PSoC4/cyfitter_cfg.c **** 
 266:Generated_Source\PSoC4/cyfitter_cfg.c **** /* Analog API Functions */
 267:Generated_Source\PSoC4/cyfitter_cfg.c **** 
 268:Generated_Source\PSoC4/cyfitter_cfg.c **** 
 269:Generated_Source\PSoC4/cyfitter_cfg.c **** /*******************************************************************************
 270:Generated_Source\PSoC4/cyfitter_cfg.c **** * Function Name: AnalogSetDefault
 271:Generated_Source\PSoC4/cyfitter_cfg.c **** ********************************************************************************
 272:Generated_Source\PSoC4/cyfitter_cfg.c **** *
 273:Generated_Source\PSoC4/cyfitter_cfg.c **** * Summary:
 274:Generated_Source\PSoC4/cyfitter_cfg.c **** *  Sets up the analog portions of the chip to default values based on chip
 275:Generated_Source\PSoC4/cyfitter_cfg.c **** *  configuration options from the project.
 276:Generated_Source\PSoC4/cyfitter_cfg.c **** *
 277:Generated_Source\PSoC4/cyfitter_cfg.c **** * Parameters:
 278:Generated_Source\PSoC4/cyfitter_cfg.c **** *  void
 279:Generated_Source\PSoC4/cyfitter_cfg.c **** *
 280:Generated_Source\PSoC4/cyfitter_cfg.c **** * Return:
 281:Generated_Source\PSoC4/cyfitter_cfg.c **** *  void
 282:Generated_Source\PSoC4/cyfitter_cfg.c **** *
 283:Generated_Source\PSoC4/cyfitter_cfg.c **** *******************************************************************************/
 284:Generated_Source\PSoC4/cyfitter_cfg.c **** static void AnalogSetDefault(void);
 285:Generated_Source\PSoC4/cyfitter_cfg.c **** static void AnalogSetDefault(void)
 286:Generated_Source\PSoC4/cyfitter_cfg.c **** {
 395              		.loc 1 286 0
ARM GAS  C:\Users\dprdc\AppData\Local\Temp\ccdV7EmQ.s 			page 13


 396              		.cfi_startproc
 397              		@ args = 0, pretend = 0, frame = 0
 398              		@ frame_needed = 1, uses_anonymous_args = 0
 399 0000 80B5     		push	{r7, lr}
 400              		.cfi_def_cfa_offset 8
 401              		.cfi_offset 7, -8
 402              		.cfi_offset 14, -4
 403 0002 00AF     		add	r7, sp, #0
 404              		.cfi_def_cfa_register 7
 287:Generated_Source\PSoC4/cyfitter_cfg.c **** 	CY_SET_XTND_REG32((void CYFAR *)CYREG_CTBM0_DFT_CTRL, 0x00000003u);
 405              		.loc 1 287 0
 406 0004 054B     		ldr	r3, .L13
 407 0006 0322     		movs	r2, #3
 408 0008 1A60     		str	r2, [r3]
 288:Generated_Source\PSoC4/cyfitter_cfg.c **** 	CY_SET_XTND_REG32((void CYFAR *)CYREG_CTBM1_DFT_CTRL, 0x00000003u);
 409              		.loc 1 288 0
 410 000a 054B     		ldr	r3, .L13+4
 411 000c 0322     		movs	r2, #3
 412 000e 1A60     		str	r2, [r3]
 289:Generated_Source\PSoC4/cyfitter_cfg.c **** 	CY_SET_XTND_REG32((void CYFAR *)CYREG_PASS_DSAB_DSAB_CTRL, 0x00000000u);
 413              		.loc 1 289 0
 414 0010 044B     		ldr	r3, .L13+8
 415 0012 0022     		movs	r2, #0
 416 0014 1A60     		str	r2, [r3]
 290:Generated_Source\PSoC4/cyfitter_cfg.c **** }
 417              		.loc 1 290 0
 418 0016 C046     		nop
 419 0018 BD46     		mov	sp, r7
 420              		@ sp needed
 421 001a 80BD     		pop	{r7, pc}
 422              	.L14:
 423              		.align	2
 424              	.L13:
 425 001c 30003040 		.word	1076887600
 426 0020 30003140 		.word	1076953136
 427 0024 000E3F40 		.word	1077874176
 428              		.cfi_endproc
 429              	.LFE7:
 430              		.size	AnalogSetDefault, .-AnalogSetDefault
 431              		.section	.psocinit
 432              		.align	2
 433              		.global	cyfitter_cfg
 434              		.code	16
 435              		.thumb_func
 436              		.type	cyfitter_cfg, %function
 437              	cyfitter_cfg:
 438              	.LFB8:
 291:Generated_Source\PSoC4/cyfitter_cfg.c **** 
 292:Generated_Source\PSoC4/cyfitter_cfg.c **** 
 293:Generated_Source\PSoC4/cyfitter_cfg.c **** 
 294:Generated_Source\PSoC4/cyfitter_cfg.c **** 
 295:Generated_Source\PSoC4/cyfitter_cfg.c **** /*******************************************************************************
 296:Generated_Source\PSoC4/cyfitter_cfg.c **** * Function Name: cyfitter_cfg
 297:Generated_Source\PSoC4/cyfitter_cfg.c **** ********************************************************************************
 298:Generated_Source\PSoC4/cyfitter_cfg.c **** * Summary:
 299:Generated_Source\PSoC4/cyfitter_cfg.c **** *  This function is called by the start-up code for the selected device. It
 300:Generated_Source\PSoC4/cyfitter_cfg.c **** *  performs all of the necessary device configuration based on the design
ARM GAS  C:\Users\dprdc\AppData\Local\Temp\ccdV7EmQ.s 			page 14


 301:Generated_Source\PSoC4/cyfitter_cfg.c **** *  settings.  This includes settings from the Design Wide Resources (DWR) such
 302:Generated_Source\PSoC4/cyfitter_cfg.c **** *  as Clocks and Pins as well as any component configuration that is necessary.
 303:Generated_Source\PSoC4/cyfitter_cfg.c **** *
 304:Generated_Source\PSoC4/cyfitter_cfg.c **** * Parameters:
 305:Generated_Source\PSoC4/cyfitter_cfg.c **** *   void
 306:Generated_Source\PSoC4/cyfitter_cfg.c **** *
 307:Generated_Source\PSoC4/cyfitter_cfg.c **** * Return:
 308:Generated_Source\PSoC4/cyfitter_cfg.c **** *   void
 309:Generated_Source\PSoC4/cyfitter_cfg.c **** *
 310:Generated_Source\PSoC4/cyfitter_cfg.c **** *******************************************************************************/
 311:Generated_Source\PSoC4/cyfitter_cfg.c **** CY_CFG_SECTION
 312:Generated_Source\PSoC4/cyfitter_cfg.c **** void cyfitter_cfg(void)
 313:Generated_Source\PSoC4/cyfitter_cfg.c **** {
 439              		.loc 1 313 0
 440              		.cfi_startproc
 441              		@ args = 0, pretend = 0, frame = 8
 442              		@ frame_needed = 1, uses_anonymous_args = 0
 443 0114 80B5     		push	{r7, lr}
 444              		.cfi_def_cfa_offset 8
 445              		.cfi_offset 7, -8
 446              		.cfi_offset 14, -4
 447 0116 82B0     		sub	sp, sp, #8
 448              		.cfi_def_cfa_offset 16
 449 0118 00AF     		add	r7, sp, #0
 450              		.cfi_def_cfa_register 7
 314:Generated_Source\PSoC4/cyfitter_cfg.c **** 	/* Disable interrupts by default. Let user enable if/when they want. */
 315:Generated_Source\PSoC4/cyfitter_cfg.c **** 	CyGlobalIntDisable;
 451              		.loc 1 315 0
 452              		.syntax divided
 453              	@ 315 "Generated_Source\PSoC4\cyfitter_cfg.c" 1
 454 011a 72B6     		CPSID   i
 455              	@ 0 "" 2
 316:Generated_Source\PSoC4/cyfitter_cfg.c **** 
 317:Generated_Source\PSoC4/cyfitter_cfg.c **** 	CY_SET_REG32((void *)(CYREG_BLE_BLESS_LL_DSM_CTRL), 0x00000000u);
 456              		.loc 1 317 0
 457              		.thumb
 458              		.syntax unified
 459 011c 314B     		ldr	r3, .L18
 460 011e 0022     		movs	r2, #0
 461 0120 1A60     		str	r2, [r3]
 462              	.LBB3:
 318:Generated_Source\PSoC4/cyfitter_cfg.c **** 
 319:Generated_Source\PSoC4/cyfitter_cfg.c **** 	{
 320:Generated_Source\PSoC4/cyfitter_cfg.c **** 		static const uint32 CYCODE cy_cfg_addr_table[] = {
 321:Generated_Source\PSoC4/cyfitter_cfg.c **** 			0x400F4204u, /* Base address: 0x400F4200 Count: 4 */
 322:Generated_Source\PSoC4/cyfitter_cfg.c **** 		};
 323:Generated_Source\PSoC4/cyfitter_cfg.c **** 
 324:Generated_Source\PSoC4/cyfitter_cfg.c **** 		static const cy_cfg_addrvalue_t CYCODE cy_cfg_data_table[] = {
 325:Generated_Source\PSoC4/cyfitter_cfg.c **** 			{0x1Cu, 0x10u},
 326:Generated_Source\PSoC4/cyfitter_cfg.c **** 			{0x60u, 0x10u},
 327:Generated_Source\PSoC4/cyfitter_cfg.c **** 			{0xC6u, 0x04u},
 328:Generated_Source\PSoC4/cyfitter_cfg.c **** 			{0xD8u, 0x02u},
 329:Generated_Source\PSoC4/cyfitter_cfg.c **** 		};
 330:Generated_Source\PSoC4/cyfitter_cfg.c **** 
 331:Generated_Source\PSoC4/cyfitter_cfg.c **** 
 332:Generated_Source\PSoC4/cyfitter_cfg.c **** 
 333:Generated_Source\PSoC4/cyfitter_cfg.c **** 		CYPACKED typedef struct {
ARM GAS  C:\Users\dprdc\AppData\Local\Temp\ccdV7EmQ.s 			page 15


 334:Generated_Source\PSoC4/cyfitter_cfg.c **** 			void CYFAR *address;
 335:Generated_Source\PSoC4/cyfitter_cfg.c **** 			uint16 size;
 336:Generated_Source\PSoC4/cyfitter_cfg.c **** 		} CYPACKED_ATTR cfg_memset_t;
 337:Generated_Source\PSoC4/cyfitter_cfg.c **** 
 338:Generated_Source\PSoC4/cyfitter_cfg.c **** 		static const cfg_memset_t CYCODE cfg_memset_list[] = {
 339:Generated_Source\PSoC4/cyfitter_cfg.c **** 			/* address, size */
 340:Generated_Source\PSoC4/cyfitter_cfg.c **** 			{(void CYFAR *)(CYDEV_UDB_P0_U0_BASE), 1024u},
 341:Generated_Source\PSoC4/cyfitter_cfg.c **** 			{(void CYFAR *)(CYDEV_UDB_DSI0_BASE), 1024u},
 342:Generated_Source\PSoC4/cyfitter_cfg.c **** 		};
 343:Generated_Source\PSoC4/cyfitter_cfg.c **** 
 344:Generated_Source\PSoC4/cyfitter_cfg.c **** 		uint8 CYDATA i;
 345:Generated_Source\PSoC4/cyfitter_cfg.c **** 
 346:Generated_Source\PSoC4/cyfitter_cfg.c **** 		/* Zero out critical memory blocks before beginning configuration */
 347:Generated_Source\PSoC4/cyfitter_cfg.c **** 		for (i = 0u; i < (sizeof(cfg_memset_list)/sizeof(cfg_memset_list[0])); i++)
 463              		.loc 1 347 0
 464 0122 FB1D     		adds	r3, r7, #7
 465 0124 0022     		movs	r2, #0
 466 0126 1A70     		strb	r2, [r3]
 467 0128 22E0     		b	.L16
 468              	.L17:
 469              	.LBB4:
 348:Generated_Source\PSoC4/cyfitter_cfg.c **** 		{
 349:Generated_Source\PSoC4/cyfitter_cfg.c **** 			const cfg_memset_t CYCODE * CYDATA ms = &cfg_memset_list[i];
 470              		.loc 1 349 0 discriminator 3
 471 012a FB1D     		adds	r3, r7, #7
 472 012c 1A78     		ldrb	r2, [r3]
 473 012e 1300     		movs	r3, r2
 474 0130 5B00     		lsls	r3, r3, #1
 475 0132 9B18     		adds	r3, r3, r2
 476 0134 5B00     		lsls	r3, r3, #1
 477 0136 2C4A     		ldr	r2, .L18+4
 478 0138 9B18     		adds	r3, r3, r2
 479 013a 3B60     		str	r3, [r7]
 350:Generated_Source\PSoC4/cyfitter_cfg.c **** 			CYMEMZERO(ms->address, (size_t)(uint32)(ms->size));
 480              		.loc 1 350 0 discriminator 3
 481 013c 3B68     		ldr	r3, [r7]
 482 013e 1A78     		ldrb	r2, [r3]
 483 0140 5978     		ldrb	r1, [r3, #1]
 484 0142 0902     		lsls	r1, r1, #8
 485 0144 0A43     		orrs	r2, r1
 486 0146 9978     		ldrb	r1, [r3, #2]
 487 0148 0904     		lsls	r1, r1, #16
 488 014a 0A43     		orrs	r2, r1
 489 014c DB78     		ldrb	r3, [r3, #3]
 490 014e 1B06     		lsls	r3, r3, #24
 491 0150 1343     		orrs	r3, r2
 492 0152 1800     		movs	r0, r3
 493 0154 3B68     		ldr	r3, [r7]
 494 0156 1A79     		ldrb	r2, [r3, #4]
 495 0158 5B79     		ldrb	r3, [r3, #5]
 496 015a 1B02     		lsls	r3, r3, #8
 497 015c 1343     		orrs	r3, r2
 498 015e 9BB2     		uxth	r3, r3
 499 0160 1900     		movs	r1, r3
 500 0162 FFF7FEFF 		bl	CYMEMZERO
 501              	.LBE4:
 347:Generated_Source\PSoC4/cyfitter_cfg.c **** 		{
ARM GAS  C:\Users\dprdc\AppData\Local\Temp\ccdV7EmQ.s 			page 16


 502              		.loc 1 347 0 discriminator 3
 503 0166 FB1D     		adds	r3, r7, #7
 504 0168 1A78     		ldrb	r2, [r3]
 505 016a FB1D     		adds	r3, r7, #7
 506 016c 0132     		adds	r2, r2, #1
 507 016e 1A70     		strb	r2, [r3]
 508              	.L16:
 347:Generated_Source\PSoC4/cyfitter_cfg.c **** 		{
 509              		.loc 1 347 0 is_stmt 0 discriminator 1
 510 0170 FB1D     		adds	r3, r7, #7
 511 0172 1B78     		ldrb	r3, [r3]
 512 0174 012B     		cmp	r3, #1
 513 0176 D8D9     		bls	.L17
 351:Generated_Source\PSoC4/cyfitter_cfg.c **** 		}
 352:Generated_Source\PSoC4/cyfitter_cfg.c **** 
 353:Generated_Source\PSoC4/cyfitter_cfg.c **** 		cfg_write_bytes32(cy_cfg_addr_table, cy_cfg_data_table);
 514              		.loc 1 353 0 is_stmt 1
 515 0178 1C4A     		ldr	r2, .L18+8
 516 017a 1D4B     		ldr	r3, .L18+12
 517 017c 1100     		movs	r1, r2
 518 017e 1800     		movs	r0, r3
 519 0180 FFF7FEFF 		bl	cfg_write_bytes32
 354:Generated_Source\PSoC4/cyfitter_cfg.c **** 
 355:Generated_Source\PSoC4/cyfitter_cfg.c **** 		/* HSIOM Starting address: CYDEV_HSIOM_BASE */
 356:Generated_Source\PSoC4/cyfitter_cfg.c **** 		CY_SET_REG32((void *)(CYDEV_HSIOM_BASE), 0xEE000000u);
 520              		.loc 1 356 0
 521 0184 1B4B     		ldr	r3, .L18+16
 522 0186 EE22     		movs	r2, #238
 523 0188 1206     		lsls	r2, r2, #24
 524 018a 1A60     		str	r2, [r3]
 357:Generated_Source\PSoC4/cyfitter_cfg.c **** 		CY_SET_REG32((void *)(CYREG_HSIOM_PORT_SEL2), 0x03000000u);
 525              		.loc 1 357 0
 526 018c 1A4B     		ldr	r3, .L18+20
 527 018e C022     		movs	r2, #192
 528 0190 9204     		lsls	r2, r2, #18
 529 0192 1A60     		str	r2, [r3]
 358:Generated_Source\PSoC4/cyfitter_cfg.c **** 
 359:Generated_Source\PSoC4/cyfitter_cfg.c **** 		/* UDB_PA_0 Starting address: CYDEV_UDB_PA0_BASE */
 360:Generated_Source\PSoC4/cyfitter_cfg.c **** 		CY_SET_REG32((void *)(CYDEV_UDB_PA0_BASE), 0x00990000u);
 530              		.loc 1 360 0
 531 0194 194B     		ldr	r3, .L18+24
 532 0196 9922     		movs	r2, #153
 533 0198 1204     		lsls	r2, r2, #16
 534 019a 1A60     		str	r2, [r3]
 361:Generated_Source\PSoC4/cyfitter_cfg.c **** 
 362:Generated_Source\PSoC4/cyfitter_cfg.c **** 		/* UDB_PA_2 Starting address: CYDEV_UDB_PA2_BASE */
 363:Generated_Source\PSoC4/cyfitter_cfg.c **** 		CY_SET_REG32((void *)(CYDEV_UDB_PA2_BASE), 0x00990000u);
 535              		.loc 1 363 0
 536 019c 184B     		ldr	r3, .L18+28
 537 019e 9922     		movs	r2, #153
 538 01a0 1204     		lsls	r2, r2, #16
 539 01a2 1A60     		str	r2, [r3]
 364:Generated_Source\PSoC4/cyfitter_cfg.c **** 		CY_SET_REG32((void *)(CYREG_UDB_PA2_CFG8), 0x20000000u);
 540              		.loc 1 364 0
 541 01a4 174B     		ldr	r3, .L18+32
 542 01a6 8022     		movs	r2, #128
 543 01a8 9205     		lsls	r2, r2, #22
ARM GAS  C:\Users\dprdc\AppData\Local\Temp\ccdV7EmQ.s 			page 17


 544 01aa 1A60     		str	r2, [r3]
 365:Generated_Source\PSoC4/cyfitter_cfg.c **** 
 366:Generated_Source\PSoC4/cyfitter_cfg.c **** 		/* Enable digital routing */
 367:Generated_Source\PSoC4/cyfitter_cfg.c **** 		CY_SET_XTND_REG8((void *)CYREG_UDB_UDBIF_BANK_CTL, (uint8)(CY_GET_XTND_REG8((void *)CYREG_UDB_UDB
 545              		.loc 1 367 0
 546 01ac 164A     		ldr	r2, .L18+36
 547 01ae 164B     		ldr	r3, .L18+36
 548 01b0 1B78     		ldrb	r3, [r3]
 549 01b2 DBB2     		uxtb	r3, r3
 550 01b4 0621     		movs	r1, #6
 551 01b6 0B43     		orrs	r3, r1
 552 01b8 DBB2     		uxtb	r3, r3
 553 01ba 1370     		strb	r3, [r2]
 554              	.LBE3:
 368:Generated_Source\PSoC4/cyfitter_cfg.c **** 	}
 369:Generated_Source\PSoC4/cyfitter_cfg.c **** 
 370:Generated_Source\PSoC4/cyfitter_cfg.c **** 	/* Perform second pass device configuration. These items must be configured in specific order afte
 371:Generated_Source\PSoC4/cyfitter_cfg.c **** 	/* IOPINS0_0 Starting address: CYDEV_GPIO_PRT0_BASE */
 372:Generated_Source\PSoC4/cyfitter_cfg.c **** 	CY_SET_REG32((void *)(CYREG_GPIO_PRT0_PC), 0x00D80000u);
 555              		.loc 1 372 0
 556 01bc 134B     		ldr	r3, .L18+40
 557 01be D822     		movs	r2, #216
 558 01c0 1204     		lsls	r2, r2, #16
 559 01c2 1A60     		str	r2, [r3]
 373:Generated_Source\PSoC4/cyfitter_cfg.c **** 
 374:Generated_Source\PSoC4/cyfitter_cfg.c **** 	/* IOPINS0_2 Starting address: CYDEV_GPIO_PRT2_BASE */
 375:Generated_Source\PSoC4/cyfitter_cfg.c **** 	CY_SET_REG32((void *)(CYDEV_GPIO_PRT2_BASE), 0x00000040u);
 560              		.loc 1 375 0
 561 01c4 124B     		ldr	r3, .L18+44
 562 01c6 4022     		movs	r2, #64
 563 01c8 1A60     		str	r2, [r3]
 376:Generated_Source\PSoC4/cyfitter_cfg.c **** 	CY_SET_REG32((void *)(CYREG_GPIO_PRT2_PC), 0x00180000u);
 564              		.loc 1 376 0
 565 01ca 124B     		ldr	r3, .L18+48
 566 01cc C022     		movs	r2, #192
 567 01ce 5203     		lsls	r2, r2, #13
 568 01d0 1A60     		str	r2, [r3]
 377:Generated_Source\PSoC4/cyfitter_cfg.c **** 
 378:Generated_Source\PSoC4/cyfitter_cfg.c **** 
 379:Generated_Source\PSoC4/cyfitter_cfg.c **** 	/* Setup clocks based on selections from Clock DWR */
 380:Generated_Source\PSoC4/cyfitter_cfg.c **** 	ClockSetup();
 569              		.loc 1 380 0
 570 01d2 FFF715FF 		bl	ClockSetup
 381:Generated_Source\PSoC4/cyfitter_cfg.c **** 
 382:Generated_Source\PSoC4/cyfitter_cfg.c **** 	/* Perform basic analog initialization to defaults */
 383:Generated_Source\PSoC4/cyfitter_cfg.c **** 	AnalogSetDefault();
 571              		.loc 1 383 0
 572 01d6 FFF7FEFF 		bl	AnalogSetDefault
 384:Generated_Source\PSoC4/cyfitter_cfg.c **** 
 385:Generated_Source\PSoC4/cyfitter_cfg.c **** }
 573              		.loc 1 385 0
 574 01da C046     		nop
 575 01dc BD46     		mov	sp, r7
 576 01de 02B0     		add	sp, sp, #8
 577              		@ sp needed
 578 01e0 80BD     		pop	{r7, pc}
 579              	.L19:
ARM GAS  C:\Users\dprdc\AppData\Local\Temp\ccdV7EmQ.s 			page 18


 580 01e2 C046     		.align	2
 581              	.L18:
 582 01e4 6CF02E40 		.word	1076818028
 583 01e8 00000000 		.word	cfg_memset_list.4907
 584 01ec 10000000 		.word	cy_cfg_data_table.4902
 585 01f0 0C000000 		.word	cy_cfg_addr_table.4901
 586 01f4 00000240 		.word	1073872896
 587 01f8 00020240 		.word	1073873408
 588 01fc 00500F40 		.word	1074745344
 589 0200 20500F40 		.word	1074745376
 590 0204 28500F40 		.word	1074745384
 591 0208 00700F40 		.word	1074753536
 592 020c 08000440 		.word	1074003976
 593 0210 00020440 		.word	1074004480
 594 0214 08020440 		.word	1074004488
 595              		.cfi_endproc
 596              	.LFE8:
 597              		.size	cyfitter_cfg, .-cyfitter_cfg
 598              		.section	.rodata
 599              		.align	2
 600              		.type	cfg_memset_list.4907, %object
 601              		.size	cfg_memset_list.4907, 12
 602              	cfg_memset_list.4907:
 603 0000 00300F40 		.word	1074737152
 604 0004 0004     		.short	1024
 605 0006 00400F40 		.4byte	1074741248
 606 000a 0004     		.short	1024
 607              		.align	2
 608              		.type	cy_cfg_addr_table.4901, %object
 609              		.size	cy_cfg_addr_table.4901, 4
 610              	cy_cfg_addr_table.4901:
 611 000c 04420F40 		.word	1074741764
 612              		.align	2
 613              		.type	cy_cfg_data_table.4902, %object
 614              		.size	cy_cfg_data_table.4902, 8
 615              	cy_cfg_data_table.4902:
 616 0010 1C       		.byte	28
 617 0011 10       		.byte	16
 618 0012 60       		.byte	96
 619 0013 10       		.byte	16
 620 0014 C6       		.byte	-58
 621 0015 04       		.byte	4
 622 0016 D8       		.byte	-40
 623 0017 02       		.byte	2
 624              		.text
 625              	.Letext0:
 626              		.file 2 "c:\\program files (x86)\\cypress\\psoc creator\\4.3\\psoc creator\\import\\gnu\\arm\\5.4.
 627              		.file 3 "Generated_Source\\PSoC4\\cytypes.h"
 628              		.section	.debug_info,"",%progbits
 629              	.Ldebug_info0:
 630 0000 5A030000 		.4byte	0x35a
 631 0004 0400     		.2byte	0x4
 632 0006 00000000 		.4byte	.Ldebug_abbrev0
 633 000a 04       		.byte	0x4
 634 000b 01       		.uleb128 0x1
 635 000c B3000000 		.4byte	.LASF40
 636 0010 0C       		.byte	0xc
ARM GAS  C:\Users\dprdc\AppData\Local\Temp\ccdV7EmQ.s 			page 19


 637 0011 B2020000 		.4byte	.LASF41
 638 0015 0A020000 		.4byte	.LASF42
 639 0019 00000000 		.4byte	.Ldebug_ranges0+0
 640 001d 00000000 		.4byte	0
 641 0021 00000000 		.4byte	.Ldebug_line0
 642 0025 02       		.uleb128 0x2
 643 0026 04       		.byte	0x4
 644 0027 05       		.byte	0x5
 645 0028 696E7400 		.ascii	"int\000"
 646 002c 03       		.uleb128 0x3
 647 002d 06000000 		.4byte	.LASF12
 648 0031 02       		.byte	0x2
 649 0032 D8       		.byte	0xd8
 650 0033 37000000 		.4byte	0x37
 651 0037 04       		.uleb128 0x4
 652 0038 04       		.byte	0x4
 653 0039 07       		.byte	0x7
 654 003a 99010000 		.4byte	.LASF0
 655 003e 04       		.uleb128 0x4
 656 003f 08       		.byte	0x8
 657 0040 05       		.byte	0x5
 658 0041 F7010000 		.4byte	.LASF1
 659 0045 04       		.uleb128 0x4
 660 0046 08       		.byte	0x8
 661 0047 04       		.byte	0x4
 662 0048 9A020000 		.4byte	.LASF2
 663 004c 04       		.uleb128 0x4
 664 004d 01       		.byte	0x1
 665 004e 06       		.byte	0x6
 666 004f A6020000 		.4byte	.LASF3
 667 0053 04       		.uleb128 0x4
 668 0054 01       		.byte	0x1
 669 0055 08       		.byte	0x8
 670 0056 41010000 		.4byte	.LASF4
 671 005a 04       		.uleb128 0x4
 672 005b 02       		.byte	0x2
 673 005c 05       		.byte	0x5
 674 005d 87020000 		.4byte	.LASF5
 675 0061 04       		.uleb128 0x4
 676 0062 02       		.byte	0x2
 677 0063 07       		.byte	0x7
 678 0064 E4010000 		.4byte	.LASF6
 679 0068 04       		.uleb128 0x4
 680 0069 04       		.byte	0x4
 681 006a 05       		.byte	0x5
 682 006b 91020000 		.4byte	.LASF7
 683 006f 04       		.uleb128 0x4
 684 0070 04       		.byte	0x4
 685 0071 07       		.byte	0x7
 686 0072 91000000 		.4byte	.LASF8
 687 0076 04       		.uleb128 0x4
 688 0077 08       		.byte	0x8
 689 0078 07       		.byte	0x7
 690 0079 AE010000 		.4byte	.LASF9
 691 007d 04       		.uleb128 0x4
 692 007e 04       		.byte	0x4
 693 007f 07       		.byte	0x7
ARM GAS  C:\Users\dprdc\AppData\Local\Temp\ccdV7EmQ.s 			page 20


 694 0080 DB010000 		.4byte	.LASF10
 695 0084 05       		.uleb128 0x5
 696 0085 04       		.byte	0x4
 697 0086 04       		.uleb128 0x4
 698 0087 01       		.byte	0x1
 699 0088 08       		.byte	0x8
 700 0089 05020000 		.4byte	.LASF11
 701 008d 06       		.uleb128 0x6
 702 008e A3000000 		.4byte	.LASF13
 703 0092 03       		.byte	0x3
 704 0093 F701     		.2byte	0x1f7
 705 0095 53000000 		.4byte	0x53
 706 0099 06       		.uleb128 0x6
 707 009a 80010000 		.4byte	.LASF14
 708 009e 03       		.byte	0x3
 709 009f F801     		.2byte	0x1f8
 710 00a1 61000000 		.4byte	0x61
 711 00a5 06       		.uleb128 0x6
 712 00a6 92010000 		.4byte	.LASF15
 713 00aa 03       		.byte	0x3
 714 00ab F901     		.2byte	0x1f9
 715 00ad 6F000000 		.4byte	0x6f
 716 00b1 04       		.uleb128 0x4
 717 00b2 04       		.byte	0x4
 718 00b3 04       		.byte	0x4
 719 00b4 6C000000 		.4byte	.LASF16
 720 00b8 04       		.uleb128 0x4
 721 00b9 08       		.byte	0x8
 722 00ba 04       		.byte	0x4
 723 00bb 4F010000 		.4byte	.LASF17
 724 00bf 06       		.uleb128 0x6
 725 00c0 8C000000 		.4byte	.LASF18
 726 00c4 03       		.byte	0x3
 727 00c5 A102     		.2byte	0x2a1
 728 00c7 CB000000 		.4byte	0xcb
 729 00cb 07       		.uleb128 0x7
 730 00cc 8D000000 		.4byte	0x8d
 731 00d0 06       		.uleb128 0x6
 732 00d1 00000000 		.4byte	.LASF19
 733 00d5 03       		.byte	0x3
 734 00d6 A302     		.2byte	0x2a3
 735 00d8 DC000000 		.4byte	0xdc
 736 00dc 07       		.uleb128 0x7
 737 00dd A5000000 		.4byte	0xa5
 738 00e1 08       		.uleb128 0x8
 739 00e2 02       		.byte	0x2
 740 00e3 01       		.byte	0x1
 741 00e4 97       		.byte	0x97
 742 00e5 02010000 		.4byte	0x102
 743 00e9 09       		.uleb128 0x9
 744 00ea 80020000 		.4byte	.LASF20
 745 00ee 01       		.byte	0x1
 746 00ef 99       		.byte	0x99
 747 00f0 8D000000 		.4byte	0x8d
 748 00f4 00       		.byte	0
 749 00f5 09       		.uleb128 0x9
 750 00f6 1E000000 		.4byte	.LASF21
ARM GAS  C:\Users\dprdc\AppData\Local\Temp\ccdV7EmQ.s 			page 21


 751 00fa 01       		.byte	0x1
 752 00fb 9A       		.byte	0x9a
 753 00fc 8D000000 		.4byte	0x8d
 754 0100 01       		.byte	0x1
 755 0101 00       		.byte	0
 756 0102 03       		.uleb128 0x3
 757 0103 59000000 		.4byte	.LASF22
 758 0107 01       		.byte	0x1
 759 0108 9B       		.byte	0x9b
 760 0109 E1000000 		.4byte	0xe1
 761 010d 0A       		.uleb128 0xa
 762 010e A9000000 		.4byte	.LASF23
 763 0112 01       		.byte	0x1
 764 0113 4C       		.byte	0x4c
 765 0114 00000000 		.4byte	.LFB2
 766 0118 1E000000 		.4byte	.LFE2-.LFB2
 767 011c 01       		.uleb128 0x1
 768 011d 9C       		.byte	0x9c
 769 011e 3B010000 		.4byte	0x13b
 770 0122 0B       		.uleb128 0xb
 771 0123 7300     		.ascii	"s\000"
 772 0125 01       		.byte	0x1
 773 0126 4C       		.byte	0x4c
 774 0127 84000000 		.4byte	0x84
 775 012b 02       		.uleb128 0x2
 776 012c 91       		.byte	0x91
 777 012d 74       		.sleb128 -12
 778 012e 0B       		.uleb128 0xb
 779 012f 6E00     		.ascii	"n\000"
 780 0131 01       		.byte	0x1
 781 0132 4C       		.byte	0x4c
 782 0133 2C000000 		.4byte	0x2c
 783 0137 02       		.uleb128 0x2
 784 0138 91       		.byte	0x91
 785 0139 70       		.sleb128 -16
 786 013a 00       		.byte	0
 787 013b 0A       		.uleb128 0xa
 788 013c E8020000 		.4byte	.LASF24
 789 0140 01       		.byte	0x1
 790 0141 53       		.byte	0x53
 791 0142 00000000 		.4byte	.LFB3
 792 0146 20000000 		.4byte	.LFE3-.LFB3
 793 014a 01       		.uleb128 0x1
 794 014b 9C       		.byte	0x9c
 795 014c 79010000 		.4byte	0x179
 796 0150 0C       		.uleb128 0xc
 797 0151 72000000 		.4byte	.LASF25
 798 0155 01       		.byte	0x1
 799 0156 53       		.byte	0x53
 800 0157 84000000 		.4byte	0x84
 801 015b 02       		.uleb128 0x2
 802 015c 91       		.byte	0x91
 803 015d 74       		.sleb128 -12
 804 015e 0B       		.uleb128 0xb
 805 015f 73726300 		.ascii	"src\000"
 806 0163 01       		.byte	0x1
 807 0164 53       		.byte	0x53
ARM GAS  C:\Users\dprdc\AppData\Local\Temp\ccdV7EmQ.s 			page 22


 808 0165 79010000 		.4byte	0x179
 809 0169 02       		.uleb128 0x2
 810 016a 91       		.byte	0x91
 811 016b 70       		.sleb128 -16
 812 016c 0B       		.uleb128 0xb
 813 016d 6E00     		.ascii	"n\000"
 814 016f 01       		.byte	0x1
 815 0170 53       		.byte	0x53
 816 0171 2C000000 		.4byte	0x2c
 817 0175 02       		.uleb128 0x2
 818 0176 91       		.byte	0x91
 819 0177 6C       		.sleb128 -20
 820 0178 00       		.byte	0
 821 0179 0D       		.uleb128 0xd
 822 017a 04       		.byte	0x4
 823 017b 7F010000 		.4byte	0x17f
 824 017f 0E       		.uleb128 0xe
 825 0180 0A       		.uleb128 0xa
 826 0181 D8020000 		.4byte	.LASF26
 827 0185 01       		.byte	0x1
 828 0186 5A       		.byte	0x5a
 829 0187 00000000 		.4byte	.LFB4
 830 018b 20000000 		.4byte	.LFE4-.LFB4
 831 018f 01       		.uleb128 0x1
 832 0190 9C       		.byte	0x9c
 833 0191 BE010000 		.4byte	0x1be
 834 0195 0C       		.uleb128 0xc
 835 0196 72000000 		.4byte	.LASF25
 836 019a 01       		.byte	0x1
 837 019b 5A       		.byte	0x5a
 838 019c 84000000 		.4byte	0x84
 839 01a0 02       		.uleb128 0x2
 840 01a1 91       		.byte	0x91
 841 01a2 74       		.sleb128 -12
 842 01a3 0B       		.uleb128 0xb
 843 01a4 73726300 		.ascii	"src\000"
 844 01a8 01       		.byte	0x1
 845 01a9 5A       		.byte	0x5a
 846 01aa 79010000 		.4byte	0x179
 847 01ae 02       		.uleb128 0x2
 848 01af 91       		.byte	0x91
 849 01b0 70       		.sleb128 -16
 850 01b1 0B       		.uleb128 0xb
 851 01b2 6E00     		.ascii	"n\000"
 852 01b4 01       		.byte	0x1
 853 01b5 5A       		.byte	0x5a
 854 01b6 2C000000 		.4byte	0x2c
 855 01ba 02       		.uleb128 0x2
 856 01bb 91       		.byte	0x91
 857 01bc 6C       		.sleb128 -20
 858 01bd 00       		.byte	0
 859 01be 0F       		.uleb128 0xf
 860 01bf 56010000 		.4byte	.LASF27
 861 01c3 01       		.byte	0x1
 862 01c4 AE       		.byte	0xae
 863 01c5 00000000 		.4byte	.LFB5
 864 01c9 82000000 		.4byte	.LFE5-.LFB5
ARM GAS  C:\Users\dprdc\AppData\Local\Temp\ccdV7EmQ.s 			page 23


 865 01cd 01       		.uleb128 0x1
 866 01ce 9C       		.byte	0x9c
 867 01cf 2E020000 		.4byte	0x22e
 868 01d3 0C       		.uleb128 0xc
 869 01d4 75010000 		.4byte	.LASF28
 870 01d8 01       		.byte	0x1
 871 01d9 AE       		.byte	0xae
 872 01da 2E020000 		.4byte	0x22e
 873 01de 02       		.uleb128 0x2
 874 01df 91       		.byte	0x91
 875 01e0 64       		.sleb128 -28
 876 01e1 0C       		.uleb128 0xc
 877 01e2 87010000 		.4byte	.LASF29
 878 01e6 01       		.byte	0x1
 879 01e7 AE       		.byte	0xae
 880 01e8 39020000 		.4byte	0x239
 881 01ec 02       		.uleb128 0x2
 882 01ed 91       		.byte	0x91
 883 01ee 60       		.sleb128 -32
 884 01ef 10       		.uleb128 0x10
 885 01f0 6900     		.ascii	"i\000"
 886 01f2 01       		.byte	0x1
 887 01f3 B1       		.byte	0xb1
 888 01f4 A5000000 		.4byte	0xa5
 889 01f8 02       		.uleb128 0x2
 890 01f9 91       		.byte	0x91
 891 01fa 74       		.sleb128 -12
 892 01fb 10       		.uleb128 0x10
 893 01fc 6A00     		.ascii	"j\000"
 894 01fe 01       		.byte	0x1
 895 01ff B1       		.byte	0xb1
 896 0200 A5000000 		.4byte	0xa5
 897 0204 02       		.uleb128 0x2
 898 0205 91       		.byte	0x91
 899 0206 70       		.sleb128 -16
 900 0207 11       		.uleb128 0x11
 901 0208 14000000 		.4byte	.LBB2
 902 020c 5A000000 		.4byte	.LBE2-.LBB2
 903 0210 12       		.uleb128 0x12
 904 0211 D2010000 		.4byte	.LASF30
 905 0215 01       		.byte	0x1
 906 0216 B4       		.byte	0xb4
 907 0217 A5000000 		.4byte	0xa5
 908 021b 02       		.uleb128 0x2
 909 021c 91       		.byte	0x91
 910 021d 68       		.sleb128 -24
 911 021e 12       		.uleb128 0x12
 912 021f 24000000 		.4byte	.LASF31
 913 0223 01       		.byte	0x1
 914 0224 B5       		.byte	0xb5
 915 0225 8D000000 		.4byte	0x8d
 916 0229 02       		.uleb128 0x2
 917 022a 91       		.byte	0x91
 918 022b 6F       		.sleb128 -17
 919 022c 00       		.byte	0
 920 022d 00       		.byte	0
 921 022e 0D       		.uleb128 0xd
ARM GAS  C:\Users\dprdc\AppData\Local\Temp\ccdV7EmQ.s 			page 24


 922 022f 04       		.byte	0x4
 923 0230 34020000 		.4byte	0x234
 924 0234 13       		.uleb128 0x13
 925 0235 A5000000 		.4byte	0xa5
 926 0239 0D       		.uleb128 0xd
 927 023a 04       		.byte	0x4
 928 023b 3F020000 		.4byte	0x23f
 929 023f 13       		.uleb128 0x13
 930 0240 02010000 		.4byte	0x102
 931 0244 14       		.uleb128 0x14
 932 0245 2A000000 		.4byte	.LASF32
 933 0249 01       		.byte	0x1
 934 024a D3       		.byte	0xd3
 935 024b 00000000 		.4byte	.LFB6
 936 024f 14010000 		.4byte	.LFE6-.LFB6
 937 0253 01       		.uleb128 0x1
 938 0254 9C       		.byte	0x9c
 939 0255 15       		.uleb128 0x15
 940 0256 0D000000 		.4byte	.LASF33
 941 025a 01       		.byte	0x1
 942 025b 1D01     		.2byte	0x11d
 943 025d 00000000 		.4byte	.LFB7
 944 0261 28000000 		.4byte	.LFE7-.LFB7
 945 0265 01       		.uleb128 0x1
 946 0266 9C       		.byte	0x9c
 947 0267 16       		.uleb128 0x16
 948 0268 68010000 		.4byte	.LASF43
 949 026c 01       		.byte	0x1
 950 026d 3801     		.2byte	0x138
 951 026f 14010000 		.4byte	.LFB8
 952 0273 04010000 		.4byte	.LFE8-.LFB8
 953 0277 01       		.uleb128 0x1
 954 0278 9C       		.byte	0x9c
 955 0279 33030000 		.4byte	0x333
 956 027d 11       		.uleb128 0x11
 957 027e 22010000 		.4byte	.LBB3
 958 0282 9A000000 		.4byte	.LBE3-.LBB3
 959 0286 17       		.uleb128 0x17
 960 0287 35000000 		.4byte	.LASF34
 961 028b 01       		.byte	0x1
 962 028c 4001     		.2byte	0x140
 963 028e 43030000 		.4byte	0x343
 964 0292 05       		.uleb128 0x5
 965 0293 03       		.byte	0x3
 966 0294 0C000000 		.4byte	cy_cfg_addr_table.4901
 967 0298 17       		.uleb128 0x17
 968 0299 47000000 		.4byte	.LASF35
 969 029d 01       		.byte	0x1
 970 029e 4401     		.2byte	0x144
 971 02a0 58030000 		.4byte	0x358
 972 02a4 05       		.uleb128 0x5
 973 02a5 03       		.byte	0x3
 974 02a6 10000000 		.4byte	cy_cfg_data_table.4902
 975 02aa 18       		.uleb128 0x18
 976 02ab 06       		.byte	0x6
 977 02ac 01       		.byte	0x1
 978 02ad 4D01     		.2byte	0x14d
ARM GAS  C:\Users\dprdc\AppData\Local\Temp\ccdV7EmQ.s 			page 25


 979 02af CE020000 		.4byte	0x2ce
 980 02b3 19       		.uleb128 0x19
 981 02b4 A6010000 		.4byte	.LASF36
 982 02b8 01       		.byte	0x1
 983 02b9 4E01     		.2byte	0x14e
 984 02bb 84000000 		.4byte	0x84
 985 02bf 00       		.byte	0
 986 02c0 19       		.uleb128 0x19
 987 02c1 87000000 		.4byte	.LASF37
 988 02c5 01       		.byte	0x1
 989 02c6 4F01     		.2byte	0x14f
 990 02c8 99000000 		.4byte	0x99
 991 02cc 04       		.byte	0x4
 992 02cd 00       		.byte	0
 993 02ce 06       		.uleb128 0x6
 994 02cf C5010000 		.4byte	.LASF38
 995 02d3 01       		.byte	0x1
 996 02d4 5001     		.2byte	0x150
 997 02d6 AA020000 		.4byte	0x2aa
 998 02da 1A       		.uleb128 0x1a
 999 02db EA020000 		.4byte	0x2ea
 1000 02df EA020000 		.4byte	0x2ea
 1001 02e3 1B       		.uleb128 0x1b
 1002 02e4 7D000000 		.4byte	0x7d
 1003 02e8 01       		.byte	0x1
 1004 02e9 00       		.byte	0
 1005 02ea 13       		.uleb128 0x13
 1006 02eb CE020000 		.4byte	0x2ce
 1007 02ef 17       		.uleb128 0x17
 1008 02f0 77000000 		.4byte	.LASF39
 1009 02f4 01       		.byte	0x1
 1010 02f5 5201     		.2byte	0x152
 1011 02f7 01030000 		.4byte	0x301
 1012 02fb 05       		.uleb128 0x5
 1013 02fc 03       		.byte	0x3
 1014 02fd 00000000 		.4byte	cfg_memset_list.4907
 1015 0301 13       		.uleb128 0x13
 1016 0302 DA020000 		.4byte	0x2da
 1017 0306 1C       		.uleb128 0x1c
 1018 0307 6900     		.ascii	"i\000"
 1019 0309 01       		.byte	0x1
 1020 030a 5801     		.2byte	0x158
 1021 030c 8D000000 		.4byte	0x8d
 1022 0310 02       		.uleb128 0x2
 1023 0311 91       		.byte	0x91
 1024 0312 77       		.sleb128 -9
 1025 0313 11       		.uleb128 0x11
 1026 0314 2A010000 		.4byte	.LBB4
 1027 0318 3C000000 		.4byte	.LBE4-.LBB4
 1028 031c 1C       		.uleb128 0x1c
 1029 031d 6D7300   		.ascii	"ms\000"
 1030 0320 01       		.byte	0x1
 1031 0321 5D01     		.2byte	0x15d
 1032 0323 2A030000 		.4byte	0x32a
 1033 0327 02       		.uleb128 0x2
 1034 0328 91       		.byte	0x91
 1035 0329 70       		.sleb128 -16
ARM GAS  C:\Users\dprdc\AppData\Local\Temp\ccdV7EmQ.s 			page 26


 1036 032a 0D       		.uleb128 0xd
 1037 032b 04       		.byte	0x4
 1038 032c EA020000 		.4byte	0x2ea
 1039 0330 00       		.byte	0
 1040 0331 00       		.byte	0
 1041 0332 00       		.byte	0
 1042 0333 1A       		.uleb128 0x1a
 1043 0334 34020000 		.4byte	0x234
 1044 0338 43030000 		.4byte	0x343
 1045 033c 1B       		.uleb128 0x1b
 1046 033d 7D000000 		.4byte	0x7d
 1047 0341 00       		.byte	0
 1048 0342 00       		.byte	0
 1049 0343 13       		.uleb128 0x13
 1050 0344 33030000 		.4byte	0x333
 1051 0348 1A       		.uleb128 0x1a
 1052 0349 3F020000 		.4byte	0x23f
 1053 034d 58030000 		.4byte	0x358
 1054 0351 1B       		.uleb128 0x1b
 1055 0352 7D000000 		.4byte	0x7d
 1056 0356 03       		.byte	0x3
 1057 0357 00       		.byte	0
 1058 0358 13       		.uleb128 0x13
 1059 0359 48030000 		.4byte	0x348
 1060 035d 00       		.byte	0
 1061              		.section	.debug_abbrev,"",%progbits
 1062              	.Ldebug_abbrev0:
 1063 0000 01       		.uleb128 0x1
 1064 0001 11       		.uleb128 0x11
 1065 0002 01       		.byte	0x1
 1066 0003 25       		.uleb128 0x25
 1067 0004 0E       		.uleb128 0xe
 1068 0005 13       		.uleb128 0x13
 1069 0006 0B       		.uleb128 0xb
 1070 0007 03       		.uleb128 0x3
 1071 0008 0E       		.uleb128 0xe
 1072 0009 1B       		.uleb128 0x1b
 1073 000a 0E       		.uleb128 0xe
 1074 000b 55       		.uleb128 0x55
 1075 000c 17       		.uleb128 0x17
 1076 000d 11       		.uleb128 0x11
 1077 000e 01       		.uleb128 0x1
 1078 000f 10       		.uleb128 0x10
 1079 0010 17       		.uleb128 0x17
 1080 0011 00       		.byte	0
 1081 0012 00       		.byte	0
 1082 0013 02       		.uleb128 0x2
 1083 0014 24       		.uleb128 0x24
 1084 0015 00       		.byte	0
 1085 0016 0B       		.uleb128 0xb
 1086 0017 0B       		.uleb128 0xb
 1087 0018 3E       		.uleb128 0x3e
 1088 0019 0B       		.uleb128 0xb
 1089 001a 03       		.uleb128 0x3
 1090 001b 08       		.uleb128 0x8
 1091 001c 00       		.byte	0
 1092 001d 00       		.byte	0
ARM GAS  C:\Users\dprdc\AppData\Local\Temp\ccdV7EmQ.s 			page 27


 1093 001e 03       		.uleb128 0x3
 1094 001f 16       		.uleb128 0x16
 1095 0020 00       		.byte	0
 1096 0021 03       		.uleb128 0x3
 1097 0022 0E       		.uleb128 0xe
 1098 0023 3A       		.uleb128 0x3a
 1099 0024 0B       		.uleb128 0xb
 1100 0025 3B       		.uleb128 0x3b
 1101 0026 0B       		.uleb128 0xb
 1102 0027 49       		.uleb128 0x49
 1103 0028 13       		.uleb128 0x13
 1104 0029 00       		.byte	0
 1105 002a 00       		.byte	0
 1106 002b 04       		.uleb128 0x4
 1107 002c 24       		.uleb128 0x24
 1108 002d 00       		.byte	0
 1109 002e 0B       		.uleb128 0xb
 1110 002f 0B       		.uleb128 0xb
 1111 0030 3E       		.uleb128 0x3e
 1112 0031 0B       		.uleb128 0xb
 1113 0032 03       		.uleb128 0x3
 1114 0033 0E       		.uleb128 0xe
 1115 0034 00       		.byte	0
 1116 0035 00       		.byte	0
 1117 0036 05       		.uleb128 0x5
 1118 0037 0F       		.uleb128 0xf
 1119 0038 00       		.byte	0
 1120 0039 0B       		.uleb128 0xb
 1121 003a 0B       		.uleb128 0xb
 1122 003b 00       		.byte	0
 1123 003c 00       		.byte	0
 1124 003d 06       		.uleb128 0x6
 1125 003e 16       		.uleb128 0x16
 1126 003f 00       		.byte	0
 1127 0040 03       		.uleb128 0x3
 1128 0041 0E       		.uleb128 0xe
 1129 0042 3A       		.uleb128 0x3a
 1130 0043 0B       		.uleb128 0xb
 1131 0044 3B       		.uleb128 0x3b
 1132 0045 05       		.uleb128 0x5
 1133 0046 49       		.uleb128 0x49
 1134 0047 13       		.uleb128 0x13
 1135 0048 00       		.byte	0
 1136 0049 00       		.byte	0
 1137 004a 07       		.uleb128 0x7
 1138 004b 35       		.uleb128 0x35
 1139 004c 00       		.byte	0
 1140 004d 49       		.uleb128 0x49
 1141 004e 13       		.uleb128 0x13
 1142 004f 00       		.byte	0
 1143 0050 00       		.byte	0
 1144 0051 08       		.uleb128 0x8
 1145 0052 13       		.uleb128 0x13
 1146 0053 01       		.byte	0x1
 1147 0054 0B       		.uleb128 0xb
 1148 0055 0B       		.uleb128 0xb
 1149 0056 3A       		.uleb128 0x3a
ARM GAS  C:\Users\dprdc\AppData\Local\Temp\ccdV7EmQ.s 			page 28


 1150 0057 0B       		.uleb128 0xb
 1151 0058 3B       		.uleb128 0x3b
 1152 0059 0B       		.uleb128 0xb
 1153 005a 01       		.uleb128 0x1
 1154 005b 13       		.uleb128 0x13
 1155 005c 00       		.byte	0
 1156 005d 00       		.byte	0
 1157 005e 09       		.uleb128 0x9
 1158 005f 0D       		.uleb128 0xd
 1159 0060 00       		.byte	0
 1160 0061 03       		.uleb128 0x3
 1161 0062 0E       		.uleb128 0xe
 1162 0063 3A       		.uleb128 0x3a
 1163 0064 0B       		.uleb128 0xb
 1164 0065 3B       		.uleb128 0x3b
 1165 0066 0B       		.uleb128 0xb
 1166 0067 49       		.uleb128 0x49
 1167 0068 13       		.uleb128 0x13
 1168 0069 38       		.uleb128 0x38
 1169 006a 0B       		.uleb128 0xb
 1170 006b 00       		.byte	0
 1171 006c 00       		.byte	0
 1172 006d 0A       		.uleb128 0xa
 1173 006e 2E       		.uleb128 0x2e
 1174 006f 01       		.byte	0x1
 1175 0070 03       		.uleb128 0x3
 1176 0071 0E       		.uleb128 0xe
 1177 0072 3A       		.uleb128 0x3a
 1178 0073 0B       		.uleb128 0xb
 1179 0074 3B       		.uleb128 0x3b
 1180 0075 0B       		.uleb128 0xb
 1181 0076 27       		.uleb128 0x27
 1182 0077 19       		.uleb128 0x19
 1183 0078 11       		.uleb128 0x11
 1184 0079 01       		.uleb128 0x1
 1185 007a 12       		.uleb128 0x12
 1186 007b 06       		.uleb128 0x6
 1187 007c 40       		.uleb128 0x40
 1188 007d 18       		.uleb128 0x18
 1189 007e 9642     		.uleb128 0x2116
 1190 0080 19       		.uleb128 0x19
 1191 0081 01       		.uleb128 0x1
 1192 0082 13       		.uleb128 0x13
 1193 0083 00       		.byte	0
 1194 0084 00       		.byte	0
 1195 0085 0B       		.uleb128 0xb
 1196 0086 05       		.uleb128 0x5
 1197 0087 00       		.byte	0
 1198 0088 03       		.uleb128 0x3
 1199 0089 08       		.uleb128 0x8
 1200 008a 3A       		.uleb128 0x3a
 1201 008b 0B       		.uleb128 0xb
 1202 008c 3B       		.uleb128 0x3b
 1203 008d 0B       		.uleb128 0xb
 1204 008e 49       		.uleb128 0x49
 1205 008f 13       		.uleb128 0x13
 1206 0090 02       		.uleb128 0x2
ARM GAS  C:\Users\dprdc\AppData\Local\Temp\ccdV7EmQ.s 			page 29


 1207 0091 18       		.uleb128 0x18
 1208 0092 00       		.byte	0
 1209 0093 00       		.byte	0
 1210 0094 0C       		.uleb128 0xc
 1211 0095 05       		.uleb128 0x5
 1212 0096 00       		.byte	0
 1213 0097 03       		.uleb128 0x3
 1214 0098 0E       		.uleb128 0xe
 1215 0099 3A       		.uleb128 0x3a
 1216 009a 0B       		.uleb128 0xb
 1217 009b 3B       		.uleb128 0x3b
 1218 009c 0B       		.uleb128 0xb
 1219 009d 49       		.uleb128 0x49
 1220 009e 13       		.uleb128 0x13
 1221 009f 02       		.uleb128 0x2
 1222 00a0 18       		.uleb128 0x18
 1223 00a1 00       		.byte	0
 1224 00a2 00       		.byte	0
 1225 00a3 0D       		.uleb128 0xd
 1226 00a4 0F       		.uleb128 0xf
 1227 00a5 00       		.byte	0
 1228 00a6 0B       		.uleb128 0xb
 1229 00a7 0B       		.uleb128 0xb
 1230 00a8 49       		.uleb128 0x49
 1231 00a9 13       		.uleb128 0x13
 1232 00aa 00       		.byte	0
 1233 00ab 00       		.byte	0
 1234 00ac 0E       		.uleb128 0xe
 1235 00ad 26       		.uleb128 0x26
 1236 00ae 00       		.byte	0
 1237 00af 00       		.byte	0
 1238 00b0 00       		.byte	0
 1239 00b1 0F       		.uleb128 0xf
 1240 00b2 2E       		.uleb128 0x2e
 1241 00b3 01       		.byte	0x1
 1242 00b4 03       		.uleb128 0x3
 1243 00b5 0E       		.uleb128 0xe
 1244 00b6 3A       		.uleb128 0x3a
 1245 00b7 0B       		.uleb128 0xb
 1246 00b8 3B       		.uleb128 0x3b
 1247 00b9 0B       		.uleb128 0xb
 1248 00ba 27       		.uleb128 0x27
 1249 00bb 19       		.uleb128 0x19
 1250 00bc 11       		.uleb128 0x11
 1251 00bd 01       		.uleb128 0x1
 1252 00be 12       		.uleb128 0x12
 1253 00bf 06       		.uleb128 0x6
 1254 00c0 40       		.uleb128 0x40
 1255 00c1 18       		.uleb128 0x18
 1256 00c2 9742     		.uleb128 0x2117
 1257 00c4 19       		.uleb128 0x19
 1258 00c5 01       		.uleb128 0x1
 1259 00c6 13       		.uleb128 0x13
 1260 00c7 00       		.byte	0
 1261 00c8 00       		.byte	0
 1262 00c9 10       		.uleb128 0x10
 1263 00ca 34       		.uleb128 0x34
ARM GAS  C:\Users\dprdc\AppData\Local\Temp\ccdV7EmQ.s 			page 30


 1264 00cb 00       		.byte	0
 1265 00cc 03       		.uleb128 0x3
 1266 00cd 08       		.uleb128 0x8
 1267 00ce 3A       		.uleb128 0x3a
 1268 00cf 0B       		.uleb128 0xb
 1269 00d0 3B       		.uleb128 0x3b
 1270 00d1 0B       		.uleb128 0xb
 1271 00d2 49       		.uleb128 0x49
 1272 00d3 13       		.uleb128 0x13
 1273 00d4 02       		.uleb128 0x2
 1274 00d5 18       		.uleb128 0x18
 1275 00d6 00       		.byte	0
 1276 00d7 00       		.byte	0
 1277 00d8 11       		.uleb128 0x11
 1278 00d9 0B       		.uleb128 0xb
 1279 00da 01       		.byte	0x1
 1280 00db 11       		.uleb128 0x11
 1281 00dc 01       		.uleb128 0x1
 1282 00dd 12       		.uleb128 0x12
 1283 00de 06       		.uleb128 0x6
 1284 00df 00       		.byte	0
 1285 00e0 00       		.byte	0
 1286 00e1 12       		.uleb128 0x12
 1287 00e2 34       		.uleb128 0x34
 1288 00e3 00       		.byte	0
 1289 00e4 03       		.uleb128 0x3
 1290 00e5 0E       		.uleb128 0xe
 1291 00e6 3A       		.uleb128 0x3a
 1292 00e7 0B       		.uleb128 0xb
 1293 00e8 3B       		.uleb128 0x3b
 1294 00e9 0B       		.uleb128 0xb
 1295 00ea 49       		.uleb128 0x49
 1296 00eb 13       		.uleb128 0x13
 1297 00ec 02       		.uleb128 0x2
 1298 00ed 18       		.uleb128 0x18
 1299 00ee 00       		.byte	0
 1300 00ef 00       		.byte	0
 1301 00f0 13       		.uleb128 0x13
 1302 00f1 26       		.uleb128 0x26
 1303 00f2 00       		.byte	0
 1304 00f3 49       		.uleb128 0x49
 1305 00f4 13       		.uleb128 0x13
 1306 00f5 00       		.byte	0
 1307 00f6 00       		.byte	0
 1308 00f7 14       		.uleb128 0x14
 1309 00f8 2E       		.uleb128 0x2e
 1310 00f9 00       		.byte	0
 1311 00fa 03       		.uleb128 0x3
 1312 00fb 0E       		.uleb128 0xe
 1313 00fc 3A       		.uleb128 0x3a
 1314 00fd 0B       		.uleb128 0xb
 1315 00fe 3B       		.uleb128 0x3b
 1316 00ff 0B       		.uleb128 0xb
 1317 0100 27       		.uleb128 0x27
 1318 0101 19       		.uleb128 0x19
 1319 0102 11       		.uleb128 0x11
 1320 0103 01       		.uleb128 0x1
ARM GAS  C:\Users\dprdc\AppData\Local\Temp\ccdV7EmQ.s 			page 31


 1321 0104 12       		.uleb128 0x12
 1322 0105 06       		.uleb128 0x6
 1323 0106 40       		.uleb128 0x40
 1324 0107 18       		.uleb128 0x18
 1325 0108 9642     		.uleb128 0x2116
 1326 010a 19       		.uleb128 0x19
 1327 010b 00       		.byte	0
 1328 010c 00       		.byte	0
 1329 010d 15       		.uleb128 0x15
 1330 010e 2E       		.uleb128 0x2e
 1331 010f 00       		.byte	0
 1332 0110 03       		.uleb128 0x3
 1333 0111 0E       		.uleb128 0xe
 1334 0112 3A       		.uleb128 0x3a
 1335 0113 0B       		.uleb128 0xb
 1336 0114 3B       		.uleb128 0x3b
 1337 0115 05       		.uleb128 0x5
 1338 0116 27       		.uleb128 0x27
 1339 0117 19       		.uleb128 0x19
 1340 0118 11       		.uleb128 0x11
 1341 0119 01       		.uleb128 0x1
 1342 011a 12       		.uleb128 0x12
 1343 011b 06       		.uleb128 0x6
 1344 011c 40       		.uleb128 0x40
 1345 011d 18       		.uleb128 0x18
 1346 011e 9742     		.uleb128 0x2117
 1347 0120 19       		.uleb128 0x19
 1348 0121 00       		.byte	0
 1349 0122 00       		.byte	0
 1350 0123 16       		.uleb128 0x16
 1351 0124 2E       		.uleb128 0x2e
 1352 0125 01       		.byte	0x1
 1353 0126 3F       		.uleb128 0x3f
 1354 0127 19       		.uleb128 0x19
 1355 0128 03       		.uleb128 0x3
 1356 0129 0E       		.uleb128 0xe
 1357 012a 3A       		.uleb128 0x3a
 1358 012b 0B       		.uleb128 0xb
 1359 012c 3B       		.uleb128 0x3b
 1360 012d 05       		.uleb128 0x5
 1361 012e 27       		.uleb128 0x27
 1362 012f 19       		.uleb128 0x19
 1363 0130 11       		.uleb128 0x11
 1364 0131 01       		.uleb128 0x1
 1365 0132 12       		.uleb128 0x12
 1366 0133 06       		.uleb128 0x6
 1367 0134 40       		.uleb128 0x40
 1368 0135 18       		.uleb128 0x18
 1369 0136 9642     		.uleb128 0x2116
 1370 0138 19       		.uleb128 0x19
 1371 0139 01       		.uleb128 0x1
 1372 013a 13       		.uleb128 0x13
 1373 013b 00       		.byte	0
 1374 013c 00       		.byte	0
 1375 013d 17       		.uleb128 0x17
 1376 013e 34       		.uleb128 0x34
 1377 013f 00       		.byte	0
ARM GAS  C:\Users\dprdc\AppData\Local\Temp\ccdV7EmQ.s 			page 32


 1378 0140 03       		.uleb128 0x3
 1379 0141 0E       		.uleb128 0xe
 1380 0142 3A       		.uleb128 0x3a
 1381 0143 0B       		.uleb128 0xb
 1382 0144 3B       		.uleb128 0x3b
 1383 0145 05       		.uleb128 0x5
 1384 0146 49       		.uleb128 0x49
 1385 0147 13       		.uleb128 0x13
 1386 0148 02       		.uleb128 0x2
 1387 0149 18       		.uleb128 0x18
 1388 014a 00       		.byte	0
 1389 014b 00       		.byte	0
 1390 014c 18       		.uleb128 0x18
 1391 014d 13       		.uleb128 0x13
 1392 014e 01       		.byte	0x1
 1393 014f 0B       		.uleb128 0xb
 1394 0150 0B       		.uleb128 0xb
 1395 0151 3A       		.uleb128 0x3a
 1396 0152 0B       		.uleb128 0xb
 1397 0153 3B       		.uleb128 0x3b
 1398 0154 05       		.uleb128 0x5
 1399 0155 01       		.uleb128 0x1
 1400 0156 13       		.uleb128 0x13
 1401 0157 00       		.byte	0
 1402 0158 00       		.byte	0
 1403 0159 19       		.uleb128 0x19
 1404 015a 0D       		.uleb128 0xd
 1405 015b 00       		.byte	0
 1406 015c 03       		.uleb128 0x3
 1407 015d 0E       		.uleb128 0xe
 1408 015e 3A       		.uleb128 0x3a
 1409 015f 0B       		.uleb128 0xb
 1410 0160 3B       		.uleb128 0x3b
 1411 0161 05       		.uleb128 0x5
 1412 0162 49       		.uleb128 0x49
 1413 0163 13       		.uleb128 0x13
 1414 0164 38       		.uleb128 0x38
 1415 0165 0B       		.uleb128 0xb
 1416 0166 00       		.byte	0
 1417 0167 00       		.byte	0
 1418 0168 1A       		.uleb128 0x1a
 1419 0169 01       		.uleb128 0x1
 1420 016a 01       		.byte	0x1
 1421 016b 49       		.uleb128 0x49
 1422 016c 13       		.uleb128 0x13
 1423 016d 01       		.uleb128 0x1
 1424 016e 13       		.uleb128 0x13
 1425 016f 00       		.byte	0
 1426 0170 00       		.byte	0
 1427 0171 1B       		.uleb128 0x1b
 1428 0172 21       		.uleb128 0x21
 1429 0173 00       		.byte	0
 1430 0174 49       		.uleb128 0x49
 1431 0175 13       		.uleb128 0x13
 1432 0176 2F       		.uleb128 0x2f
 1433 0177 0B       		.uleb128 0xb
 1434 0178 00       		.byte	0
ARM GAS  C:\Users\dprdc\AppData\Local\Temp\ccdV7EmQ.s 			page 33


 1435 0179 00       		.byte	0
 1436 017a 1C       		.uleb128 0x1c
 1437 017b 34       		.uleb128 0x34
 1438 017c 00       		.byte	0
 1439 017d 03       		.uleb128 0x3
 1440 017e 08       		.uleb128 0x8
 1441 017f 3A       		.uleb128 0x3a
 1442 0180 0B       		.uleb128 0xb
 1443 0181 3B       		.uleb128 0x3b
 1444 0182 05       		.uleb128 0x5
 1445 0183 49       		.uleb128 0x49
 1446 0184 13       		.uleb128 0x13
 1447 0185 02       		.uleb128 0x2
 1448 0186 18       		.uleb128 0x18
 1449 0187 00       		.byte	0
 1450 0188 00       		.byte	0
 1451 0189 00       		.byte	0
 1452              		.section	.debug_aranges,"",%progbits
 1453 0000 4C000000 		.4byte	0x4c
 1454 0004 0200     		.2byte	0x2
 1455 0006 00000000 		.4byte	.Ldebug_info0
 1456 000a 04       		.byte	0x4
 1457 000b 00       		.byte	0
 1458 000c 0000     		.2byte	0
 1459 000e 0000     		.2byte	0
 1460 0010 00000000 		.4byte	.LFB2
 1461 0014 1E000000 		.4byte	.LFE2-.LFB2
 1462 0018 00000000 		.4byte	.LFB3
 1463 001c 20000000 		.4byte	.LFE3-.LFB3
 1464 0020 00000000 		.4byte	.LFB4
 1465 0024 20000000 		.4byte	.LFE4-.LFB4
 1466 0028 00000000 		.4byte	.LFB5
 1467 002c 82000000 		.4byte	.LFE5-.LFB5
 1468 0030 00000000 		.4byte	.LFB6
 1469 0034 14010000 		.4byte	.LFE6-.LFB6
 1470 0038 00000000 		.4byte	.LFB7
 1471 003c 28000000 		.4byte	.LFE7-.LFB7
 1472 0040 14010000 		.4byte	.LFB8
 1473 0044 04010000 		.4byte	.LFE8-.LFB8
 1474 0048 00000000 		.4byte	0
 1475 004c 00000000 		.4byte	0
 1476              		.section	.debug_ranges,"",%progbits
 1477              	.Ldebug_ranges0:
 1478 0000 00000000 		.4byte	.LFB2
 1479 0004 1E000000 		.4byte	.LFE2
 1480 0008 00000000 		.4byte	.LFB3
 1481 000c 20000000 		.4byte	.LFE3
 1482 0010 00000000 		.4byte	.LFB4
 1483 0014 20000000 		.4byte	.LFE4
 1484 0018 00000000 		.4byte	.LFB5
 1485 001c 82000000 		.4byte	.LFE5
 1486 0020 00000000 		.4byte	.LFB6
 1487 0024 14010000 		.4byte	.LFE6
 1488 0028 00000000 		.4byte	.LFB7
 1489 002c 28000000 		.4byte	.LFE7
 1490 0030 14010000 		.4byte	.LFB8
 1491 0034 18020000 		.4byte	.LFE8
ARM GAS  C:\Users\dprdc\AppData\Local\Temp\ccdV7EmQ.s 			page 34


 1492 0038 00000000 		.4byte	0
 1493 003c 00000000 		.4byte	0
 1494              		.section	.debug_line,"",%progbits
 1495              	.Ldebug_line0:
 1496 0000 9B010000 		.section	.debug_str,"MS",%progbits,1
 1496      0200CB00 
 1496      00000201 
 1496      FB0E0D00 
 1496      01010101 
 1497              	.LASF19:
 1498 0000 72656733 		.ascii	"reg32\000"
 1498      3200
 1499              	.LASF12:
 1500 0006 73697A65 		.ascii	"size_t\000"
 1500      5F7400
 1501              	.LASF33:
 1502 000d 416E616C 		.ascii	"AnalogSetDefault\000"
 1502      6F675365 
 1502      74446566 
 1502      61756C74 
 1502      00
 1503              	.LASF21:
 1504 001e 76616C75 		.ascii	"value\000"
 1504      6500
 1505              	.LASF31:
 1506 0024 636F756E 		.ascii	"count\000"
 1506      7400
 1507              	.LASF32:
 1508 002a 436C6F63 		.ascii	"ClockSetup\000"
 1508      6B536574 
 1508      757000
 1509              	.LASF34:
 1510 0035 63795F63 		.ascii	"cy_cfg_addr_table\000"
 1510      66675F61 
 1510      6464725F 
 1510      7461626C 
 1510      6500
 1511              	.LASF35:
 1512 0047 63795F63 		.ascii	"cy_cfg_data_table\000"
 1512      66675F64 
 1512      6174615F 
 1512      7461626C 
 1512      6500
 1513              	.LASF22:
 1514 0059 63795F63 		.ascii	"cy_cfg_addrvalue_t\000"
 1514      66675F61 
 1514      64647276 
 1514      616C7565 
 1514      5F7400
 1515              	.LASF16:
 1516 006c 666C6F61 		.ascii	"float\000"
 1516      7400
 1517              	.LASF25:
 1518 0072 64657374 		.ascii	"dest\000"
 1518      00
 1519              	.LASF39:
 1520 0077 6366675F 		.ascii	"cfg_memset_list\000"
ARM GAS  C:\Users\dprdc\AppData\Local\Temp\ccdV7EmQ.s 			page 35


 1520      6D656D73 
 1520      65745F6C 
 1520      69737400 
 1521              	.LASF37:
 1522 0087 73697A65 		.ascii	"size\000"
 1522      00
 1523              	.LASF18:
 1524 008c 72656738 		.ascii	"reg8\000"
 1524      00
 1525              	.LASF8:
 1526 0091 6C6F6E67 		.ascii	"long unsigned int\000"
 1526      20756E73 
 1526      69676E65 
 1526      6420696E 
 1526      7400
 1527              	.LASF13:
 1528 00a3 75696E74 		.ascii	"uint8\000"
 1528      3800
 1529              	.LASF23:
 1530 00a9 43594D45 		.ascii	"CYMEMZERO\000"
 1530      4D5A4552 
 1530      4F00
 1531              	.LASF40:
 1532 00b3 474E5520 		.ascii	"GNU C11 5.4.1 20160609 (release) [ARM/embedded-5-br"
 1532      43313120 
 1532      352E342E 
 1532      31203230 
 1532      31363036 
 1533 00e6 616E6368 		.ascii	"anch revision 237715] -mcpu=cortex-m0 -mthumb -g -O"
 1533      20726576 
 1533      6973696F 
 1533      6E203233 
 1533      37373135 
 1534 0119 30202D66 		.ascii	"0 -ffunction-sections -ffat-lto-objects\000"
 1534      66756E63 
 1534      74696F6E 
 1534      2D736563 
 1534      74696F6E 
 1535              	.LASF4:
 1536 0141 756E7369 		.ascii	"unsigned char\000"
 1536      676E6564 
 1536      20636861 
 1536      7200
 1537              	.LASF17:
 1538 014f 646F7562 		.ascii	"double\000"
 1538      6C6500
 1539              	.LASF27:
 1540 0156 6366675F 		.ascii	"cfg_write_bytes32\000"
 1540      77726974 
 1540      655F6279 
 1540      74657333 
 1540      3200
 1541              	.LASF43:
 1542 0168 63796669 		.ascii	"cyfitter_cfg\000"
 1542      74746572 
 1542      5F636667 
 1542      00
ARM GAS  C:\Users\dprdc\AppData\Local\Temp\ccdV7EmQ.s 			page 36


 1543              	.LASF28:
 1544 0175 61646472 		.ascii	"addr_table\000"
 1544      5F746162 
 1544      6C6500
 1545              	.LASF14:
 1546 0180 75696E74 		.ascii	"uint16\000"
 1546      313600
 1547              	.LASF29:
 1548 0187 64617461 		.ascii	"data_table\000"
 1548      5F746162 
 1548      6C6500
 1549              	.LASF15:
 1550 0192 75696E74 		.ascii	"uint32\000"
 1550      333200
 1551              	.LASF0:
 1552 0199 756E7369 		.ascii	"unsigned int\000"
 1552      676E6564 
 1552      20696E74 
 1552      00
 1553              	.LASF36:
 1554 01a6 61646472 		.ascii	"address\000"
 1554      65737300 
 1555              	.LASF9:
 1556 01ae 6C6F6E67 		.ascii	"long long unsigned int\000"
 1556      206C6F6E 
 1556      6720756E 
 1556      7369676E 
 1556      65642069 
 1557              	.LASF38:
 1558 01c5 6366675F 		.ascii	"cfg_memset_t\000"
 1558      6D656D73 
 1558      65745F74 
 1558      00
 1559              	.LASF30:
 1560 01d2 62617365 		.ascii	"baseAddr\000"
 1560      41646472 
 1560      00
 1561              	.LASF10:
 1562 01db 73697A65 		.ascii	"sizetype\000"
 1562      74797065 
 1562      00
 1563              	.LASF6:
 1564 01e4 73686F72 		.ascii	"short unsigned int\000"
 1564      7420756E 
 1564      7369676E 
 1564      65642069 
 1564      6E7400
 1565              	.LASF1:
 1566 01f7 6C6F6E67 		.ascii	"long long int\000"
 1566      206C6F6E 
 1566      6720696E 
 1566      7400
 1567              	.LASF11:
 1568 0205 63686172 		.ascii	"char\000"
 1568      00
 1569              	.LASF42:
 1570 020a 433A5C55 		.ascii	"C:\\Users\\dprdc\\OneDrive\\Documents\\Capstone\\ST"
ARM GAS  C:\Users\dprdc\AppData\Local\Temp\ccdV7EmQ.s 			page 37


 1570      73657273 
 1570      5C647072 
 1570      64635C4F 
 1570      6E654472 
 1571 0237 454D426F 		.ascii	"EMBoT-2-UEXT-Modules\\Software\\EZ BLE\\PSoC Worksp"
 1571      542D322D 
 1571      55455854 
 1571      2D4D6F64 
 1571      756C6573 
 1572 0267 6163655C 		.ascii	"ace\\findMeTutorial.cydsn\000"
 1572      66696E64 
 1572      4D655475 
 1572      746F7269 
 1572      616C2E63 
 1573              	.LASF20:
 1574 0280 6F666673 		.ascii	"offset\000"
 1574      657400
 1575              	.LASF5:
 1576 0287 73686F72 		.ascii	"short int\000"
 1576      7420696E 
 1576      7400
 1577              	.LASF7:
 1578 0291 6C6F6E67 		.ascii	"long int\000"
 1578      20696E74 
 1578      00
 1579              	.LASF2:
 1580 029a 6C6F6E67 		.ascii	"long double\000"
 1580      20646F75 
 1580      626C6500 
 1581              	.LASF3:
 1582 02a6 7369676E 		.ascii	"signed char\000"
 1582      65642063 
 1582      68617200 
 1583              	.LASF41:
 1584 02b2 47656E65 		.ascii	"Generated_Source\\PSoC4\\cyfitter_cfg.c\000"
 1584      72617465 
 1584      645F536F 
 1584      75726365 
 1584      5C50536F 
 1585              	.LASF26:
 1586 02d8 4359434F 		.ascii	"CYCONFIGCPYCODE\000"
 1586      4E464947 
 1586      43505943 
 1586      4F444500 
 1587              	.LASF24:
 1588 02e8 4359434F 		.ascii	"CYCONFIGCPY\000"
 1588      4E464947 
 1588      43505900 
 1589              		.ident	"GCC: (GNU Tools for ARM Embedded Processors) 5.4.1 20160609 (release) [ARM/embedded-5-bran
