Archive member included to satisfy reference by file (symbol)

/Users/danielfaronbi/Google Drive/UNO/Fall 2019 Semmester/Embedded Microcontrollers/LPC Workspace/lpc_chip_40xx/Debug/liblpc_chip_40xx.a(chip_17xx_40xx.o)
                              ./src/Test.o (SystemCoreClockUpdate)
/Users/danielfaronbi/Google Drive/UNO/Fall 2019 Semmester/Embedded Microcontrollers/LPC Workspace/lpc_chip_40xx/Debug/liblpc_chip_40xx.a(clock_17xx_40xx.o)
                              /Users/danielfaronbi/Google Drive/UNO/Fall 2019 Semmester/Embedded Microcontrollers/LPC Workspace/lpc_chip_40xx/Debug/liblpc_chip_40xx.a(chip_17xx_40xx.o) (Chip_Clock_SetupPLL)
/Users/danielfaronbi/Google Drive/UNO/Fall 2019 Semmester/Embedded Microcontrollers/LPC Workspace/lpc_chip_40xx/Debug/liblpc_chip_40xx.a(fpu_init.o)
                              ./src/sysinit.o (fpuInit)
/Users/danielfaronbi/Google Drive/UNO/Fall 2019 Semmester/Embedded Microcontrollers/LPC Workspace/lpc_chip_40xx/Debug/liblpc_chip_40xx.a(sysinit_17xx_40xx.o)
                              ./src/sysinit.o (Chip_SystemInit)
/Applications/MCUXpressoIDE_11.1.0_3209/ide/plugins/com.nxp.mcuxpresso.tools.macosx_11.1.0.201909161352/tools/bin/../lib/gcc/arm-none-eabi/8.3.1/../../../../arm-none-eabi/lib/thumb/v7e-m+fp/softfp/libcr_c.a(__weak__main.o)
                              ./src/cr_startup_lpc407x_8x.o (__main)

Allocating common symbols
Common symbol       size              file

SystemCoreClock     0x4               /Users/danielfaronbi/Google Drive/UNO/Fall 2019 Semmester/Embedded Microcontrollers/LPC Workspace/lpc_chip_40xx/Debug/liblpc_chip_40xx.a(chip_17xx_40xx.o)

Discarded input sections

 .group         0x0000000000000000        0x8 ./src/Test.o
 .group         0x0000000000000000        0x8 ./src/Test.o
 .group         0x0000000000000000        0x8 ./src/Test.o
 .group         0x0000000000000000        0x8 ./src/Test.o
 .group         0x0000000000000000        0x8 ./src/Test.o
 .group         0x0000000000000000        0x8 ./src/Test.o
 .group         0x0000000000000000        0x8 ./src/Test.o
 .group         0x0000000000000000        0x8 ./src/Test.o
 .group         0x0000000000000000        0x8 ./src/Test.o
 .group         0x0000000000000000        0x8 ./src/Test.o
 .group         0x0000000000000000        0x8 ./src/Test.o
 .group         0x0000000000000000        0x8 ./src/Test.o
 .group         0x0000000000000000        0x8 ./src/Test.o
 .group         0x0000000000000000        0x8 ./src/Test.o
 .group         0x0000000000000000        0x8 ./src/Test.o
 .group         0x0000000000000000        0x8 ./src/Test.o
 .group         0x0000000000000000        0x8 ./src/Test.o
 .group         0x0000000000000000        0x8 ./src/Test.o
 .group         0x0000000000000000        0x8 ./src/Test.o
 .group         0x0000000000000000        0x8 ./src/Test.o
 .group         0x0000000000000000        0x8 ./src/Test.o
 .group         0x0000000000000000        0x8 ./src/Test.o
 .group         0x0000000000000000        0x8 ./src/Test.o
 .group         0x0000000000000000        0x8 ./src/Test.o
 .group         0x0000000000000000        0x8 ./src/Test.o
 .group         0x0000000000000000        0x8 ./src/Test.o
 .group         0x0000000000000000        0x8 ./src/Test.o
 .group         0x0000000000000000        0x8 ./src/Test.o
 .group         0x0000000000000000        0x8 ./src/Test.o
 .group         0x0000000000000000        0x8 ./src/Test.o
 .group         0x0000000000000000        0x8 ./src/Test.o
 .group         0x0000000000000000        0x8 ./src/Test.o
 .group         0x0000000000000000        0x8 ./src/Test.o
 .group         0x0000000000000000        0x8 ./src/Test.o
 .group         0x0000000000000000        0x8 ./src/Test.o
 .group         0x0000000000000000        0x8 ./src/Test.o
 .group         0x0000000000000000        0x8 ./src/Test.o
 .group         0x0000000000000000        0x8 ./src/Test.o
 .group         0x0000000000000000        0x8 ./src/Test.o
 .group         0x0000000000000000        0x8 ./src/Test.o
 .group         0x0000000000000000        0x8 ./src/Test.o
 .group         0x0000000000000000        0x8 ./src/Test.o
 .group         0x0000000000000000        0x8 ./src/Test.o
 .group         0x0000000000000000        0x8 ./src/Test.o
 .group         0x0000000000000000        0x8 ./src/Test.o
 .text          0x0000000000000000        0x0 ./src/Test.o
 .data          0x0000000000000000        0x0 ./src/Test.o
 .bss           0x0000000000000000        0x0 ./src/Test.o
 .group         0x0000000000000000        0x8 ./src/cr_startup_lpc407x_8x.o
 .text          0x0000000000000000        0x0 ./src/cr_startup_lpc407x_8x.o
 .data          0x0000000000000000        0x0 ./src/cr_startup_lpc407x_8x.o
 .bss           0x0000000000000000        0x0 ./src/cr_startup_lpc407x_8x.o
 .debug_macro   0x0000000000000000      0x8aa ./src/cr_startup_lpc407x_8x.o
 .group         0x0000000000000000        0x8 ./src/crp.o
 .group         0x0000000000000000        0x8 ./src/crp.o
[...]
Memory Configuration

Name             Origin             Length             Attributes
MFlash512        0x0000000000000000 0x0000000000080000 xr
RamLoc64         0x0000000010000000 0x0000000000010000 xrw
RamPeriph32      0x0000000020000000 0x0000000000008000 xrw
*default*        0x0000000000000000 0xffffffffffffffff

Linker script and memory map

LOAD ./src/Test.o
LOAD ./src/cr_startup_lpc407x_8x.o
LOAD ./src/crp.o
LOAD ./src/sysinit.o
LOAD /Users/danielfaronbi/Google Drive/UNO/Fall 2019 Semmester/Embedded Microcontrollers/LPC Workspace/lpc_chip_40xx/Debug/liblpc_chip_40xx.a
START GROUP
LOAD /Applications/MCUXpressoIDE_11.1.0_3209/ide/plugins/com.nxp.mcuxpresso.tools.macosx_11.1.0.201909161352/tools/bin/../lib/gcc/arm-none-eabi/8.3.1/../../../../arm-none-eabi/lib/thumb/v7e-m+fp/softfp/libcr_c.a
LOAD /Applications/MCUXpressoIDE_11.1.0_3209/ide/plugins/com.nxp.mcuxpresso.tools.macosx_11.1.0.201909161352/tools/bin/../lib/gcc/arm-none-eabi/8.3.1/thumb/v7e-m+fp/softfp/libcr_eabihelpers.a
LOAD /Applications/MCUXpressoIDE_11.1.0_3209/ide/plugins/com.nxp.mcuxpresso.tools.macosx_11.1.0.201909161352/tools/bin/../lib/gcc/arm-none-eabi/8.3.1/thumb/v7e-m+fp/softfp/libgcc.a
END GROUP
                0x0000000000000000                __base_MFlash512 = 0x0
                0x0000000000000000                __base_Flash = 0x0
                0x0000000000080000                __top_MFlash512 = 0x80000
                0x0000000000080000                __top_Flash = 0x80000
                0x0000000010000000                __base_RamLoc64 = 0x10000000
                0x0000000010000000                __base_RAM = 0x10000000
                0x0000000010010000                __top_RamLoc64 = 0x10010000
                0x0000000010010000                __top_RAM = 0x10010000
                0x0000000020000000                __base_RamPeriph32 = 0x20000000
                0x0000000020000000                __base_RAM2 = 0x20000000
                0x0000000020008000                __top_RamPeriph32 = 0x20008000
                0x0000000020008000                __top_RAM2 = 0x20008000

.text           0x0000000000000000      0xa5c
 FILL mask 0xff
                0x0000000000000000                __vectors_start__ = ABSOLUTE (.)
 *(.isr_vector)
 .isr_vector    0x0000000000000000       0xe4 ./src/cr_startup_lpc407x_8x.o
                0x0000000000000000                g_pfnVectors
                0x00000000000000e4                . = ALIGN (0x4)
                0x00000000000000e4                __section_table_start = .
                0x00000000000000e4                __data_section_table = .
                0x00000000000000e4        0x4 LONG 0xa5c LOADADDR (.data)
                0x00000000000000e8        0x4 LONG 0x10000000 ADDR (.data)
                0x00000000000000ec        0x4 LONG 0x0 SIZEOF (.data)
                0x00000000000000f0        0x4 LONG 0xa5c LOADADDR (.data_RAM2)
                0x00000000000000f4        0x4 LONG 0x20000000 ADDR (.data_RAM2)
                0x00000000000000f8        0x4 LONG 0x0 SIZEOF (.data_RAM2)
                0x00000000000000fc                __data_section_table_end = .
                0x00000000000000fc                __bss_section_table = .
                0x00000000000000fc        0x4 LONG 0x10000000 ADDR (.bss)
                0x0000000000000100        0x4 LONG 0x8 SIZEOF (.bss)
                0x0000000000000104        0x4 LONG 0x20000000 ADDR (.bss_RAM2)
                0x0000000000000108        0x4 LONG 0x0 SIZEOF (.bss_RAM2)
                0x000000000000010c                __bss_section_table_end = .
                0x000000000000010c                __section_table_end = .
 *(.after_vectors*)
 .after_vectors
                0x000000000000010c      0x168 ./src/cr_startup_lpc407x_8x.o
                0x000000000000010c                data_init
                0x0000000000000150                bss_init
                0x0000000000000188                ResetISR
                0x0000000000000220                NMI_Handler
                0x0000000000000228                HardFault_Handler
                0x0000000000000230                MemManage_Handler
                0x0000000000000238                BusFault_Handler
                0x0000000000000240                UsageFault_Handler
                0x0000000000000248                SVC_Handler
                0x0000000000000250                DebugMon_Handler
                0x0000000000000258                PendSV_Handler
                0x0000000000000260                SysTick_Handler
                0x0000000000000268                TIMER3_IRQHandler
                0x0000000000000268                UART0_IRQHandler
                0x0000000000000268                IntDefaultHandler
                0x0000000000000268                PLL0_IRQHandler
                0x0000000000000268                CAN_IRQHandler
                0x0000000000000268                PLL1_IRQHandler
                0x0000000000000268                SSP0_IRQHandler
                0x0000000000000268                I2S_IRQHandler
                0x0000000000000268                I2C2_IRQHandler
                0x0000000000000268                RTC_IRQHandler
                0x0000000000000268                TIMER0_IRQHandler
                0x0000000000000268                SPI_IRQHandler
                0x0000000000000268                LCD_IRQHandler
                0x0000000000000268                EINT1_IRQHandler
                0x0000000000000268                TIMER1_IRQHandler
                0x0000000000000268                UART2_IRQHandler
                0x0000000000000268                UART4_IRQHandler
                0x0000000000000268                ADC_IRQHandler
                0x0000000000000268                SSP1_IRQHandler
                0x0000000000000268                USB_IRQHandler
                0x0000000000000268                BOD_IRQHandler
                0x0000000000000268                WDT_IRQHandler
                0x0000000000000268                QEI_IRQHandler
                0x0000000000000268                EINT0_IRQHandler
                0x0000000000000268                ETH_IRQHandler
                0x0000000000000268                PWM0_IRQHandler
                0x0000000000000268                SSP2_IRQHandler
                0x0000000000000268                EEPROM_IRQHandler
                0x0000000000000268                DMA_IRQHandler
                0x0000000000000268                UART3_IRQHandler
                0x0000000000000268                GPIO_IRQHandler
                0x0000000000000268                MCPWM_IRQHandler
                0x0000000000000268                TIMER2_IRQHandler
                0x0000000000000268                RIT_IRQHandler
                0x0000000000000268                I2C0_IRQHandler
                0x0000000000000268                USBActivity_IRQHandler
                0x0000000000000268                PWM1_IRQHandler
                0x0000000000000268                SDIO_IRQHandler
                0x0000000000000268                I2C1_IRQHandler
                0x0000000000000268                EINT2_IRQHandler
                0x0000000000000268                UART1_IRQHandler
                0x0000000000000268                EINT3_IRQHandler
                0x0000000000000268                CANActivity_IRQHandler
                0x00000000000002fc                . = 0x2fc
 *fill*         0x0000000000000274       0x88 ff
                0x00000000000002fc                PROVIDE (__CRP_WORD_START__ = .)
 *(.crp)
 .crp           0x00000000000002fc        0x4 ./src/crp.o
                0x00000000000002fc                CRP_WORD
                0x0000000000000300                PROVIDE (__CRP_WORD_END__ = .)
                0x0000000000000001                ASSERT (! ((__CRP_WORD_START__ == __CRP_WORD_END__)), Linker CRP Enabled, but no CRP_WORD provided within application)
 *(.text*)
 .text.Chip_GPIO_Init
                0x0000000000000300       0x18 ./src/Test.o
 .text.Chip_GPIO_SetPinState
                0x0000000000000318       0x6c ./src/Test.o
 .text.Chip_GPIO_WritePortBit
                0x0000000000000384       0x2c ./src/Test.o
 .text.Chip_GPIO_SetPinDIROutput
                0x00000000000003b0       0x3c ./src/Test.o
 .text.Chip_GPIO_SetPinDIRInput
                0x00000000000003ec       0x3c ./src/Test.o
 .text.Chip_GPIO_SetPinDIR
                0x0000000000000428       0x44 ./src/Test.o
 .text.Chip_GPIO_WriteDirBit
                0x000000000000046c       0x30 ./src/Test.o
 .text.main     0x000000000000049c       0xb4 ./src/Test.o
                0x000000000000049c                main
 .text.SystemInit
                0x0000000000000550       0x28 ./src/sysinit.o
                0x0000000000000550                SystemInit
 .text.SystemCoreClockUpdate
                0x0000000000000578       0x18 /Users/danielfaronbi/Google Drive/UNO/Fall 2019 Semmester/Embedded Microcontrollers/LPC Workspace/lpc_chip_40xx/Debug/liblpc_chip_40xx.a(chip_17xx_40xx.o)
                0x0000000000000578                SystemCoreClockUpdate
 .text.Chip_Clock_IsMainPLLEnabled
                0x0000000000000590       0x28 /Users/danielfaronbi/Google Drive/UNO/Fall 2019 Semmester/Embedded Microcontrollers/LPC Workspace/lpc_chip_40xx/Debug/liblpc_chip_40xx.a(clock_17xx_40xx.o)
 .text.Chip_Clock_FeedPLL
                0x00000000000005b8       0x38 /Users/danielfaronbi/Google Drive/UNO/Fall 2019 Semmester/Embedded Microcontrollers/LPC Workspace/lpc_chip_40xx/Debug/liblpc_chip_40xx.a(clock_17xx_40xx.o)
 .text.Chip_Clock_GetMainPLLSource
                0x00000000000005f0       0x20 /Users/danielfaronbi/Google Drive/UNO/Fall 2019 Semmester/Embedded Microcontrollers/LPC Workspace/lpc_chip_40xx/Debug/liblpc_chip_40xx.a(clock_17xx_40xx.o)
 .text.Chip_Clock_GetMainOscRate
                0x0000000000000610       0x18 /Users/danielfaronbi/Google Drive/UNO/Fall 2019 Semmester/Embedded Microcontrollers/LPC Workspace/lpc_chip_40xx/Debug/liblpc_chip_40xx.a(clock_17xx_40xx.o)
 .text.Chip_Clock_GetIntOscRate
                0x0000000000000628       0x14 /Users/danielfaronbi/Google Drive/UNO/Fall 2019 Semmester/Embedded Microcontrollers/LPC Workspace/lpc_chip_40xx/Debug/liblpc_chip_40xx.a(clock_17xx_40xx.o)
 .text.Chip_Clock_GetMainPLLInClockRate
                0x000000000000063c       0x10 /Users/danielfaronbi/Google Drive/UNO/Fall 2019 Semmester/Embedded Microcontrollers/LPC Workspace/lpc_chip_40xx/Debug/liblpc_chip_40xx.a(clock_17xx_40xx.o)
 .text.Chip_Clock_EnablePLL
                0x000000000000064c       0x44 /Users/danielfaronbi/Google Drive/UNO/Fall 2019 Semmester/Embedded Microcontrollers/LPC Workspace/lpc_chip_40xx/Debug/liblpc_chip_40xx.a(clock_17xx_40xx.o)
                0x000000000000064c                Chip_Clock_EnablePLL
 .text.Chip_Clock_DisablePLL
                0x0000000000000690       0x48 /Users/danielfaronbi/Google Drive/UNO/Fall 2019 Semmester/Embedded Microcontrollers/LPC Workspace/lpc_chip_40xx/Debug/liblpc_chip_40xx.a(clock_17xx_40xx.o)
                0x0000000000000690                Chip_Clock_DisablePLL
 .text.Chip_Clock_SetupPLL
                0x00000000000006d8       0x4c /Users/danielfaronbi/Google Drive/UNO/Fall 2019 Semmester/Embedded Microcontrollers/LPC Workspace/lpc_chip_40xx/Debug/liblpc_chip_40xx.a(clock_17xx_40xx.o)
                0x00000000000006d8                Chip_Clock_SetupPLL
 .text.Chip_Clock_EnablePeriphClock
                0x0000000000000724       0x54 /Users/danielfaronbi/Google Drive/UNO/Fall 2019 Semmester/Embedded Microcontrollers/LPC Workspace/lpc_chip_40xx/Debug/liblpc_chip_40xx.a(clock_17xx_40xx.o)
                0x0000000000000724                Chip_Clock_EnablePeriphClock
 .text.Chip_Clock_SetCPUClockSource
                0x0000000000000778       0x44 /Users/danielfaronbi/Google Drive/UNO/Fall 2019 Semmester/Embedded Microcontrollers/LPC Workspace/lpc_chip_40xx/Debug/liblpc_chip_40xx.a(clock_17xx_40xx.o)
                0x0000000000000778                Chip_Clock_SetCPUClockSource
 .text.Chip_Clock_GetCPUClockSource
                0x00000000000007bc       0x30 /Users/danielfaronbi/Google Drive/UNO/Fall 2019 Semmester/Embedded Microcontrollers/LPC Workspace/lpc_chip_40xx/Debug/liblpc_chip_40xx.a(clock_17xx_40xx.o)
                0x00000000000007bc                Chip_Clock_GetCPUClockSource
 .text.Chip_Clock_SetCPUClockDiv
                0x00000000000007ec       0x30 /Users/danielfaronbi/Google Drive/UNO/Fall 2019 Semmester/Embedded Microcontrollers/LPC Workspace/lpc_chip_40xx/Debug/liblpc_chip_40xx.a(clock_17xx_40xx.o)
                0x00000000000007ec                Chip_Clock_SetCPUClockDiv
 .text.Chip_Clock_GetCPUClockDiv
                0x000000000000081c       0x1c /Users/danielfaronbi/Google Drive/UNO/Fall 2019 Semmester/Embedded Microcontrollers/LPC Workspace/lpc_chip_40xx/Debug/liblpc_chip_40xx.a(clock_17xx_40xx.o)
                0x000000000000081c                Chip_Clock_GetCPUClockDiv
 .text.Chip_Clock_GetSYSCLKRate
                0x0000000000000838       0x2c /Users/danielfaronbi/Google Drive/UNO/Fall 2019 Semmester/Embedded Microcontrollers/LPC Workspace/lpc_chip_40xx/Debug/liblpc_chip_40xx.a(clock_17xx_40xx.o)
                0x0000000000000838                Chip_Clock_GetSYSCLKRate
 .text.Chip_Clock_GetMainPLLOutClockRate
                0x0000000000000864       0x40 /Users/danielfaronbi/Google Drive/UNO/Fall 2019 Semmester/Embedded Microcontrollers/LPC Workspace/lpc_chip_40xx/Debug/liblpc_chip_40xx.a(clock_17xx_40xx.o)
                0x0000000000000864                Chip_Clock_GetMainPLLOutClockRate
 .text.Chip_Clock_GetMainClockRate
                0x00000000000008a4       0x28 /Users/danielfaronbi/Google Drive/UNO/Fall 2019 Semmester/Embedded Microcontrollers/LPC Workspace/lpc_chip_40xx/Debug/liblpc_chip_40xx.a(clock_17xx_40xx.o)
                0x00000000000008a4                Chip_Clock_GetMainClockRate
 .text.Chip_Clock_GetSystemClockRate
                0x00000000000008cc       0x18 /Users/danielfaronbi/Google Drive/UNO/Fall 2019 Semmester/Embedded Microcontrollers/LPC Workspace/lpc_chip_40xx/Debug/liblpc_chip_40xx.a(clock_17xx_40xx.o)
                0x00000000000008cc                Chip_Clock_GetSystemClockRate
 .text.fpuInit  0x00000000000008e4       0x74 /Users/danielfaronbi/Google Drive/UNO/Fall 2019 Semmester/Embedded Microcontrollers/LPC Workspace/lpc_chip_40xx/Debug/liblpc_chip_40xx.a(fpu_init.o)
                0x00000000000008e4                fpuInit
 .text.Chip_Clock_IsMainPLLEnabled
                0x0000000000000958       0x28 /Users/danielfaronbi/Google Drive/UNO/Fall 2019 Semmester/Embedded Microcontrollers/LPC Workspace/lpc_chip_40xx/Debug/liblpc_chip_40xx.a(sysinit_17xx_40xx.o)
 .text.Chip_Clock_IsMainPLLLocked
                0x0000000000000980       0x28 /Users/danielfaronbi/Google Drive/UNO/Fall 2019 Semmester/Embedded Microcontrollers/LPC Workspace/lpc_chip_40xx/Debug/liblpc_chip_40xx.a(sysinit_17xx_40xx.o)
 .text.Chip_Clock_SetMainPLLSource
                0x00000000000009a8       0x24 /Users/danielfaronbi/Google Drive/UNO/Fall 2019 Semmester/Embedded Microcontrollers/LPC Workspace/lpc_chip_40xx/Debug/liblpc_chip_40xx.a(sysinit_17xx_40xx.o)
 .text.Chip_Clock_SetPCLKDiv
                0x00000000000009cc       0x20 /Users/danielfaronbi/Google Drive/UNO/Fall 2019 Semmester/Embedded Microcontrollers/LPC Workspace/lpc_chip_40xx/Debug/liblpc_chip_40xx.a(sysinit_17xx_40xx.o)
 .text.Chip_SetupIrcClocking
                0x00000000000009ec       0x5c /Users/danielfaronbi/Google Drive/UNO/Fall 2019 Semmester/Embedded Microcontrollers/LPC Workspace/lpc_chip_40xx/Debug/liblpc_chip_40xx.a(sysinit_17xx_40xx.o)
                0x00000000000009ec                Chip_SetupIrcClocking
 .text.Chip_SystemInit
                0x0000000000000a48        0xc /Users/danielfaronbi/Google Drive/UNO/Fall 2019 Semmester/Embedded Microcontrollers/LPC Workspace/lpc_chip_40xx/Debug/liblpc_chip_40xx.a(sysinit_17xx_40xx.o)
                0x0000000000000a48                Chip_SystemInit
 .text.__weak_main
                0x0000000000000a54        0x4 /Applications/MCUXpressoIDE_11.1.0_3209/ide/plugins/com.nxp.mcuxpresso.tools.macosx_11.1.0.201909161352/tools/bin/../lib/gcc/arm-none-eabi/8.3.1/../../../../arm-none-eabi/lib/thumb/v7e-m+fp/softfp/libcr_c.a(__weak__main.o)
                0x0000000000000a54                __main
                0x0000000000000a54                __weak_main
 *(.rodata .rodata.* .constdata .constdata.*)
 .rodata.OscRateIn
                0x0000000000000a58        0x4 ./src/sysinit.o
                0x0000000000000a58                OscRateIn
                0x0000000000000a5c                . = ALIGN (0x4)

.glue_7         0x0000000000000a5c        0x0
 .glue_7        0x0000000000000a5c        0x0 linker stubs

.glue_7t        0x0000000000000a5c        0x0
 .glue_7t       0x0000000000000a5c        0x0 linker stubs

.vfp11_veneer   0x0000000000000a5c        0x0
 .vfp11_veneer  0x0000000000000a5c        0x0 linker stubs

.v4_bx          0x0000000000000a5c        0x0
 .v4_bx         0x0000000000000a5c        0x0 linker stubs

.iplt           0x0000000000000a5c        0x0
 .iplt          0x0000000000000a5c        0x0 ./src/Test.o

.rel.dyn        0x0000000000000a5c        0x0
 .rel.iplt      0x0000000000000a5c        0x0 ./src/Test.o

.ARM.extab
 *(.ARM.extab* .gnu.linkonce.armextab.*)
                0x0000000000000a5c                __exidx_start = .

.ARM.exidx
 *(.ARM.exidx* .gnu.linkonce.armexidx.*)
                0x0000000000000a5c                __exidx_end = .
                0x0000000000000a5c                _etext = .

.data_RAM2      0x0000000020000000        0x0 load address 0x0000000000000a5c
 FILL mask 0xff
                [!provide]                        PROVIDE (__start_data_RAM2 = .)
                [!provide]                        PROVIDE (__start_data_RamPeriph32 = .)
 *(.ramfunc.$RAM2)
 *(.ramfunc.$RamPeriph32)
 *(.data.$RAM2)
 *(.data.$RamPeriph32)
 *(.data.$RAM2.*)
 *(.data.$RamPeriph32.*)
                0x0000000020000000                . = ALIGN (0x4)
                [!provide]                        PROVIDE (__end_data_RAM2 = .)
                [!provide]                        PROVIDE (__end_data_RamPeriph32 = .)

.uninit_RESERVED
                0x0000000010000000        0x0
                0x0000000010000000                _start_uninit_RESERVED = .
 *(.bss.$RESERVED*)
                0x0000000010000000                . = ALIGN (0x4)
                0x0000000010000000                _end_uninit_RESERVED = .

.data           0x0000000010000000        0x0 load address 0x0000000000000a5c
 FILL mask 0xff
                0x0000000010000000                _data = .
                [!provide]                        PROVIDE (__start_data_RAM = .)
                [!provide]                        PROVIDE (__start_data_RamLoc64 = .)
 *(vtable)
 *(.ramfunc*)
 *(CodeQuickAccess)
 *(DataQuickAccess)
 *(RamFunction)
 *(.data*)
                0x0000000010000000                . = ALIGN (0x4)
                0x0000000010000000                _edata = .
                [!provide]                        PROVIDE (__end_data_RAM = .)
                [!provide]                        PROVIDE (__end_data_RamLoc64 = .)

.igot.plt       0x0000000010000000        0x0 load address 0x0000000000000a5c
 .igot.plt      0x0000000010000000        0x0 ./src/Test.o

.bss_RAM2       0x0000000020000000        0x0
                [!provide]                        PROVIDE (__start_bss_RAM2 = .)
                [!provide]                        PROVIDE (__start_bss_RamPeriph32 = .)
 *(.bss.$RAM2)
 *(.bss.$RamPeriph32)
 *(.bss.$RAM2.*)
 *(.bss.$RamPeriph32.*)
                0x0000000020000000                . = ALIGN ((. != 0x0)?0x4:0x1)
                [!provide]                        PROVIDE (__end_bss_RAM2 = .)
                [!provide]                        PROVIDE (__end_bss_RamPeriph32 = .)

.bss            0x0000000010000000        0x8
                0x0000000010000000                _bss = .
                [!provide]                        PROVIDE (__start_bss_RAM = .)
                [!provide]                        PROVIDE (__start_bss_RamLoc64 = .)
 *(.bss*)
 .bss.i.8090    0x0000000010000000        0x4 ./src/Test.o
 *(COMMON)
 COMMON         0x0000000010000004        0x4 /Users/danielfaronbi/Google Drive/UNO/Fall 2019 Semmester/Embedded Microcontrollers/LPC Workspace/lpc_chip_40xx/Debug/liblpc_chip_40xx.a(chip_17xx_40xx.o)
                0x0000000010000004                SystemCoreClock
                0x0000000010000008                . = ALIGN (0x4)
                0x0000000010000008                _ebss = .
                [!provide]                        PROVIDE (__end_bss_RAM = .)
                [!provide]                        PROVIDE (__end_bss_RamLoc64 = .)
                [!provide]                        PROVIDE (end = .)

.noinit_RAM2    0x0000000020000000        0x0
                [!provide]                        PROVIDE (__start_noinit_RAM2 = .)
                [!provide]                        PROVIDE (__start_noinit_RamPeriph32 = .)
 *(.noinit.$RAM2)
 *(.noinit.$RamPeriph32)
 *(.noinit.$RAM2.*)
 *(.noinit.$RamPeriph32.*)
                0x0000000020000000                . = ALIGN (0x4)
                [!provide]                        PROVIDE (__end_noinit_RAM2 = .)
                [!provide]                        PROVIDE (__end_noinit_RamPeriph32 = .)

.noinit         0x0000000010000008        0x0
                0x0000000010000008                _noinit = .
                [!provide]                        PROVIDE (__start_noinit_RAM = .)
                [!provide]                        PROVIDE (__start_noinit_RamLoc64 = .)
 *(.noinit*)
                0x0000000010000008                . = ALIGN (0x4)
                0x0000000010000008                _end_noinit = .
                [!provide]                        PROVIDE (__end_noinit_RAM = .)
                [!provide]                        PROVIDE (__end_noinit_RamLoc64 = .)
                [!provide]                        PROVIDE (_pvHeapStart = DEFINED (__user_heap_base)?__user_heap_base:.)
                0x0000000010010000                PROVIDE (_vStackTop = DEFINED (__user_stack_top)?__user_stack_top:(__top_RamLoc64 - 0x0))
                0xffffffffeffef382                PROVIDE (__valid_user_code_checksum = (0x0 - ((((((_vStackTop + (ResetISR + 0x1)) + (NMI_Handler + 0x1)) + (HardFault_Handler + 0x1)) + (DEFINED (MemManage_Handler)?MemManage_Handler:0x0 + 0x1)) + (DEFINED (BusFault_Handler)?BusFault_Handler:0x0 + 0x1)) + (DEFINED (UsageFault_Handler)?UsageFault_Handler:0x0 + 0x1))))
                0x0000000000000000                _image_start = LOADADDR (.text)
                0x0000000000000a5c                _image_end = (LOADADDR (.data) + SIZEOF (.data))
                0x0000000000000a5c                _image_size = (_image_end - _image_start)
OUTPUT(Test.axf elf32-littlearm)

.debug_info     0x0000000000000000     0x205b
 .debug_info    0x0000000000000000      0x43c ./src/Test.o
 .debug_info    0x000000000000043c      0x267 ./src/cr_startup_lpc407x_8x.o
 .debug_info    0x00000000000006a3       0x3f ./src/crp.o
 .debug_info    0x00000000000006e2      0x1e6 ./src/sysinit.o
 .debug_info    0x00000000000008c8      0x5fa /Users/danielfaronbi/Google Drive/UNO/Fall 2019 Semmester/Embedded Microcontrollers/LPC Workspace/lpc_chip_40xx/Debug/liblpc_chip_40xx.a(chip_17xx_40xx.o)
 .debug_info    0x0000000000000ec2      0xb85 /Users/danielfaronbi/Google Drive/UNO/Fall 2019 Semmester/Embedded Microcontrollers/LPC Workspace/lpc_chip_40xx/Debug/liblpc_chip_40xx.a(clock_17xx_40xx.o)
 .debug_info    0x0000000000001a47      0x128 /Users/danielfaronbi/Google Drive/UNO/Fall 2019 Semmester/Embedded Microcontrollers/LPC Workspace/lpc_chip_40xx/Debug/liblpc_chip_40xx.a(fpu_init.o)
 .debug_info    0x0000000000001b6f      0x4ec /Users/danielfaronbi/Google Drive/UNO/Fall 2019 Semmester/Embedded Microcontrollers/LPC Workspace/lpc_chip_40xx/Debug/liblpc_chip_40xx.a(sysinit_17xx_40xx.o)

.debug_abbrev   0x0000000000000000      0x97d
 .debug_abbrev  0x0000000000000000      0x143 ./src/Test.o
 .debug_abbrev  0x0000000000000143      0x12d ./src/cr_startup_lpc407x_8x.o
 .debug_abbrev  0x0000000000000270       0x36 ./src/crp.o
 .debug_abbrev  0x00000000000002a6       0xcc ./src/sysinit.o
 .debug_abbrev  0x0000000000000372      0x15e /Users/danielfaronbi/Google Drive/UNO/Fall 2019 Semmester/Embedded Microcontrollers/LPC Workspace/lpc_chip_40xx/Debug/liblpc_chip_40xx.a(chip_17xx_40xx.o)
 .debug_abbrev  0x00000000000004d0      0x2b4 /Users/danielfaronbi/Google Drive/UNO/Fall 2019 Semmester/Embedded Microcontrollers/LPC Workspace/lpc_chip_40xx/Debug/liblpc_chip_40xx.a(clock_17xx_40xx.o)
 .debug_abbrev  0x0000000000000784       0x84 /Users/danielfaronbi/Google Drive/UNO/Fall 2019 Semmester/Embedded Microcontrollers/LPC Workspace/lpc_chip_40xx/Debug/liblpc_chip_40xx.a(fpu_init.o)
 .debug_abbrev  0x0000000000000808      0x175 /Users/danielfaronbi/Google Drive/UNO/Fall 2019 Semmester/Embedded Microcontrollers/LPC Workspace/lpc_chip_40xx/Debug/liblpc_chip_40xx.a(sysinit_17xx_40xx.o)

.debug_aranges  0x0000000000000000      0x2f8
 .debug_aranges
                0x0000000000000000       0x58 ./src/Test.o
 .debug_aranges
                0x0000000000000058       0x80 ./src/cr_startup_lpc407x_8x.o
 .debug_aranges
                0x00000000000000d8       0x18 ./src/crp.o
 .debug_aranges
                0x00000000000000f0       0x20 ./src/sysinit.o
 .debug_aranges
                0x0000000000000110       0x30 /Users/danielfaronbi/Google Drive/UNO/Fall 2019 Semmester/Embedded Microcontrollers/LPC Workspace/lpc_chip_40xx/Debug/liblpc_chip_40xx.a(chip_17xx_40xx.o)
 .debug_aranges
                0x0000000000000140      0x138 /Users/danielfaronbi/Google Drive/UNO/Fall 2019 Semmester/Embedded Microcontrollers/LPC Workspace/lpc_chip_40xx/Debug/liblpc_chip_40xx.a(clock_17xx_40xx.o)
 .debug_aranges
                0x0000000000000278       0x20 /Users/danielfaronbi/Google Drive/UNO/Fall 2019 Semmester/Embedded Microcontrollers/LPC Workspace/lpc_chip_40xx/Debug/liblpc_chip_40xx.a(fpu_init.o)
 .debug_aranges
                0x0000000000000298       0x60 /Users/danielfaronbi/Google Drive/UNO/Fall 2019 Semmester/Embedded Microcontrollers/LPC Workspace/lpc_chip_40xx/Debug/liblpc_chip_40xx.a(sysinit_17xx_40xx.o)

.debug_ranges   0x0000000000000000      0x270
 .debug_ranges  0x0000000000000000       0x48 ./src/Test.o
 .debug_ranges  0x0000000000000048       0x70 ./src/cr_startup_lpc407x_8x.o
 .debug_ranges  0x00000000000000b8       0x10 ./src/sysinit.o
 .debug_ranges  0x00000000000000c8       0x20 /Users/danielfaronbi/Google Drive/UNO/Fall 2019 Semmester/Embedded Microcontrollers/LPC Workspace/lpc_chip_40xx/Debug/liblpc_chip_40xx.a(chip_17xx_40xx.o)
 .debug_ranges  0x00000000000000e8      0x128 /Users/danielfaronbi/Google Drive/UNO/Fall 2019 Semmester/Embedded Microcontrollers/LPC Workspace/lpc_chip_40xx/Debug/liblpc_chip_40xx.a(clock_17xx_40xx.o)
 .debug_ranges  0x0000000000000210       0x10 /Users/danielfaronbi/Google Drive/UNO/Fall 2019 Semmester/Embedded Microcontrollers/LPC Workspace/lpc_chip_40xx/Debug/liblpc_chip_40xx.a(fpu_init.o)
 .debug_ranges  0x0000000000000220       0x50 /Users/danielfaronbi/Google Drive/UNO/Fall 2019 Semmester/Embedded Microcontrollers/LPC Workspace/lpc_chip_40xx/Debug/liblpc_chip_40xx.a(sysinit_17xx_40xx.o)

.debug_macro    0x0000000000000000     0x5aa8
 .debug_macro   0x0000000000000000      0x235 ./src/Test.o
 .debug_macro   0x0000000000000235      0x8aa ./src/Test.o
 .debug_macro   0x0000000000000adf       0x10 ./src/Test.o
 .debug_macro   0x0000000000000aef      0x12d ./src/Test.o
 .debug_macro   0x0000000000000c1c      0x5b2 ./src/Test.o
 .debug_macro   0x00000000000011ce       0x22 ./src/Test.o
 .debug_macro   0x00000000000011f0       0x7b ./src/Test.o
 .debug_macro   0x000000000000126b       0x16 ./src/Test.o
 .debug_macro   0x0000000000001281       0x2d ./src/Test.o
 .debug_macro   0x00000000000012ae       0x3b ./src/Test.o
 .debug_macro   0x00000000000012e9       0x2d ./src/Test.o
 .debug_macro   0x0000000000001316       0x42 ./src/Test.o
 .debug_macro   0x0000000000001358      0xd39 ./src/Test.o
 .debug_macro   0x0000000000002091      0x295 ./src/Test.o
 .debug_macro   0x0000000000002326       0x50 ./src/Test.o
 .debug_macro   0x0000000000002376       0x34 ./src/Test.o
 .debug_macro   0x00000000000023aa      0x152 ./src/Test.o
 .debug_macro   0x00000000000024fc       0x82 ./src/Test.o
 .debug_macro   0x000000000000257e      0x48c ./src/Test.o
 .debug_macro   0x0000000000002a0a      0x12d ./src/Test.o
 .debug_macro   0x0000000000002b37       0x6a ./src/Test.o
 .debug_macro   0x0000000000002ba1       0x34 ./src/Test.o
 .debug_macro   0x0000000000002bd5       0x58 ./src/Test.o
 .debug_macro   0x0000000000002c2d      0x236 ./src/Test.o
 .debug_macro   0x0000000000002e63      0x4c5 ./src/Test.o
 .debug_macro   0x0000000000003328      0x1da ./src/Test.o
 .debug_macro   0x0000000000003502       0x10 ./src/Test.o
 .debug_macro   0x0000000000003512      0x21b ./src/Test.o
 .debug_macro   0x000000000000372d      0x1b9 ./src/Test.o
 .debug_macro   0x00000000000038e6       0x2e ./src/Test.o
 .debug_macro   0x0000000000003914       0x40 ./src/Test.o
 .debug_macro   0x0000000000003954      0x209 ./src/Test.o
 .debug_macro   0x0000000000003b5d      0x2b3 ./src/Test.o
 .debug_macro   0x0000000000003e10      0x34c ./src/Test.o
 .debug_macro   0x000000000000415c       0xb2 ./src/Test.o
 .debug_macro   0x000000000000420e       0x16 ./src/Test.o
 .debug_macro   0x0000000000004224       0xb8 ./src/Test.o
 .debug_macro   0x00000000000042dc       0x4c ./src/Test.o
 .debug_macro   0x0000000000004328       0x16 ./src/Test.o
 .debug_macro   0x000000000000433e      0x328 ./src/Test.o
 .debug_macro   0x0000000000004666       0x3a ./src/Test.o
 .debug_macro   0x00000000000046a0       0x16 ./src/Test.o
 .debug_macro   0x00000000000046b6       0xca ./src/Test.o
 .debug_macro   0x0000000000004780       0x18 ./src/Test.o
 .debug_macro   0x0000000000004798       0x16 ./src/Test.o
 .debug_macro   0x00000000000047ae       0x82 ./src/Test.o
 .debug_macro   0x0000000000004830       0x1d ./src/cr_startup_lpc407x_8x.o
 .debug_macro   0x000000000000484d       0x1a ./src/crp.o
 .debug_macro   0x0000000000004867       0x34 ./src/crp.o
 .debug_macro   0x000000000000489b      0x22c ./src/sysinit.o
 .debug_macro   0x0000000000004ac7      0x22c /Users/danielfaronbi/Google Drive/UNO/Fall 2019 Semmester/Embedded Microcontrollers/LPC Workspace/lpc_chip_40xx/Debug/liblpc_chip_40xx.a(chip_17xx_40xx.o)
 .debug_macro   0x0000000000004cf3      0x89e /Users/danielfaronbi/Google Drive/UNO/Fall 2019 Semmester/Embedded Microcontrollers/LPC Workspace/lpc_chip_40xx/Debug/liblpc_chip_40xx.a(chip_17xx_40xx.o)
 .debug_macro   0x0000000000005591      0x22c /Users/danielfaronbi/Google Drive/UNO/Fall 2019 Semmester/Embedded Microcontrollers/LPC Workspace/lpc_chip_40xx/Debug/liblpc_chip_40xx.a(clock_17xx_40xx.o)
 .debug_macro   0x00000000000057bd       0xbf /Users/danielfaronbi/Google Drive/UNO/Fall 2019 Semmester/Embedded Microcontrollers/LPC Workspace/lpc_chip_40xx/Debug/liblpc_chip_40xx.a(fpu_init.o)
 .debug_macro   0x000000000000587c      0x22c /Users/danielfaronbi/Google Drive/UNO/Fall 2019 Semmester/Embedded Microcontrollers/LPC Workspace/lpc_chip_40xx/Debug/liblpc_chip_40xx.a(sysinit_17xx_40xx.o)

.debug_line     0x0000000000000000     0x20ba
 .debug_line    0x0000000000000000      0x5cb ./src/Test.o
 .debug_line    0x00000000000005cb       0xdc ./src/cr_startup_lpc407x_8x.o
 .debug_line    0x00000000000006a7       0x7f ./src/crp.o
 .debug_line    0x0000000000000726      0x4db ./src/sysinit.o
 .debug_line    0x0000000000000c01      0x512 /Users/danielfaronbi/Google Drive/UNO/Fall 2019 Semmester/Embedded Microcontrollers/LPC Workspace/lpc_chip_40xx/Debug/liblpc_chip_40xx.a(chip_17xx_40xx.o)
 .debug_line    0x0000000000001113      0x7d2 /Users/danielfaronbi/Google Drive/UNO/Fall 2019 Semmester/Embedded Microcontrollers/LPC Workspace/lpc_chip_40xx/Debug/liblpc_chip_40xx.a(clock_17xx_40xx.o)
 .debug_line    0x00000000000018e5      0x234 /Users/danielfaronbi/Google Drive/UNO/Fall 2019 Semmester/Embedded Microcontrollers/LPC Workspace/lpc_chip_40xx/Debug/liblpc_chip_40xx.a(fpu_init.o)
 .debug_line    0x0000000000001b19      0x5a1 /Users/danielfaronbi/Google Drive/UNO/Fall 2019 Semmester/Embedded Microcontrollers/LPC Workspace/lpc_chip_40xx/Debug/liblpc_chip_40xx.a(sysinit_17xx_40xx.o)

.debug_str      0x0000000000000000    0x179c4
 .debug_str     0x0000000000000000    0x16926 ./src/Test.o
                                      0x16a1f (size before relaxing)
 .debug_str     0x0000000000016926      0x1cc ./src/cr_startup_lpc407x_8x.o
                                       0x277f (size before relaxing)
 .debug_str     0x0000000000016af2       0xe9 ./src/crp.o
                                       0x268d (size before relaxing)
 .debug_str     0x0000000000016bdb      0x1f9 ./src/sysinit.o
                                      0x16462 (size before relaxing)
 .debug_str     0x0000000000016dd4      0x3ad /Users/danielfaronbi/Google Drive/UNO/Fall 2019 Semmester/Embedded Microcontrollers/LPC Workspace/lpc_chip_40xx/Debug/liblpc_chip_40xx.a(chip_17xx_40xx.o)
                                      0x1692c (size before relaxing)
 .debug_str     0x0000000000017181      0x6b4 /Users/danielfaronbi/Google Drive/UNO/Fall 2019 Semmester/Embedded Microcontrollers/LPC Workspace/lpc_chip_40xx/Debug/liblpc_chip_40xx.a(clock_17xx_40xx.o)
                                      0x16db3 (size before relaxing)
 .debug_str     0x0000000000017835       0xb5 /Users/danielfaronbi/Google Drive/UNO/Fall 2019 Semmester/Embedded Microcontrollers/LPC Workspace/lpc_chip_40xx/Debug/liblpc_chip_40xx.a(fpu_init.o)
                                       0x9998 (size before relaxing)
 .debug_str     0x00000000000178ea       0xda /Users/danielfaronbi/Google Drive/UNO/Fall 2019 Semmester/Embedded Microcontrollers/LPC Workspace/lpc_chip_40xx/Debug/liblpc_chip_40xx.a(sysinit_17xx_40xx.o)
                                      0x1658f (size before relaxing)

.comment        0x0000000000000000       0xe4
 .comment       0x0000000000000000       0x6e ./src/Test.o
                                         0x6f (size before relaxing)
 .comment       0x000000000000006e       0x6f ./src/cr_startup_lpc407x_8x.o
 .comment       0x000000000000006e       0x6f ./src/crp.o
 .comment       0x000000000000006e       0x6f ./src/sysinit.o
 .comment       0x000000000000006e       0x6f /Users/danielfaronbi/Google Drive/UNO/Fall 2019 Semmester/Embedded Microcontrollers/LPC Workspace/lpc_chip_40xx/Debug/liblpc_chip_40xx.a(chip_17xx_40xx.o)
 .comment       0x000000000000006e       0x6f /Users/danielfaronbi/Google Drive/UNO/Fall 2019 Semmester/Embedded Microcontrollers/LPC Workspace/lpc_chip_40xx/Debug/liblpc_chip_40xx.a(clock_17xx_40xx.o)
 .comment       0x000000000000006e       0x6f /Users/danielfaronbi/Google Drive/UNO/Fall 2019 Semmester/Embedded Microcontrollers/LPC Workspace/lpc_chip_40xx/Debug/liblpc_chip_40xx.a(fpu_init.o)
 .comment       0x000000000000006e       0x6f /Users/danielfaronbi/Google Drive/UNO/Fall 2019 Semmester/Embedded Microcontrollers/LPC Workspace/lpc_chip_40xx/Debug/liblpc_chip_40xx.a(sysinit_17xx_40xx.o)
 .comment       0x000000000000006e       0x76 /Applications/MCUXpressoIDE_11.1.0_3209/ide/plugins/com.nxp.mcuxpresso.tools.macosx_11.1.0.201909161352/tools/bin/../lib/gcc/arm-none-eabi/8.3.1/../../../../arm-none-eabi/lib/thumb/v7e-m+fp/softfp/libcr_c.a(__weak__main.o)
                                         0x77 (size before relaxing)

.ARM.attributes
                0x0000000000000000       0x37
 .ARM.attributes
                0x0000000000000000       0x37 ./src/Test.o
 .ARM.attributes
                0x0000000000000037       0x37 ./src/cr_startup_lpc407x_8x.o
 .ARM.attributes
                0x000000000000006e       0x37 ./src/crp.o
 .ARM.attributes
                0x00000000000000a5       0x37 ./src/sysinit.o
 .ARM.attributes
                0x00000000000000dc       0x37 /Users/danielfaronbi/Google Drive/UNO/Fall 2019 Semmester/Embedded Microcontrollers/LPC Workspace/lpc_chip_40xx/Debug/liblpc_chip_40xx.a(chip_17xx_40xx.o)
 .ARM.attributes
                0x0000000000000113       0x37 /Users/danielfaronbi/Google Drive/UNO/Fall 2019 Semmester/Embedded Microcontrollers/LPC Workspace/lpc_chip_40xx/Debug/liblpc_chip_40xx.a(clock_17xx_40xx.o)
 .ARM.attributes
                0x000000000000014a       0x37 /Users/danielfaronbi/Google Drive/UNO/Fall 2019 Semmester/Embedded Microcontrollers/LPC Workspace/lpc_chip_40xx/Debug/liblpc_chip_40xx.a(fpu_init.o)
 .ARM.attributes
                0x0000000000000181       0x37 /Users/danielfaronbi/Google Drive/UNO/Fall 2019 Semmester/Embedded Microcontrollers/LPC Workspace/lpc_chip_40xx/Debug/liblpc_chip_40xx.a(sysinit_17xx_40xx.o)
 .ARM.attributes
                0x00000000000001b8       0x32 /Applications/MCUXpressoIDE_11.1.0_3209/ide/plugins/com.nxp.mcuxpresso.tools.macosx_11.1.0.201909161352/tools/bin/../lib/gcc/arm-none-eabi/8.3.1/../../../../arm-none-eabi/lib/thumb/v7e-m+fp/softfp/libcr_c.a(__weak__main.o)

.debug_frame    0x0000000000000000      0x9b4
 .debug_frame   0x0000000000000000      0x134 ./src/Test.o
 .debug_frame   0x0000000000000134      0x170 ./src/cr_startup_lpc407x_8x.o
 .debug_frame   0x00000000000002a4       0x34 ./src/sysinit.o
 .debug_frame   0x00000000000002d8       0x70 /Users/danielfaronbi/Google Drive/UNO/Fall 2019 Semmester/Embedded Microcontrollers/LPC Workspace/lpc_chip_40xx/Debug/liblpc_chip_40xx.a(chip_17xx_40xx.o)
 .debug_frame   0x0000000000000348      0x500 /Users/danielfaronbi/Google Drive/UNO/Fall 2019 Semmester/Embedded Microcontrollers/LPC Workspace/lpc_chip_40xx/Debug/liblpc_chip_40xx.a(clock_17xx_40xx.o)
 .debug_frame   0x0000000000000848       0x38 /Users/danielfaronbi/Google Drive/UNO/Fall 2019 Semmester/Embedded Microcontrollers/LPC Workspace/lpc_chip_40xx/Debug/liblpc_chip_40xx.a(fpu_init.o)
 .debug_frame   0x0000000000000880      0x134 /Users/danielfaronbi/Google Drive/UNO/Fall 2019 Semmester/Embedded Microcontrollers/LPC Workspace/lpc_chip_40xx/Debug/liblpc_chip_40xx.a(sysinit_17xx_40xx.o)
